******************************************************************************
                  TI ARM Linker PC v20.2.5                     
******************************************************************************
>> Linked Tue May  3 12:22:30 2022

OUTPUT FILE NAME:   <usb_dev_serial.out>
ENTRY POINT SYMBOL: "_c_int00_noargs"  address: 00003fe5


MEMORY CONFIGURATION

         name            origin    length      used     unused   attr    fill
----------------------  --------  ---------  --------  --------  ----  --------
  FLASH                 00000000   00040000  00005236  0003adca  R  X
  SRAM                  20000000   00008000  00000a6d  00007593  RW X


SEGMENT ALLOCATION MAP

run origin  load origin   length   init length attrs members
----------  ----------- ---------- ----------- ----- -------
00000000    00000000    00005238   00005238    r-x
  00000000    00000000    0000026c   0000026c    r-- .intvecs
  0000026c    0000026c    00004a4a   00004a4a    r-x .text
  00004cb8    00004cb8    000004b8   000004b8    r-- .const
  00005170    00005170    000000c8   000000c8    r-- .cinit
20000000    20000000    00000a70   00000000    rw-
  20000000    20000000    00000505   00000000    rw- .bss
  20000508    20000508    00000400   00000000    rw- .stack
  20000908    20000908    00000168   00000000    rw- .data


SECTION ALLOCATION MAP

 output                                  attributes/
section   page    origin      length       input sections
--------  ----  ----------  ----------   ----------------
.intvecs   0    00000000    0000026c     
                  00000000    0000026c     startup_ccs.obj (.intvecs)

.text      0    0000026c    00004a4a     
                  0000026c    000003c8     rtsv7M4_T_le_v4SPD16_eabi.lib : strtof.c.obj (.text:strtof)
                  00000634    00000280     usb_dev_serial.obj (.text:main)
                  000008b4    000001e7     gps.obj (.text:parse_term)
                  00000a9b    00000001     --HOLE-- [fill = 0]
                  00000a9c    000001b6     rtsv7M4_T_le_v4SPD16_eabi.lib : fd_add_t2.asm.obj (.text)
                  00000c52    00000002     startup_ccs.obj (.text:FaultISR)
                  00000c54    00000164     usblib.lib : usbdma.obj (.text:USBLibDMAInit)
                  00000db8    00000150                : usbdenum.obj (.text:USBDCDInit)
                  00000f08    00000150                : usbdenum.obj (.text:USBDEP0StateTxConfig)
                  00001058    00000150                : usbdenum.obj (.text:USBDeviceIntHandlerInternal)
                  000011a8    00000148                : usbdconfig.obj (.text:USBDeviceConfig)
                  000012f0    00000136     rtsv7M4_T_le_v4SPD16_eabi.lib : fd_div_t2.asm.obj (.text)
                  00001426    00000132     driverlib.lib : gpio.obj (.text:GPIOPadConfigSet)
                  00001558    00000110                   : sysctl.obj (.text:SysCtlClockGet)
                  00001668    000000fc     rtsv7M4_T_le_v4SPD16_eabi.lib : fd_mul_t2.asm.obj (.text)
                  00001764    000000f4     usblib.lib : usbdma.obj (.text:iDMAUSBTransfer)
                  00001858    000000e4                : usbdenum.obj (.text:USBDGetDescriptor)
                  0000193c    000000e2     gps.obj (.text:gps_process)
                  00001a1e    00000002     startup_ccs.obj (.text:IntDefaultHandler)
                  00001a20    000000dc     usb_dev_serial.obj (.text:ControlHandler)
                  00001afc    000000dc     usblib.lib : usbdcdc.obj (.text:USBDCDCCompositeInit)
                  00001bd8    000000d8                : usbdenum.obj (.text:USBDeviceEnumHandler)
                  00001cb0    000000d4                : usbdcdc.obj (.text:HandleRequests)
                  00001d84    000000d0     rtsv7M4_T_le_v4SPD16_eabi.lib : s_scalbnf.c.obj (.text:scalbnf)
                  00001e54    000000d0     usblib.lib : usbdma.obj (.text:uDMAUSBChannelAllocate)
                  00001f24    000000c0                : usbbuffer.obj (.text:HandleRxAvailable)
                  00001fe4    000000bc                : usbdma.obj (.text:uDMAUSBTransfer)
                  000020a0    000000b4                : usbdcdc.obj (.text:HandleDevice)
                  00002154    000000a6     gps.obj (.text:copy_from_tmp_memory)
                  000021fa    00000002     startup_ccs.obj (.text:NmiSR)
                  000021fc    000000a0     usb_dev_serial.obj (.text:UART_Init)
                  0000229c    0000009c     rtsv7M4_T_le_v4SPD16_eabi.lib : memcpy_t2.asm.obj (.text)
                  00002338    00000098     usblib.lib : usbdenum.obj (.text:USBDSetInterface)
                  000023d0    00000096                : usbdcdc.obj (.text:CDCTickHandler)
                  00002466    00000094                : usbdcdc.obj (.text:SendSerialState)
                  000024fa    00000092                : usbbuffer.obj (.text:ScheduleNextTransmission)
                  0000258c    00000090                : usbdcdc.obj (.text:USBDCDCPacketRead)
                  0000261c    00000090                : usbdenum.obj (.text:USBDSetConfiguration)
                  000026ac    0000008c     usb_dev_serial.obj (.text:GetLineCoding)
                  00002738    0000008c     usblib.lib : usbdconfig.obj (.text:USBDeviceConfigAlternate)
                  000027c4    00000088                : usbdma.obj (.text:iDMAUSBChannelAllocate)
                  0000284c    00000084     driverlib.lib : udma.obj (.text:uDMAChannelTransferSet)
                  000028d0    0000007c     usb_dev_serial.obj (.text:Timer0IntHandler)
                  0000294c    0000007c     usb_dev_serial.obj (.text:UART2IntHandler)
                  000029c8    0000007c     usblib.lib : usbdenum.obj (.text:USBDClearFeature)
                  00002a44    0000007a     driverlib.lib : usb.obj (.text:USBDevEndpointConfigSet)
                  00002abe    0000007a     rtsv7M4_T_le_v4SPD16_eabi.lib : memset_t2.asm.obj (.text)
                  00002b38    00000078     usblib.lib : usbdenum.obj (.text:USBDGetStatus)
                  00002bb0    00000074     usb_dev_serial.obj (.text:SetLineCoding)
                  00002c24    00000072     usblib.lib : usbdcdc.obj (.text:ProcessDataFromHost)
                  00002c96    00000072                : usbdma.obj (.text:uDMAUSBUnitSizeSet)
                  00002d08    00000070     usb_dev_serial.obj (.text:ReadUARTData)
                  00002d78    00000070     usblib.lib : usbdenum.obj (.text:USBDEP0StateTx)
                  00002de8    00000070                : usbdenum.obj (.text:USBDSetFeature)
                  00002e58    00000070                : usbdma.obj (.text:uDMAUSBArbSizeSet)
                  00002ec8    0000006c                : usbdcdc.obj (.text:ProcessDataToHost)
                  00002f34    00000068     driverlib.lib : interrupt.obj (.text:IntDisable)
                  00002f9c    00000068                   : interrupt.obj (.text:IntEnable)
                  00003004    00000068     rtsv7M4_T_le_v4SPD16_eabi.lib : copy_decompress_lzss.c.obj (.text:decompress:lzss:__TI_decompress_lzss)
                  0000306c    00000064     driverlib.lib : interrupt.obj (.text:IntIsEnabled)
                  000030d0    00000064     usblib.lib : usbbuffer.obj (.text:USBBufferEventCallback)
                  00003134    00000064     usb_dev_serial.obj (.text:USBUARTIntHandler)
                  00003198    00000064     gps.obj (.text:parse_lat_long)
                  000031fc    00000064     usblib.lib : usbdma.obj (.text:uDMAUSBChannelEnable)
                  00003260    00000060                : usbdcdc.obj (.text:USBDCDCPacketWrite)
                  000032c0    00000060                : usbdenum.obj (.text:USBDReadAndDispatchRequest)
                  00003320    0000005e     driverlib.lib : usb.obj (.text:USBDevEndpointStatusClear)
                  0000337e    0000005e     gps_buff.obj (.text:buff_read)
                  000033dc    0000005e     gps_buff.obj (.text:buff_write)
                  0000343a    0000005c     gps.obj (.text:check_crc)
                  00003496    00000002     usblib.lib : usbdma.obj (.text:iDMAUSBArbSizeSet)
                  00003498    00000054     usb_dev_serial.obj (.text:USBUARTPrimeTransmit)
                  000034ec    00000052     usblib.lib : usbulpi.obj (.text:ULPIConfigSet)
                  0000353e    00000052                : usbdma.obj (.text:uDMAUSBChannelRelease)
                  00003590    00000050     driverlib.lib : sysctl.obj (.text:SysCtlPeripheralReset)
                  000035e0    00000050     usblib.lib : usbdcdc.obj (.text:USBDCDCInit)
                  00003630    00000050                : usbdcdesc.obj (.text:USBDCDConfigDescGet)
                  00003680    00000050                : usbdenum.obj (.text:USBDeviceResumeTickHandler)
                  000036d0    0000004c                : usbdconfig.obj (.text:GetEPDescriptorType)
                  0000371c    0000004c                : usbdenum.obj (.text:USBDStringIndexFromRequest)
                  00003768    0000004c     driverlib.lib : usb.obj (.text:USBEndpointDMAConfigSet)
                  000037b4    0000004c     usblib.lib : usbdma.obj (.text:iDMAUSBChannelEnable)
                  00003800    0000004a                : usbdcdesc.obj (.text:ConfigAlternateInterfaceGet)
                  0000384a    0000004a                : usbdcdc.obj (.text:HandleEP0Data)
                  00003894    0000004a                : usbdcdc.obj (.text:HandleEndpoints)
                  000038de    0000004a     driverlib.lib : usb.obj (.text:USBDevEndpointStallClear)
                  00003928    00000048                   : gpio.obj (.text:GPIOPinConfigure)
                  00003970    00000048     usblib.lib : usbdenum.obj (.text:USBDCDDeviceInfoInit)
                  000039b8    00000048                : usbdenum.obj (.text:USBDeviceEnumResetHandler)
                  00003a00    00000048     rtsv7M4_T_le_v4SPD16_eabi.lib : fd_toi_t2.asm.obj (.text)
                  00003a48    00000048     driverlib.lib : udma.obj (.text:uDMAChannelAttributeDisable)
                  00003a90    00000048     usblib.lib : usbdma.obj (.text:uDMAUSBChannelDisable)
                  00003ad8    00000046     driverlib.lib : uart.obj (.text:UARTConfigSetExpClk)
                  00003b1e    00000046                   : usb.obj (.text:USBEndpointDataGet)
                  00003b64    00000044     usb_dev_serial.obj (.text:RxHandler)
                  00003ba8    00000044     usblib.lib : usbdenum.obj (.text:USBDGetInterface)
                  00003bec    00000044     rtsv7M4_T_le_v4SPD16_eabi.lib : autoinit.c.obj (.text:__TI_auto_init_nobinit_nopinit:__TI_auto_init_nobinit_nopinit)
                  00003c30    00000042     gps.obj (.text:parse_number)
                  00003c72    0000003a     driverlib.lib : usb.obj (.text:USBFIFOConfigSet)
                  00003cac    00000038     usblib.lib : usbtick.obj (.text:InternalUSBRegisterTickHandler)
                  00003ce4    00000038                : usbtick.obj (.text:InternalUSBStartOfFrameTick)
                  00003d1c    00000038     usb_dev_serial.obj (.text:SendBreak)
                  00003d54    00000038     usblib.lib : usbdcdc.obj (.text:SendBreak)
                  00003d8c    00000038     driverlib.lib : sysctl.obj (.text:SysCtlPeripheralReady)
                  00003dc4    00000038     usblib.lib : usbdcdesc.obj (.text:USBDCDConfigGetInterfaceEndpoint)
                  00003dfc    00000038     driverlib.lib : usb.obj (.text:USBIntStatusControl)
                  00003e34    00000038     usblib.lib : usbringbuf.obj (.text:USBRingBufAdvanceWrite)
                  00003e6c    00000038                : usbdma.obj (.text:iDMAUSBChannelRelease)
                  00003ea4    00000038     rtsv7M4_T_le_v4SPD16_eabi.lib : fs_tod_t2.asm.obj (.text)
                  00003edc    00000036     driverlib.lib : usb.obj (.text:USBEndpointDataPut)
                  00003f12    00000034     usblib.lib : usbdcdc.obj (.text:HandleConfigChange)
                  00003f46    00000034                : usbdcdesc.obj (.text:NextConfigDescGet)
                  00003f7a    00000002                : usbdma.obj (.text:iDMAUSBUnitSizeSet)
                  00003f7c    00000034     driverlib.lib : sysctl.obj (.text:SysCtlPeripheralEnable)
                  00003fb0    00000034                   : usb.obj (.text:USBEndpointDataSend)
                  00003fe4    00000034     rtsv7M4_T_le_v4SPD16_eabi.lib : boot_cortex_m.c.obj (.text:_c_int00_noargs:_c_int00_noargs)
                  00004018    00000034     usblib.lib : usbdma.obj (.text:iDMAUSBChannelStatus)
                  0000404c    00000032                : usbdcdc.obj (.text:ProcessNotificationToHost)
                  0000407e    00000032     driverlib.lib : usb.obj (.text:USBDevEndpointStall)
                  000040b0    00000030     usblib.lib : usbdma.obj (.text:DMAUSBIntHandler)
                  000040e0    00000030                : usbtick.obj (.text:InternalUSBTickInit)
                  00004110    00000030                : usbdenum.obj (.text:USBDGetConfiguration)
                  00004140    00000030                : usbdma.obj (.text:iDMAUSBChannelDisable)
                  00004170    0000002e                : usbbuffer.obj (.text:USBBufferWrite)
                  0000419e    0000002e                : usbdcdc.obj (.text:USBDCDCRxPacketAvailable)
                  000041cc    0000002e                : usbringbuf.obj (.text:UpdateIndexAtomic)
                  000041fa    0000002e     gps.obj (.text:parse_float_number)
                  00004228    0000002e     rtsv7M4_T_le_v4SPD16_eabi.lib : i_tofd_t2.asm.obj (.text)
                  00004256    0000002c     usblib.lib : usbdcdesc.obj (.text:USBDCDConfigDescGetNum)
                  00004282    0000002c                : usbdesc.obj (.text:USBDescGet)
                  000042ae    0000002c     rtsv7M4_T_le_v4SPD16_eabi.lib : strncmp.c.obj (.text:strncmp)
                  000042da    0000002c     usblib.lib : usbdma.obj (.text:uDMAUSBIntStatus)
                  00004306    0000002a     usb_dev_serial.obj (.text:CheckForSerialStateChange)
                  00004330    0000002a     driverlib.lib : gpio.obj (.text:GPIODirModeSet)
                  0000435a    0000002a     usblib.lib : usbbuffer.obj (.text:HandleRequestBuffer)
                  00004384    0000002a                : usbdcdc.obj (.text:USBDCDCSerialStateChange)
                  000043ae    0000002a                : usbdesc.obj (.text:USBDescGetNum)
                  000043d8    0000002a     driverlib.lib : usb.obj (.text:USBDevEndpointDataAck)
                  00004402    00000028     usblib.lib : usbbuffer.obj (.text:USBBufferRead)
                  0000442a    00000002                : usbdma.obj (.text:uDMAUSBChannelIntDisable)
                  0000442c    00000028                : usbdenum.obj (.text:USBDSetAddress)
                  00004454    00000028     driverlib.lib : usb.obj (.text:USBIntEnableControl)
                  0000447c    00000028     gps_buff.obj (.text:buff_get_free)
                  000044a4    00000028     driverlib.lib : udma.obj (.text:uDMAChannelModeGet)
                  000044cc    00000026     gps_buff.obj (.text:buff_init)
                  000044f2    00000024     usblib.lib : usbdcdc.obj (.text:HandleDisconnect)
                  00004516    00000024                : usbdcdc.obj (.text:SendLineStateChange)
                  0000453a    00000024     driverlib.lib : usb.obj (.text:USBEndpointDMADisable)
                  0000455e    00000024                   : usb.obj (.text:USBEndpointDMAEnable)
                  00004582    00000002     usblib.lib : usbdma.obj (.text:uDMAUSBChannelIntEnable)
                  00004584    00000024                : usbmode.obj (.text:USBStackModeSet)
                  000045a8    00000024     driverlib.lib : udma.obj (.text:uDMAChannelControlSet)
                  000045cc    00000022     usblib.lib : usbdcdc.obj (.text:SendLineCodingChange)
                  000045ee    00000022     gps_buff.obj (.text:buff_get_full)
                  00004610    00000022     usblib.lib : usbdma.obj (.text:uDMAUSBChannelStatus)
                  00004632    00000020                : usbdcdc.obj (.text:CheckAndSendBreak)
                  00004652    00000020                : usbdconfig.obj (.text:GetEndpointFIFOSize)
                  00004672    00000020                : usbbuffer.obj (.text:HandleDataRemaining)
                  00004692    00000002     --HOLE-- [fill = 0]
                  00004694    00000020     driverlib.lib : uart.obj (.text:UARTDisable)
                  000046b4    00000020     usblib.lib : usbringbuf.obj (.text:USBRingBufAdvanceRead)
                  000046d4    0000001e                : usbringbuf.obj (.text:USBRingBufContigFree)
                  000046f2    0000001e     driverlib.lib : usb.obj (.text:USBULPIRegRead)
                  00004710    0000001e                   : usb.obj (.text:USBULPIRegWrite)
                  0000472e    0000001c     usblib.lib : usbdcdesc.obj (.text:USBDCDConfigGetInterface)
                  0000474a    00000002     --HOLE-- [fill = 0]
                  0000474c    0000001c                : usbdenum.obj (.text:USBDCDStallEP0)
                  00004768    0000001c     driverlib.lib : usb.obj (.text:USBEndpointDataAvail)
                  00004784    0000001c     usblib.lib : usbringbuf.obj (.text:USBRingBufRead)
                  000047a0    0000001c                : usbringbuf.obj (.text:USBRingBufWrite)
                  000047bc    0000001a                : usbdcdc.obj (.text:DeviceConsumedAllData)
                  000047d6    0000001a                : usbdcdesc.obj (.text:USBDCDConfigDescGetSize)
                  000047f0    0000001a     driverlib.lib : usb.obj (.text:USBEndpointDMAChannel)
                  0000480a    00000018     usblib.lib : usbdcdc.obj (.text:SetDeferredOpFlag)
                  00004822    00000002     --HOLE-- [fill = 0]
                  00004824    00000018                : usbdhandler.obj (.text:USB0DeviceIntHandler)
                  0000483c    00000018                : usbbuffer.obj (.text:USBBufferInit)
                  00004854    00000018                : usbdenum.obj (.text:USBDCDFeatureGet)
                  0000486c    00000018                : usbdenum.obj (.text:USBDSetDescriptor)
                  00004884    00000018                : usbdenum.obj (.text:USBDSyncFrame)
                  0000489c    00000018     rtsv7M4_T_le_v4SPD16_eabi.lib : s_copysignf.c.obj (.text:copysignf)
                  000048b4    00000018     driverlib.lib : udma.obj (.text:uDMAChannelDisable)
                  000048cc    00000018                   : udma.obj (.text:uDMAChannelEnable)
                  000048e4    00000016     usblib.lib : usbdcdc.obj (.text:CheckAndSendLineCodingChange)
                  000048fa    00000016                : usbdcdc.obj (.text:CheckAndSendLineStateChange)
                  00004910    00000016     driverlib.lib : usb.obj (.text:USBIntEnableEndpoint)
                  00004926    00000016     usblib.lib : usbringbuf.obj (.text:USBRingBufFlush)
                  0000493c    00000016                : usbringbuf.obj (.text:USBRingBufReadOne)
                  00004952    00000016                : usbringbuf.obj (.text:USBRingBufUsed)
                  00004968    00000014                : usbbuffer.obj (.text:HandleTxComplete)
                  0000497c    00000014     driverlib.lib : sysctl.obj (.text:SysCtlUSBPLLEnable)
                  00004990    00000014                   : uart.obj (.text:UARTEnable)
                  000049a4    00000014     usblib.lib : usbdcdc.obj (.text:USBDCDCTxPacketAvailable)
                  000049b8    00000014                : usbdenum.obj (.text:USBDCDRequestDataEP0)
                  000049cc    00000014                : usbdenum.obj (.text:USBDCDSendDataEP0)
                  000049e0    00000014     driverlib.lib : usb.obj (.text:USBDMAChannelConfigSet)
                  000049f4    00000014                   : usb.obj (.text:USBHostResume)
                  00004a08    00000014                   : usb.obj (.text:_USBIndexWrite)
                  00004a1c    00000012                   : gpio.obj (.text:GPIOPinTypeUART)
                  00004a2e    00000012     usblib.lib : usbdcdc.obj (.text:HandleResume)
                  00004a40    00000012                : usbdcdc.obj (.text:HandleSuspend)
                  00004a52    00000012     driverlib.lib : usb.obj (.text:USBDMAChannelDisable)
                  00004a64    00000012                   : usb.obj (.text:USBDMAChannelEnable)
                  00004a76    00000012                   : usb.obj (.text:USBDMAChannelIntDisable)
                  00004a88    00000012                   : usb.obj (.text:USBDMAChannelIntEnable)
                  00004a9a    00000012     usblib.lib : usbringbuf.obj (.text:USBRingBufFree)
                  00004aac    00000010     driverlib.lib : interrupt.obj (.text:IntMasterDisable)
                  00004abc    00000010                   : interrupt.obj (.text:IntMasterEnable)
                  00004acc    00000010     usb_dev_serial.obj (.text:SysTickIntHandler)
                  00004adc    00000010     driverlib.lib : usb.obj (.text:USBEndpointStatus)
                  00004aec    00000010     usblib.lib : usbringbuf.obj (.text:USBRingBufContigUsed)
                  00004afc    00000010                : usbringbuf.obj (.text:USBRingBufWriteOne)
                  00004b0c    0000000e                : usbdma.obj (.text:DMAUSBIntStatusClear)
                  00004b1a    0000000e     driverlib.lib : uart.obj (.text:UARTCharsAvail)
                  00004b28    0000000e                   : usb.obj (.text:USBDMAChannelStatus)
                  00004b36    0000000e                   : usb.obj (.text:USBDevLPMDisable)
                  00004b44    0000000e                   : usb.obj (.text:USBDevLPMEnable)
                  00004b52    0000000e                   : usb.obj (.text:USBULPIDisable)
                  00004b60    0000000e                   : usb.obj (.text:USBULPIEnable)
                  00004b6e    0000000e     rtsv7M4_T_le_v4SPD16_eabi.lib : copy_decompress_none.c.obj (.text:decompress:none:__TI_decompress_none)
                  00004b7c    0000000e     gps.obj (.text:gps_init)
                  00004b8a    0000000c     driverlib.lib : cpu.obj (.text:CPUcpsid)
                  00004b96    0000000c                   : cpu.obj (.text:CPUcpsie)
                  00004ba2    0000000c                   : usb.obj (.text:USBEndpointPacketCountSet)
                  00004bae    0000000c                   : usb.obj (.text:USBLPMIntEnable)
                  00004bba    0000000c     usblib.lib : usbringbuf.obj (.text:USBRingBufInit)
                  00004bc6    0000000c     rtsv7M4_T_le_v4SPD16_eabi.lib : copy_zero_init.c.obj (.text:decompress:ZI:__TI_zero_init)
                  00004bd2    0000000a     driverlib.lib : uart.obj (.text:UARTCharGet)
                  00004bdc    0000000a                   : uart.obj (.text:UARTIntStatus)
                  00004be6    0000000a                   : usb.obj (.text:USBClockEnable)
                  00004bf0    0000000a                   : usb.obj (.text:USBControllerVersion)
                  00004bfa    0000000a                   : usb.obj (.text:USBDMAChannelAddressSet)
                  00004c04    0000000a                   : usb.obj (.text:USBDMAChannelCountSet)
                  00004c0e    0000000a                   : usb.obj (.text:USBDevConnect)
                  00004c18    0000000a                   : usb.obj (.text:USBDevDisconnect)
                  00004c22    0000000a                   : usb.obj (.text:USBIntStatusEndpoint)
                  00004c2c    00000008                   : uart.obj (.text:UARTIntEnable)
                  00004c34    00000008                   : usb.obj (.text:USBDevMode)
                  00004c3c    00000008                   : usb.obj (.text:USBFIFOAddrGet)
                  00004c44    00000008                   : usb.obj (.text:USBOTGMode)
                  00004c4c    00000008     rtsv7M4_T_le_v4SPD16_eabi.lib : errno.c.obj (.text:__aeabi_errno_addr)
                  00004c54    00000008     usblib.lib : usbdma.obj (.text:iDMAUSBChannelIntDisable)
                  00004c5c    00000008                : usbdma.obj (.text:iDMAUSBChannelIntEnable)
                  00004c64    00000006     startup_ccs.obj (.text:ResetISR)
                  00004c6a    00000006     driverlib.lib : uart.obj (.text:UARTFIFOLevelSet)
                  00004c70    00000006     usblib.lib : usbbuffer.obj (.text:USBBufferDataAvailable)
                  00004c76    00000006                : usbbuffer.obj (.text:USBBufferFlush)
                  00004c7c    00000006                : usbbuffer.obj (.text:USBBufferSpaceAvailable)
                  00004c82    00000006     driverlib.lib : usb.obj (.text:USBDMAChannelIntStatus)
                  00004c88    00000006                   : usb.obj (.text:USBDevLPMConfig)
                  00004c8e    00000006                   : usb.obj (.text:USBLPMIntStatus)
                  00004c94    00000006     usblib.lib : usbdma.obj (.text:iDMAUSBIntStatus)
                  00004c9a    00000004                : usbdma.obj (.text:DMAUSBStatus)
                  00004c9e    00000004     driverlib.lib : timer.obj (.text:TimerIntClear)
                  00004ca2    00000004     usb_dev_serial.obj (.text:TxHandler)
                  00004ca6    00000004     driverlib.lib : uart.obj (.text:UARTIntClear)
                  00004caa    00000004                   : usb.obj (.text:USBDevAddrSet)
                  00004cae    00000004     rtsv7M4_T_le_v4SPD16_eabi.lib : pre_init.c.obj (.text:_system_pre_init)
                  00004cb2    00000004                                   : exit.c.obj (.text:abort:abort)

.const     0    00004cb8    000004b8     
                  00004cb8    00000101     rtsv7M4_T_le_v4SPD16_eabi.lib : ctype.c.obj (.const:.string:_ctypes_)
                  00004db9    00000003     --HOLE-- [fill = 0]
                  00004dbc    00000090     driverlib.lib : gpio.obj (.const:g_pui32GPIOBaseAddrs)
                  00004e4c    00000070                   : interrupt.obj (.const)
                  00004ebc    0000006c                   : sysctl.obj (.const:g_pui32Xtals)
                  00004f28    00000058     rtsv7M4_T_le_v4SPD16_eabi.lib : strtof.c.obj (.const:$O1$$)
                  00004f80    00000036     usb_serial_structs.obj (.const:.string:g_pui8ConfigString)
                  00004fb6    00000002     --HOLE-- [fill = 0]
                  00004fb8    00000034     usblib.lib : usbdenum.obj (.const:g_psUSBDStdRequests)
                  00004fec    00000030                : usbdcdc.obj (.const:g_sCDCHandlers)
                  0000501c    0000002c     usb_serial_structs.obj (.const:.string:g_pui8ControlInterfaceString)
                  00005048    00000024     usb_serial_structs.obj (.const:.string:g_pui8ManufacturerString)
                  0000506c    00000023     usblib.lib : usbdcdc.obj (.const:.string:g_pui8CDCSerCommInterface)
                  0000508f    00000022     usb_serial_structs.obj (.const:.string:g_pui8ProdectString)
                  000050b1    00000003     --HOLE-- [fill = 0]
                  000050b4    00000018     usb_serial_structs.obj (.const:g_pui8StringDescriptors)
                  000050cc    00000017     usblib.lib : usbdcdc.obj (.const:.string:g_pui8CDCSerDataInterface)
                  000050e3    00000017                : usbdcdc.obj (.const:.string:g_pui8CDCSerDataInterfaceHS)
                  000050fa    00000012     usb_serial_structs.obj (.const:.string:g_pui8SerialNumberString)
                  0000510c    00000008     usblib.lib : usbdcdc.obj (.const:g_sCDCCompSerConfigHeader)
                  00005114    00000008                : usbdcdc.obj (.const:g_sCDCCompSerConfigHeaderHS)
                  0000511c    00000008                : usbdcdc.obj (.const:g_sCDCSerCommInterfaceSection)
                  00005124    00000008                : usbdcdc.obj (.const:g_sCDCSerConfigHeader)
                  0000512c    00000008                : usbdcdc.obj (.const:g_sCDCSerConfigHeaderHS)
                  00005134    00000008                : usbdcdc.obj (.const:g_sCDCSerConfigSection)
                  0000513c    00000008                : usbdcdc.obj (.const:g_sCDCSerDataInterfaceSection)
                  00005144    00000008                : usbdcdc.obj (.const:g_sCDCSerDataInterfaceSectionHS)
                  0000514c    00000008                : usbdcdc.obj (.const:g_sIADSerConfigSection)
                  00005154    00000006     usb_dev_serial.obj (.const:.string:$P$T0$1)
                  0000515a    00000004     usb_serial_structs.obj (.const:.string:g_pui8LangDescriptor)
                  0000515e    00000002     --HOLE-- [fill = 0]
                  00005160    00000004     usblib.lib : usbdcdc.obj (.const:g_pCDCCompSerConfigDescriptors)
                  00005164    00000004                : usbdcdc.obj (.const:g_pCDCCompSerConfigDescriptorsHS)
                  00005168    00000004                : usbdcdc.obj (.const:g_ppCDCSerConfigDescriptors)
                  0000516c    00000004                : usbdcdc.obj (.const:g_ppCDCSerConfigDescriptorsHS)

.cinit     0    00005170    000000c8     
                  00005170    000000a4     (.cinit..data.load) [load image, compression = lzss]
                  00005214    0000000c     (__TI_handler_table)
                  00005220    00000008     (.cinit..bss.load) [load image, compression = zero_init]
                  00005228    00000010     (__TI_cinit_table)

.init_array 
*          0    00000000    00000000     UNINITIALIZED

.bss       0    20000000    00000505     UNINITIALIZED
                  20000000    00000110     usblib.lib : usbdma.obj (.bss:g_psUSBDMAInst)
                  20000110    00000100     (.common:g_pi8USBRxBuffer)
                  20000210    00000100     (.common:g_pi8USBTxBuffer)
                  20000310    0000008c     usb_dev_serial.obj (.bss:hgps_buff_data)
                  2000039c    00000004     usblib.lib : usbdenum.obj (.bss)
                  200003a0    00000088     (.common:hgps)
                  20000428    00000050     (.common:g_psDCDInst)
                  20000478    00000040                : usbdenum.obj (.bss:g_pui8DataBufferIn)
                  200004b8    00000018     (.common:g_pfnTickHandlers)
                  200004d0    00000018     (.common:g_pvTickInstance)
                  200004e8    00000010     usb_dev_serial.obj (.bss:hgps_buff)
                  200004f8    00000004     usblib.lib : usbmode.obj (.bss)
                  200004fc    00000004     (.common:g_pcStatus)
                  20000500    00000004     (.common:g_ppsDevInfo)
                  20000504    00000001     (.common:rx)

.data      0    20000908    00000168     UNINITIALIZED
                  20000908    00000060     usb_serial_structs.obj (.data:g_sCDCDevice)
                  20000968    00000038     usb_serial_structs.obj (.data:g_sRxBuffer)
                  200009a0    00000038     usb_serial_structs.obj (.data:g_sTxBuffer)
                  200009d8    00000015     usb_dev_serial.obj (.data)
                  200009ed    00000012     usblib.lib : usbdcdc.obj (.data:g_pui8CDCSerDeviceDescriptor)
                  200009ff    00000001     --HOLE--
                  20000a00    00000010                : usbdcdc.obj (.data:g_psCDCCompSerSections)
                  20000a10    00000010                : usbdcdc.obj (.data:g_psCDCCompSerSectionsHS)
                  20000a20    0000000c                : usbdcdc.obj (.data:g_psCDCSerSections)
                  20000a2c    0000000c                : usbdcdc.obj (.data:g_psCDCSerSectionsHS)
                  20000a38    0000000c                : usbtick.obj (.data)
                  20000a44    00000009                : usbdcdc.obj (.data:g_pui8CDCSerDescriptor)
                  20000a4d    00000001     --HOLE--
                  20000a4e    00000002                : usbdcdc.obj (.data)
                  20000a50    00000009                : usbmode.obj (.data)
                  20000a59    00000008                : usbdcdc.obj (.data:g_pui8IADSerDescriptor)
                  20000a61    00000003     --HOLE--
                  20000a64    00000008                : usbdenum.obj (.data)
                  20000a6c    00000004     rtsv7M4_T_le_v4SPD16_eabi.lib : errno.c.obj (.data)

.stack     0    20000508    00000400     UNINITIALIZED
                  20000508    00000004     rtsv7M4_T_le_v4SPD16_eabi.lib : boot_cortex_m.c.obj (.stack)
                  2000050c    000003fc     --HOLE--

__llvm_prf_cnts 
*          0    20000000    00000000     UNINITIALIZED

MODULE SUMMARY

       Module                       code    ro data   rw data
       ------                       ----    -------   -------
    .\
       usb_dev_serial.obj           2006    6         318    
       gps.obj                      1197    0         0      
       usb_serial_structs.obj       0       214       720    
       startup_ccs.obj              12      620       0      
       gps_buff.obj                 300     0         0      
    +--+----------------------------+-------+---------+---------+
       Total:                       3515    840       1038   
                                                             
    C:/ti/TivaWare_C_Series-2.1.4.178/driverlib/ccs/Debug/driverlib.lib
       usb.obj                      1354    0         0      
       sysctl.obj                   480     108       0      
       gpio.obj                     438     144       0      
       interrupt.obj                340     112       0      
       udma.obj                     328     0         0      
       uart.obj                     174     0         0      
       cpu.obj                      24      0         0      
       timer.obj                    4       0         0      
    +--+----------------------------+-------+---------+---------+
       Total:                       3142    364       0      
                                                             
    C:/ti/TivaWare_C_Series-2.1.4.178/usblib/ccs/Debug/usblib.lib
       usbdenum.obj                 2908    52        160    
       usbdcdc.obj                  2134    217       93     
       usbdma.obj                   2018    0         272    
       usbbuffer.obj                660     0         0      
       usbdconfig.obj               576     0         0      
       usbdcdesc.obj                360     0         0      
       usbringbuf.obj               348     0         0      
       usbtick.obj                  160     0         60     
       usbdesc.obj                  86      0         0      
       usbulpi.obj                  82      0         0      
       usbmode.obj                  36      0         13     
       usbdhandler.obj              24      0         0      
    +--+----------------------------+-------+---------+---------+
       Total:                       9392    269       598    
                                                             
    C:\ti\ccs1110\ccs\tools\compiler\ti-cgt-arm_20.2.5.LTS\lib\rtsv7M4_T_le_v4SPD16_eabi.lib
       strtof.c.obj                 968     88        0      
       fd_add_t2.asm.obj            438     0         0      
       fd_div_t2.asm.obj            310     0         0      
       ctype.c.obj                  0       257       0      
       fd_mul_t2.asm.obj            252     0         0      
       s_scalbnf.c.obj              208     0         0      
       memcpy_t2.asm.obj            156     0         0      
       memset_t2.asm.obj            122     0         0      
       copy_decompress_lzss.c.obj   104     0         0      
       fd_toi_t2.asm.obj            72      0         0      
       autoinit.c.obj               68      0         0      
       fs_tod_t2.asm.obj            56      0         0      
       boot_cortex_m.c.obj          52      0         0      
       i_tofd_t2.asm.obj            46      0         0      
       strncmp.c.obj                44      0         0      
       s_copysignf.c.obj            24      0         0      
       copy_decompress_none.c.obj   14      0         0      
       copy_zero_init.c.obj         12      0         0      
       errno.c.obj                  8       0         4      
       exit.c.obj                   4       0         0      
       pre_init.c.obj               4       0         0      
    +--+----------------------------+-------+---------+---------+
       Total:                       2962    345       4      
                                                             
       Stack:                       0       0         1024   
       Linker Generated:            0       200       0      
    +--+----------------------------+-------+---------+---------+
       Grand Total:                 19011   2018      2664   


LINKER GENERATED COPY TABLES

__TI_cinit_table @ 00005228 records: 2, size/record: 8, table size: 16
	.data: load addr=00005170, load size=000000a4 bytes, run addr=20000908, run size=00000168 bytes, compression=lzss
	.bss: load addr=00005220, load size=00000008 bytes, run addr=20000000, run size=00000505 bytes, compression=zero_init


LINKER GENERATED HANDLER TABLE

__TI_handler_table @ 00005214 records: 3, size/record: 4, table size: 12
	index: 0, handler: __TI_decompress_lzss
	index: 1, handler: __TI_decompress_none
	index: 2, handler: __TI_zero_init


GLOBAL SYMBOLS: SORTED ALPHABETICALLY BY Name 

address   name                            
-------   ----                            
00004cb3  C$$EXIT                         
00004b8b  CPUcpsid                        
00004b97  CPUcpsie                        
00001a21  ControlHandler                  
00004331  GPIODirModeSet                  
00001427  GPIOPadConfigSet                
00003929  GPIOPinConfigure                
00004a1d  GPIOPinTypeUART                 
00002f35  IntDisable                      
00002f9d  IntEnable                       
0000306d  IntIsEnabled                    
00004aad  IntMasterDisable                
00004abd  IntMasterEnable                 
00003cad  InternalUSBRegisterTickHandler  
00003ce5  InternalUSBStartOfFrameTick     
000040e1  InternalUSBTickInit             
00002c25  ProcessDataFromHost             
00002ec9  ProcessDataToHost               
0000404d  ProcessNotificationToHost       
00004c65  ResetISR                        
00003b65  RxHandler                       
00001559  SysCtlClockGet                  
00003f7d  SysCtlPeripheralEnable          
00003d8d  SysCtlPeripheralReady           
00003591  SysCtlPeripheralReset           
0000497d  SysCtlUSBPLLEnable              
00004acd  SysTickIntHandler               
000028d1  Timer0IntHandler                
00004c9f  TimerIntClear                   
00004ca3  TxHandler                       
0000294d  UART2IntHandler                 
00004bd3  UARTCharGet                     
00004b1b  UARTCharsAvail                  
00003ad9  UARTConfigSetExpClk             
00004695  UARTDisable                     
00004991  UARTEnable                      
00004c6b  UARTFIFOLevelSet                
00004ca7  UARTIntClear                    
00004c2d  UARTIntEnable                   
00004bdd  UARTIntStatus                   
000021fd  UART_Init                       
000034ed  ULPIConfigSet                   
00004825  USB0DeviceIntHandler            
00004c71  USBBufferDataAvailable          
000030d1  USBBufferEventCallback          
00004c77  USBBufferFlush                  
0000483d  USBBufferInit                   
00004403  USBBufferRead                   
00004c7d  USBBufferSpaceAvailable         
00004171  USBBufferWrite                  
00004be7  USBClockEnable                  
00004bf1  USBControllerVersion            
00001afd  USBDCDCCompositeInit            
000035e1  USBDCDCInit                     
0000258d  USBDCDCPacketRead               
00003261  USBDCDCPacketWrite              
0000419f  USBDCDCRxPacketAvailable        
00004385  USBDCDCSerialStateChange        
000049a5  USBDCDCTxPacketAvailable        
00003631  USBDCDConfigDescGet             
00004257  USBDCDConfigDescGetNum          
000047d7  USBDCDConfigDescGetSize         
0000472f  USBDCDConfigGetInterface        
00003dc5  USBDCDConfigGetInterfaceEndpoint
00003971  USBDCDDeviceInfoInit            
00004855  USBDCDFeatureGet                
00000db9  USBDCDInit                      
000049b9  USBDCDRequestDataEP0            
000049cd  USBDCDSendDataEP0               
0000474d  USBDCDStallEP0                  
00004bfb  USBDMAChannelAddressSet         
000049e1  USBDMAChannelConfigSet          
00004c05  USBDMAChannelCountSet           
00004a53  USBDMAChannelDisable            
00004a65  USBDMAChannelEnable             
00004a77  USBDMAChannelIntDisable         
00004a89  USBDMAChannelIntEnable          
00004c83  USBDMAChannelIntStatus          
00004b29  USBDMAChannelStatus             
00004283  USBDescGet                      
000043af  USBDescGetNum                   
00004cab  USBDevAddrSet                   
00004c0f  USBDevConnect                   
00004c19  USBDevDisconnect                
00002a45  USBDevEndpointConfigSet         
000043d9  USBDevEndpointDataAck           
0000407f  USBDevEndpointStall             
000038df  USBDevEndpointStallClear        
00003321  USBDevEndpointStatusClear       
00004c89  USBDevLPMConfig                 
00004b37  USBDevLPMDisable                
00004b45  USBDevLPMEnable                 
00004c35  USBDevMode                      
000011a9  USBDeviceConfig                 
00002739  USBDeviceConfigAlternate        
00001bd9  USBDeviceEnumHandler            
000039b9  USBDeviceEnumResetHandler       
00001059  USBDeviceIntHandlerInternal     
00003681  USBDeviceResumeTickHandler      
000047f1  USBEndpointDMAChannel           
00003769  USBEndpointDMAConfigSet         
0000453b  USBEndpointDMADisable           
0000455f  USBEndpointDMAEnable            
00004769  USBEndpointDataAvail            
00003b1f  USBEndpointDataGet              
00003edd  USBEndpointDataPut              
00003fb1  USBEndpointDataSend             
00004ba3  USBEndpointPacketCountSet       
00004add  USBEndpointStatus               
00004c3d  USBFIFOAddrGet                  
00003c73  USBFIFOConfigSet                
000049f5  USBHostResume                   
00004455  USBIntEnableControl             
00004911  USBIntEnableEndpoint            
00003dfd  USBIntStatusControl             
00004c23  USBIntStatusEndpoint            
00004baf  USBLPMIntEnable                 
00004c8f  USBLPMIntStatus                 
00000c55  USBLibDMAInit                   
00004c45  USBOTGMode                      
000046b5  USBRingBufAdvanceRead           
00003e35  USBRingBufAdvanceWrite          
000046d5  USBRingBufContigFree            
00004aed  USBRingBufContigUsed            
00004927  USBRingBufFlush                 
00004a9b  USBRingBufFree                  
00004bbb  USBRingBufInit                  
00004785  USBRingBufRead                  
0000493d  USBRingBufReadOne               
00004953  USBRingBufUsed                  
000047a1  USBRingBufWrite                 
00004afd  USBRingBufWriteOne              
00004585  USBStackModeSet                 
00003135  USBUARTIntHandler               
00004b53  USBULPIDisable                  
00004b61  USBULPIEnable                   
000046f3  USBULPIRegRead                  
00004711  USBULPIRegWrite                 
20000908  __STACK_END                     
00000400  __STACK_SIZE                    
20000908  __STACK_TOP                     
00005228  __TI_CINIT_Base                 
00005238  __TI_CINIT_Limit                
00005214  __TI_Handler_Table_Base         
00005220  __TI_Handler_Table_Limit        
00003bed  __TI_auto_init_nobinit_nopinit  
00003005  __TI_decompress_lzss            
00004b6f  __TI_decompress_none            
ffffffff  __TI_pprof_out_hndl             
ffffffff  __TI_prof_data_size             
ffffffff  __TI_prof_data_start            
00000000  __TI_static_base__              
00004bc7  __TI_zero_init                  
00003a01  __aeabi_d2iz                    
00000aa7  __aeabi_dadd                    
000012f1  __aeabi_ddiv                    
00001669  __aeabi_dmul                    
00000a9d  __aeabi_dsub                    
00004c4d  __aeabi_errno_addr              
00003ea5  __aeabi_f2d                     
00004229  __aeabi_i2d                     
00002abf  __aeabi_memclr                  
00002abf  __aeabi_memclr4                 
00002abf  __aeabi_memclr8                 
0000229d  __aeabi_memcpy                  
0000229d  __aeabi_memcpy4                 
0000229d  __aeabi_memcpy8                 
00002ac1  __aeabi_memset                  
00002ac1  __aeabi_memset4                 
00002ac1  __aeabi_memset8                 
ffffffff  __binit__                       
ffffffff  __c_args__                      
UNDEFED   __mpu_init                      
20000508  __stack                         
20000000  __start___llvm_prf_cnts         
20000000  __stop___llvm_prf_cnts          
00003fe5  _c_int00_noargs                 
00004cb8  _ctypes_                        
UNDEFED   _system_post_cinit              
00004caf  _system_pre_init                
00004cb3  abort                           
ffffffff  binit                           
0000447d  buff_get_free                   
000045ef  buff_get_full                   
000044cd  buff_init                       
0000337f  buff_read                       
000033dd  buff_write                      
0000489d  copysignf                       
20000a6c  errno                           
20000a38  g_bUSBTimerInitialized          
20000a50  g_iUSBMode                      
00005160  g_pCDCCompSerConfigDescriptors  
00005164  g_pCDCCompSerConfigDescriptorsHS
200004fc  g_pcStatus                      
200004b8  g_pfnTickHandlers               
00000000  g_pfnVectors                    
20000110  g_pi8USBRxBuffer                
20000210  g_pi8USBTxBuffer                
00005168  g_ppCDCSerConfigDescriptors     
0000516c  g_ppCDCSerConfigDescriptorsHS   
20000500  g_ppsDevInfo                    
20000a00  g_psCDCCompSerSections          
20000a10  g_psCDCCompSerSectionsHS        
20000a20  g_psCDCSerSections              
20000a2c  g_psCDCSerSectionsHS            
20000428  g_psDCDInst                     
0000506c  g_pui8CDCSerCommInterface       
000050cc  g_pui8CDCSerDataInterface       
000050e3  g_pui8CDCSerDataInterfaceHS     
20000a44  g_pui8CDCSerDescriptor          
200009ed  g_pui8CDCSerDeviceDescriptor    
00004f80  g_pui8ConfigString              
0000501c  g_pui8ControlInterfaceString    
20000a59  g_pui8IADSerDescriptor          
0000515a  g_pui8LangDescriptor            
00005048  g_pui8ManufacturerString        
0000508f  g_pui8ProdectString             
000050fa  g_pui8SerialNumberString        
000050b4  g_pui8StringDescriptors         
200004d0  g_pvTickInstance                
0000510c  g_sCDCCompSerConfigHeader       
00005114  g_sCDCCompSerConfigHeaderHS     
20000908  g_sCDCDevice                    
00004fec  g_sCDCHandlers                  
0000511c  g_sCDCSerCommInterfaceSection   
00005124  g_sCDCSerConfigHeader           
0000512c  g_sCDCSerConfigHeaderHS         
00005134  g_sCDCSerConfigSection          
0000513c  g_sCDCSerDataInterfaceSection   
00005144  g_sCDCSerDataInterfaceSectionHS 
0000514c  g_sIADSerConfigSection          
20000968  g_sRxBuffer                     
200009a0  g_sTxBuffer                     
20000a3c  g_ui32CurrentUSBTick            
200009e8  g_ui32Flags                     
200009e4  g_ui32SysTickCount              
200009dc  g_ui32UARTRxCount               
200009d8  g_ui32UARTTxCount               
20000a40  g_ui32USBSOFCount               
20000a54  g_ui32WaitTicks                 
00004b7d  gps_init                        
0000193d  gps_process                     
200003a0  hgps                            
00001d85  ldexpf                          
00000635  main                            
0000229d  memcpy                          
00002ac7  memset                          
20000504  rx                              
00001d85  scalbnf                         
000042af  strncmp                         
0000026d  strtof                          
00003a49  uDMAChannelAttributeDisable     
000045a9  uDMAChannelControlSet           
000048b5  uDMAChannelDisable              
000048cd  uDMAChannelEnable               
000044a5  uDMAChannelModeGet              
0000284d  uDMAChannelTransferSet          


GLOBAL SYMBOLS: SORTED BY Symbol Address 

address   name                            
-------   ----                            
00000000  __TI_static_base__              
00000000  g_pfnVectors                    
0000026d  strtof                          
00000400  __STACK_SIZE                    
00000635  main                            
00000a9d  __aeabi_dsub                    
00000aa7  __aeabi_dadd                    
00000c55  USBLibDMAInit                   
00000db9  USBDCDInit                      
00001059  USBDeviceIntHandlerInternal     
000011a9  USBDeviceConfig                 
000012f1  __aeabi_ddiv                    
00001427  GPIOPadConfigSet                
00001559  SysCtlClockGet                  
00001669  __aeabi_dmul                    
0000193d  gps_process                     
00001a21  ControlHandler                  
00001afd  USBDCDCCompositeInit            
00001bd9  USBDeviceEnumHandler            
00001d85  ldexpf                          
00001d85  scalbnf                         
000021fd  UART_Init                       
0000229d  __aeabi_memcpy                  
0000229d  __aeabi_memcpy4                 
0000229d  __aeabi_memcpy8                 
0000229d  memcpy                          
0000258d  USBDCDCPacketRead               
00002739  USBDeviceConfigAlternate        
0000284d  uDMAChannelTransferSet          
000028d1  Timer0IntHandler                
0000294d  UART2IntHandler                 
00002a45  USBDevEndpointConfigSet         
00002abf  __aeabi_memclr                  
00002abf  __aeabi_memclr4                 
00002abf  __aeabi_memclr8                 
00002ac1  __aeabi_memset                  
00002ac1  __aeabi_memset4                 
00002ac1  __aeabi_memset8                 
00002ac7  memset                          
00002c25  ProcessDataFromHost             
00002ec9  ProcessDataToHost               
00002f35  IntDisable                      
00002f9d  IntEnable                       
00003005  __TI_decompress_lzss            
0000306d  IntIsEnabled                    
000030d1  USBBufferEventCallback          
00003135  USBUARTIntHandler               
00003261  USBDCDCPacketWrite              
00003321  USBDevEndpointStatusClear       
0000337f  buff_read                       
000033dd  buff_write                      
000034ed  ULPIConfigSet                   
00003591  SysCtlPeripheralReset           
000035e1  USBDCDCInit                     
00003631  USBDCDConfigDescGet             
00003681  USBDeviceResumeTickHandler      
00003769  USBEndpointDMAConfigSet         
000038df  USBDevEndpointStallClear        
00003929  GPIOPinConfigure                
00003971  USBDCDDeviceInfoInit            
000039b9  USBDeviceEnumResetHandler       
00003a01  __aeabi_d2iz                    
00003a49  uDMAChannelAttributeDisable     
00003ad9  UARTConfigSetExpClk             
00003b1f  USBEndpointDataGet              
00003b65  RxHandler                       
00003bed  __TI_auto_init_nobinit_nopinit  
00003c73  USBFIFOConfigSet                
00003cad  InternalUSBRegisterTickHandler  
00003ce5  InternalUSBStartOfFrameTick     
00003d8d  SysCtlPeripheralReady           
00003dc5  USBDCDConfigGetInterfaceEndpoint
00003dfd  USBIntStatusControl             
00003e35  USBRingBufAdvanceWrite          
00003ea5  __aeabi_f2d                     
00003edd  USBEndpointDataPut              
00003f7d  SysCtlPeripheralEnable          
00003fb1  USBEndpointDataSend             
00003fe5  _c_int00_noargs                 
0000404d  ProcessNotificationToHost       
0000407f  USBDevEndpointStall             
000040e1  InternalUSBTickInit             
00004171  USBBufferWrite                  
0000419f  USBDCDCRxPacketAvailable        
00004229  __aeabi_i2d                     
00004257  USBDCDConfigDescGetNum          
00004283  USBDescGet                      
000042af  strncmp                         
00004331  GPIODirModeSet                  
00004385  USBDCDCSerialStateChange        
000043af  USBDescGetNum                   
000043d9  USBDevEndpointDataAck           
00004403  USBBufferRead                   
00004455  USBIntEnableControl             
0000447d  buff_get_free                   
000044a5  uDMAChannelModeGet              
000044cd  buff_init                       
0000453b  USBEndpointDMADisable           
0000455f  USBEndpointDMAEnable            
00004585  USBStackModeSet                 
000045a9  uDMAChannelControlSet           
000045ef  buff_get_full                   
00004695  UARTDisable                     
000046b5  USBRingBufAdvanceRead           
000046d5  USBRingBufContigFree            
000046f3  USBULPIRegRead                  
00004711  USBULPIRegWrite                 
0000472f  USBDCDConfigGetInterface        
0000474d  USBDCDStallEP0                  
00004769  USBEndpointDataAvail            
00004785  USBRingBufRead                  
000047a1  USBRingBufWrite                 
000047d7  USBDCDConfigDescGetSize         
000047f1  USBEndpointDMAChannel           
00004825  USB0DeviceIntHandler            
0000483d  USBBufferInit                   
00004855  USBDCDFeatureGet                
0000489d  copysignf                       
000048b5  uDMAChannelDisable              
000048cd  uDMAChannelEnable               
00004911  USBIntEnableEndpoint            
00004927  USBRingBufFlush                 
0000493d  USBRingBufReadOne               
00004953  USBRingBufUsed                  
0000497d  SysCtlUSBPLLEnable              
00004991  UARTEnable                      
000049a5  USBDCDCTxPacketAvailable        
000049b9  USBDCDRequestDataEP0            
000049cd  USBDCDSendDataEP0               
000049e1  USBDMAChannelConfigSet          
000049f5  USBHostResume                   
00004a1d  GPIOPinTypeUART                 
00004a53  USBDMAChannelDisable            
00004a65  USBDMAChannelEnable             
00004a77  USBDMAChannelIntDisable         
00004a89  USBDMAChannelIntEnable          
00004a9b  USBRingBufFree                  
00004aad  IntMasterDisable                
00004abd  IntMasterEnable                 
00004acd  SysTickIntHandler               
00004add  USBEndpointStatus               
00004aed  USBRingBufContigUsed            
00004afd  USBRingBufWriteOne              
00004b1b  UARTCharsAvail                  
00004b29  USBDMAChannelStatus             
00004b37  USBDevLPMDisable                
00004b45  USBDevLPMEnable                 
00004b53  USBULPIDisable                  
00004b61  USBULPIEnable                   
00004b6f  __TI_decompress_none            
00004b7d  gps_init                        
00004b8b  CPUcpsid                        
00004b97  CPUcpsie                        
00004ba3  USBEndpointPacketCountSet       
00004baf  USBLPMIntEnable                 
00004bbb  USBRingBufInit                  
00004bc7  __TI_zero_init                  
00004bd3  UARTCharGet                     
00004bdd  UARTIntStatus                   
00004be7  USBClockEnable                  
00004bf1  USBControllerVersion            
00004bfb  USBDMAChannelAddressSet         
00004c05  USBDMAChannelCountSet           
00004c0f  USBDevConnect                   
00004c19  USBDevDisconnect                
00004c23  USBIntStatusEndpoint            
00004c2d  UARTIntEnable                   
00004c35  USBDevMode                      
00004c3d  USBFIFOAddrGet                  
00004c45  USBOTGMode                      
00004c4d  __aeabi_errno_addr              
00004c65  ResetISR                        
00004c6b  UARTFIFOLevelSet                
00004c71  USBBufferDataAvailable          
00004c77  USBBufferFlush                  
00004c7d  USBBufferSpaceAvailable         
00004c83  USBDMAChannelIntStatus          
00004c89  USBDevLPMConfig                 
00004c8f  USBLPMIntStatus                 
00004c9f  TimerIntClear                   
00004ca3  TxHandler                       
00004ca7  UARTIntClear                    
00004cab  USBDevAddrSet                   
00004caf  _system_pre_init                
00004cb3  C$$EXIT                         
00004cb3  abort                           
00004cb8  _ctypes_                        
00004f80  g_pui8ConfigString              
00004fec  g_sCDCHandlers                  
0000501c  g_pui8ControlInterfaceString    
00005048  g_pui8ManufacturerString        
0000506c  g_pui8CDCSerCommInterface       
0000508f  g_pui8ProdectString             
000050b4  g_pui8StringDescriptors         
000050cc  g_pui8CDCSerDataInterface       
000050e3  g_pui8CDCSerDataInterfaceHS     
000050fa  g_pui8SerialNumberString        
0000510c  g_sCDCCompSerConfigHeader       
00005114  g_sCDCCompSerConfigHeaderHS     
0000511c  g_sCDCSerCommInterfaceSection   
00005124  g_sCDCSerConfigHeader           
0000512c  g_sCDCSerConfigHeaderHS         
00005134  g_sCDCSerConfigSection          
0000513c  g_sCDCSerDataInterfaceSection   
00005144  g_sCDCSerDataInterfaceSectionHS 
0000514c  g_sIADSerConfigSection          
0000515a  g_pui8LangDescriptor            
00005160  g_pCDCCompSerConfigDescriptors  
00005164  g_pCDCCompSerConfigDescriptorsHS
00005168  g_ppCDCSerConfigDescriptors     
0000516c  g_ppCDCSerConfigDescriptorsHS   
00005214  __TI_Handler_Table_Base         
00005220  __TI_Handler_Table_Limit        
00005228  __TI_CINIT_Base                 
00005238  __TI_CINIT_Limit                
20000000  __start___llvm_prf_cnts         
20000000  __stop___llvm_prf_cnts          
20000110  g_pi8USBRxBuffer                
20000210  g_pi8USBTxBuffer                
200003a0  hgps                            
20000428  g_psDCDInst                     
200004b8  g_pfnTickHandlers               
200004d0  g_pvTickInstance                
200004fc  g_pcStatus                      
20000500  g_ppsDevInfo                    
20000504  rx                              
20000508  __stack                         
20000908  __STACK_END                     
20000908  __STACK_TOP                     
20000908  g_sCDCDevice                    
20000968  g_sRxBuffer                     
200009a0  g_sTxBuffer                     
200009d8  g_ui32UARTTxCount               
200009dc  g_ui32UARTRxCount               
200009e4  g_ui32SysTickCount              
200009e8  g_ui32Flags                     
200009ed  g_pui8CDCSerDeviceDescriptor    
20000a00  g_psCDCCompSerSections          
20000a10  g_psCDCCompSerSectionsHS        
20000a20  g_psCDCSerSections              
20000a2c  g_psCDCSerSectionsHS            
20000a38  g_bUSBTimerInitialized          
20000a3c  g_ui32CurrentUSBTick            
20000a40  g_ui32USBSOFCount               
20000a44  g_pui8CDCSerDescriptor          
20000a50  g_iUSBMode                      
20000a54  g_ui32WaitTicks                 
20000a59  g_pui8IADSerDescriptor          
20000a6c  errno                           
ffffffff  __TI_pprof_out_hndl             
ffffffff  __TI_prof_data_size             
ffffffff  __TI_prof_data_start            
ffffffff  __binit__                       
ffffffff  __c_args__                      
ffffffff  binit                           
UNDEFED   __mpu_init                      
UNDEFED   _system_post_cinit              

[257 symbols]
