<?xml version="1.0" encoding="ISO-8859-1" ?>
<link_info>
   <banner>TI ARM Linker PC v20.2.5.LTS</banner>
   <copyright>Copyright (c) 1996-2018 Texas Instruments Incorporated</copyright>
   <link_time>0x6272f0ab</link_time>
   <link_errors>0x0</link_errors>
   <output_file>usb_dev_serial.out</output_file>
   <entry_point>
      <name>_c_int00_noargs</name>
      <address>0x56f1</address>
   </entry_point>
   <input_file_list>
      <input_file id="fl-2">
         <path>.\</path>
         <kind>object</kind>
         <file>gps.obj</file>
         <name>gps.obj</name>
      </input_file>
      <input_file id="fl-3">
         <path>.\</path>
         <kind>object</kind>
         <file>gps_buff.obj</file>
         <name>gps_buff.obj</name>
      </input_file>
      <input_file id="fl-4">
         <path>.\</path>
         <kind>object</kind>
         <file>startup_ccs.obj</file>
         <name>startup_ccs.obj</name>
      </input_file>
      <input_file id="fl-5">
         <path>.\</path>
         <kind>object</kind>
         <file>usb_dev_serial.obj</file>
         <name>usb_dev_serial.obj</name>
      </input_file>
      <input_file id="fl-6">
         <path>.\</path>
         <kind>object</kind>
         <file>usb_serial_structs.obj</file>
         <name>usb_serial_structs.obj</name>
      </input_file>
      <input_file id="fl-7">
         <path>.\utils\</path>
         <kind>object</kind>
         <file>uartstdio.obj</file>
         <name>uartstdio.obj</name>
      </input_file>
      <input_file id="fl-8">
         <path>.\utils\</path>
         <kind>object</kind>
         <file>ustdlib.obj</file>
         <name>ustdlib.obj</name>
      </input_file>
      <input_file id="fl-f">
         <kind>object</kind>
         <file>&lt;internal&gt;</file>
         <name>&lt;internal&gt;</name>
      </input_file>
      <input_file id="fl-c5">
         <path>C:\ti\ccs1110\ccs\tools\compiler\ti-cgt-arm_20.2.5.LTS\lib\</path>
         <kind>archive</kind>
         <file>rtsv7M4_T_le_v4SPD16_eabi.lib</file>
         <name>snprintf.c.obj</name>
      </input_file>
      <input_file id="fl-c6">
         <path>C:\ti\ccs1110\ccs\tools\compiler\ti-cgt-arm_20.2.5.LTS\lib\</path>
         <kind>archive</kind>
         <file>rtsv7M4_T_le_v4SPD16_eabi.lib</file>
         <name>fd_add_t2.asm.obj</name>
      </input_file>
      <input_file id="fl-c7">
         <path>C:\ti\ccs1110\ccs\tools\compiler\ti-cgt-arm_20.2.5.LTS\lib\</path>
         <kind>archive</kind>
         <file>rtsv7M4_T_le_v4SPD16_eabi.lib</file>
         <name>fd_div_t2.asm.obj</name>
      </input_file>
      <input_file id="fl-c8">
         <path>C:\ti\ccs1110\ccs\tools\compiler\ti-cgt-arm_20.2.5.LTS\lib\</path>
         <kind>archive</kind>
         <file>rtsv7M4_T_le_v4SPD16_eabi.lib</file>
         <name>fd_mul_t2.asm.obj</name>
      </input_file>
      <input_file id="fl-c9">
         <path>C:\ti\ccs1110\ccs\tools\compiler\ti-cgt-arm_20.2.5.LTS\lib\</path>
         <kind>archive</kind>
         <file>rtsv7M4_T_le_v4SPD16_eabi.lib</file>
         <name>fd_toi_t2.asm.obj</name>
      </input_file>
      <input_file id="fl-ca">
         <path>C:\ti\ccs1110\ccs\tools\compiler\ti-cgt-arm_20.2.5.LTS\lib\</path>
         <kind>archive</kind>
         <file>rtsv7M4_T_le_v4SPD16_eabi.lib</file>
         <name>fs_tod_t2.asm.obj</name>
      </input_file>
      <input_file id="fl-cb">
         <path>C:\ti\ccs1110\ccs\tools\compiler\ti-cgt-arm_20.2.5.LTS\lib\</path>
         <kind>archive</kind>
         <file>rtsv7M4_T_le_v4SPD16_eabi.lib</file>
         <name>i_tofd_t2.asm.obj</name>
      </input_file>
      <input_file id="fl-cc">
         <path>C:\ti\ccs1110\ccs\tools\compiler\ti-cgt-arm_20.2.5.LTS\lib\</path>
         <kind>archive</kind>
         <file>rtsv7M4_T_le_v4SPD16_eabi.lib</file>
         <name>memcpy_t2.asm.obj</name>
      </input_file>
      <input_file id="fl-cd">
         <path>C:\ti\ccs1110\ccs\tools\compiler\ti-cgt-arm_20.2.5.LTS\lib\</path>
         <kind>archive</kind>
         <file>rtsv7M4_T_le_v4SPD16_eabi.lib</file>
         <name>u_divt2.asm.obj</name>
      </input_file>
      <input_file id="fl-ce">
         <path>C:\ti\ccs1110\ccs\tools\compiler\ti-cgt-arm_20.2.5.LTS\lib\</path>
         <kind>archive</kind>
         <file>rtsv7M4_T_le_v4SPD16_eabi.lib</file>
         <name>memset_t2.asm.obj</name>
      </input_file>
      <input_file id="fl-cf">
         <path>C:\ti\ccs1110\ccs\tools\compiler\ti-cgt-arm_20.2.5.LTS\lib\</path>
         <kind>archive</kind>
         <file>rtsv7M4_T_le_v4SPD16_eabi.lib</file>
         <name>copy_zero_init.c.obj</name>
      </input_file>
      <input_file id="fl-d0">
         <path>C:\ti\ccs1110\ccs\tools\compiler\ti-cgt-arm_20.2.5.LTS\lib\</path>
         <kind>archive</kind>
         <file>rtsv7M4_T_le_v4SPD16_eabi.lib</file>
         <name>copy_decompress_none.c.obj</name>
      </input_file>
      <input_file id="fl-d1">
         <path>C:\ti\ccs1110\ccs\tools\compiler\ti-cgt-arm_20.2.5.LTS\lib\</path>
         <kind>archive</kind>
         <file>rtsv7M4_T_le_v4SPD16_eabi.lib</file>
         <name>copy_decompress_lzss.c.obj</name>
      </input_file>
      <input_file id="fl-d2">
         <path>C:\ti\ccs1110\ccs\tools\compiler\ti-cgt-arm_20.2.5.LTS\lib\</path>
         <kind>archive</kind>
         <file>rtsv7M4_T_le_v4SPD16_eabi.lib</file>
         <name>strncmp.c.obj</name>
      </input_file>
      <input_file id="fl-d3">
         <path>C:\ti\ccs1110\ccs\tools\compiler\ti-cgt-arm_20.2.5.LTS\lib\</path>
         <kind>archive</kind>
         <file>rtsv7M4_T_le_v4SPD16_eabi.lib</file>
         <name>strtof.c.obj</name>
      </input_file>
      <input_file id="fl-d4">
         <path>C:\ti\ccs1110\ccs\tools\compiler\ti-cgt-arm_20.2.5.LTS\lib\</path>
         <kind>archive</kind>
         <file>rtsv7M4_T_le_v4SPD16_eabi.lib</file>
         <name>errno.c.obj</name>
      </input_file>
      <input_file id="fl-d5">
         <path>C:\ti\ccs1110\ccs\tools\compiler\ti-cgt-arm_20.2.5.LTS\lib\</path>
         <kind>archive</kind>
         <file>rtsv7M4_T_le_v4SPD16_eabi.lib</file>
         <name>boot_cortex_m.c.obj</name>
      </input_file>
      <input_file id="fl-d6">
         <path>C:\ti\ccs1110\ccs\tools\compiler\ti-cgt-arm_20.2.5.LTS\lib\</path>
         <kind>archive</kind>
         <file>rtsv7M4_T_le_v4SPD16_eabi.lib</file>
         <name>_printfi.c.obj</name>
      </input_file>
      <input_file id="fl-d7">
         <path>C:\ti\ccs1110\ccs\tools\compiler\ti-cgt-arm_20.2.5.LTS\lib\</path>
         <kind>archive</kind>
         <file>rtsv7M4_T_le_v4SPD16_eabi.lib</file>
         <name>s_frexp.c.obj</name>
      </input_file>
      <input_file id="fl-d8">
         <path>C:\ti\ccs1110\ccs\tools\compiler\ti-cgt-arm_20.2.5.LTS\lib\</path>
         <kind>archive</kind>
         <file>rtsv7M4_T_le_v4SPD16_eabi.lib</file>
         <name>s_scalbn.c.obj</name>
      </input_file>
      <input_file id="fl-d9">
         <path>C:\ti\ccs1110\ccs\tools\compiler\ti-cgt-arm_20.2.5.LTS\lib\</path>
         <kind>archive</kind>
         <file>rtsv7M4_T_le_v4SPD16_eabi.lib</file>
         <name>wcslen.c.obj</name>
      </input_file>
      <input_file id="fl-da">
         <path>C:\ti\ccs1110\ccs\tools\compiler\ti-cgt-arm_20.2.5.LTS\lib\</path>
         <kind>archive</kind>
         <file>rtsv7M4_T_le_v4SPD16_eabi.lib</file>
         <name>s_scalbnf.c.obj</name>
      </input_file>
      <input_file id="fl-db">
         <path>C:\ti\ccs1110\ccs\tools\compiler\ti-cgt-arm_20.2.5.LTS\lib\</path>
         <kind>archive</kind>
         <file>rtsv7M4_T_le_v4SPD16_eabi.lib</file>
         <name>div0.asm.obj</name>
      </input_file>
      <input_file id="fl-dc">
         <path>C:\ti\ccs1110\ccs\tools\compiler\ti-cgt-arm_20.2.5.LTS\lib\</path>
         <kind>archive</kind>
         <file>rtsv7M4_T_le_v4SPD16_eabi.lib</file>
         <name>fd_cmp_t2.asm.obj</name>
      </input_file>
      <input_file id="fl-dd">
         <path>C:\ti\ccs1110\ccs\tools\compiler\ti-cgt-arm_20.2.5.LTS\lib\</path>
         <kind>archive</kind>
         <file>rtsv7M4_T_le_v4SPD16_eabi.lib</file>
         <name>ull_div_t2.asm.obj</name>
      </input_file>
      <input_file id="fl-de">
         <path>C:\ti\ccs1110\ccs\tools\compiler\ti-cgt-arm_20.2.5.LTS\lib\</path>
         <kind>archive</kind>
         <file>rtsv7M4_T_le_v4SPD16_eabi.lib</file>
         <name>autoinit.c.obj</name>
      </input_file>
      <input_file id="fl-df">
         <path>C:\ti\ccs1110\ccs\tools\compiler\ti-cgt-arm_20.2.5.LTS\lib\</path>
         <kind>archive</kind>
         <file>rtsv7M4_T_le_v4SPD16_eabi.lib</file>
         <name>pre_init.c.obj</name>
      </input_file>
      <input_file id="fl-e0">
         <path>C:\ti\ccs1110\ccs\tools\compiler\ti-cgt-arm_20.2.5.LTS\lib\</path>
         <kind>archive</kind>
         <file>rtsv7M4_T_le_v4SPD16_eabi.lib</file>
         <name>cpy_tbl.c.obj</name>
      </input_file>
      <input_file id="fl-e1">
         <path>C:\ti\ccs1110\ccs\tools\compiler\ti-cgt-arm_20.2.5.LTS\lib\</path>
         <kind>archive</kind>
         <file>rtsv7M4_T_le_v4SPD16_eabi.lib</file>
         <name>exit.c.obj</name>
      </input_file>
      <input_file id="fl-e2">
         <path>C:\ti\ccs1110\ccs\tools\compiler\ti-cgt-arm_20.2.5.LTS\lib\</path>
         <kind>archive</kind>
         <file>rtsv7M4_T_le_v4SPD16_eabi.lib</file>
         <name>_lock.c.obj</name>
      </input_file>
      <input_file id="fl-e3">
         <path>C:\ti\ccs1110\ccs\tools\compiler\ti-cgt-arm_20.2.5.LTS\lib\</path>
         <kind>archive</kind>
         <file>rtsv7M4_T_le_v4SPD16_eabi.lib</file>
         <name>_ltoa.c.obj</name>
      </input_file>
      <input_file id="fl-e4">
         <path>C:\ti\ccs1110\ccs\tools\compiler\ti-cgt-arm_20.2.5.LTS\lib\</path>
         <kind>archive</kind>
         <file>rtsv7M4_T_le_v4SPD16_eabi.lib</file>
         <name>args_main.c.obj</name>
      </input_file>
      <input_file id="fl-e5">
         <path>C:\ti\ccs1110\ccs\tools\compiler\ti-cgt-arm_20.2.5.LTS\lib\</path>
         <kind>archive</kind>
         <file>rtsv7M4_T_le_v4SPD16_eabi.lib</file>
         <name>atoi.c.obj</name>
      </input_file>
      <input_file id="fl-e6">
         <path>C:\ti\ccs1110\ccs\tools\compiler\ti-cgt-arm_20.2.5.LTS\lib\</path>
         <kind>archive</kind>
         <file>rtsv7M4_T_le_v4SPD16_eabi.lib</file>
         <name>ctype.c.obj</name>
      </input_file>
      <input_file id="fl-e7">
         <path>C:\ti\ccs1110\ccs\tools\compiler\ti-cgt-arm_20.2.5.LTS\lib\</path>
         <kind>archive</kind>
         <file>rtsv7M4_T_le_v4SPD16_eabi.lib</file>
         <name>memccpy.c.obj</name>
      </input_file>
      <input_file id="fl-e8">
         <path>C:\ti\ccs1110\ccs\tools\compiler\ti-cgt-arm_20.2.5.LTS\lib\</path>
         <kind>archive</kind>
         <file>rtsv7M4_T_le_v4SPD16_eabi.lib</file>
         <name>strchr.c.obj</name>
      </input_file>
      <input_file id="fl-e9">
         <path>C:\ti\ccs1110\ccs\tools\compiler\ti-cgt-arm_20.2.5.LTS\lib\</path>
         <kind>archive</kind>
         <file>rtsv7M4_T_le_v4SPD16_eabi.lib</file>
         <name>strlen.c.obj</name>
      </input_file>
      <input_file id="fl-ea">
         <path>C:\ti\ccs1110\ccs\tools\compiler\ti-cgt-arm_20.2.5.LTS\lib\</path>
         <kind>archive</kind>
         <file>rtsv7M4_T_le_v4SPD16_eabi.lib</file>
         <name>s_copysignf.c.obj</name>
      </input_file>
      <input_file id="fl-eb">
         <path>C:\ti\ccs1110\ccs\tools\compiler\ti-cgt-arm_20.2.5.LTS\lib\</path>
         <kind>archive</kind>
         <file>rtsv7M4_T_le_v4SPD16_eabi.lib</file>
         <name>s_copysign.c.obj</name>
      </input_file>
      <input_file id="fl-ec">
         <path>C:\ti\TivaWare_C_Series-2.1.4.178\driverlib\ccs\Debug\</path>
         <kind>archive</kind>
         <file>driverlib.lib</file>
         <name>gpio.obj</name>
      </input_file>
      <input_file id="fl-ed">
         <path>C:\ti\TivaWare_C_Series-2.1.4.178\driverlib\ccs\Debug\</path>
         <kind>archive</kind>
         <file>driverlib.lib</file>
         <name>interrupt.obj</name>
      </input_file>
      <input_file id="fl-ee">
         <path>C:\ti\TivaWare_C_Series-2.1.4.178\driverlib\ccs\Debug\</path>
         <kind>archive</kind>
         <file>driverlib.lib</file>
         <name>sysctl.obj</name>
      </input_file>
      <input_file id="fl-ef">
         <path>C:\ti\TivaWare_C_Series-2.1.4.178\driverlib\ccs\Debug\</path>
         <kind>archive</kind>
         <file>driverlib.lib</file>
         <name>timer.obj</name>
      </input_file>
      <input_file id="fl-f0">
         <path>C:\ti\TivaWare_C_Series-2.1.4.178\driverlib\ccs\Debug\</path>
         <kind>archive</kind>
         <file>driverlib.lib</file>
         <name>uart.obj</name>
      </input_file>
      <input_file id="fl-f1">
         <path>C:\ti\TivaWare_C_Series-2.1.4.178\driverlib\ccs\Debug\</path>
         <kind>archive</kind>
         <file>driverlib.lib</file>
         <name>cpu.obj</name>
      </input_file>
      <input_file id="fl-f2">
         <path>C:\ti\TivaWare_C_Series-2.1.4.178\usblib\ccs\Debug\</path>
         <kind>archive</kind>
         <file>usblib.lib</file>
         <name>usbbuffer.obj</name>
      </input_file>
      <input_file id="fl-f3">
         <path>C:\ti\TivaWare_C_Series-2.1.4.178\usblib\ccs\Debug\</path>
         <kind>archive</kind>
         <file>usblib.lib</file>
         <name>usbmode.obj</name>
      </input_file>
      <input_file id="fl-f4">
         <path>C:\ti\TivaWare_C_Series-2.1.4.178\usblib\ccs\Debug\</path>
         <kind>archive</kind>
         <file>usblib.lib</file>
         <name>usbringbuf.obj</name>
      </input_file>
      <input_file id="fl-f5">
         <path>C:\ti\TivaWare_C_Series-2.1.4.178\usblib\ccs\Debug\</path>
         <kind>archive</kind>
         <file>usblib.lib</file>
         <name>usbtick.obj</name>
      </input_file>
      <input_file id="fl-f6">
         <path>C:\ti\TivaWare_C_Series-2.1.4.178\usblib\ccs\Debug\</path>
         <kind>archive</kind>
         <file>usblib.lib</file>
         <name>usbdcdc.obj</name>
      </input_file>
      <input_file id="fl-f7">
         <path>C:\ti\TivaWare_C_Series-2.1.4.178\usblib\ccs\Debug\</path>
         <kind>archive</kind>
         <file>usblib.lib</file>
         <name>usbdenum.obj</name>
      </input_file>
      <input_file id="fl-f8">
         <path>C:\ti\TivaWare_C_Series-2.1.4.178\usblib\ccs\Debug\</path>
         <kind>archive</kind>
         <file>usblib.lib</file>
         <name>usbdhandler.obj</name>
      </input_file>
      <input_file id="fl-f9">
         <path>C:\ti\TivaWare_C_Series-2.1.4.178\usblib\ccs\Debug\</path>
         <kind>archive</kind>
         <file>usblib.lib</file>
         <name>usbhostenum.obj</name>
      </input_file>
      <input_file id="fl-fa">
         <path>C:\ti\TivaWare_C_Series-2.1.4.178\usblib\ccs\Debug\</path>
         <kind>archive</kind>
         <file>usblib.lib</file>
         <name>usbdesc.obj</name>
      </input_file>
      <input_file id="fl-fb">
         <path>C:\ti\TivaWare_C_Series-2.1.4.178\usblib\ccs\Debug\</path>
         <kind>archive</kind>
         <file>usblib.lib</file>
         <name>usbdma.obj</name>
      </input_file>
      <input_file id="fl-fc">
         <path>C:\ti\TivaWare_C_Series-2.1.4.178\usblib\ccs\Debug\</path>
         <kind>archive</kind>
         <file>usblib.lib</file>
         <name>usbulpi.obj</name>
      </input_file>
      <input_file id="fl-fd">
         <path>C:\ti\TivaWare_C_Series-2.1.4.178\usblib\ccs\Debug\</path>
         <kind>archive</kind>
         <file>usblib.lib</file>
         <name>usbdcdesc.obj</name>
      </input_file>
      <input_file id="fl-fe">
         <path>C:\ti\TivaWare_C_Series-2.1.4.178\usblib\ccs\Debug\</path>
         <kind>archive</kind>
         <file>usblib.lib</file>
         <name>usbdconfig.obj</name>
      </input_file>
      <input_file id="fl-ff">
         <path>C:\ti\TivaWare_C_Series-2.1.4.178\usblib\ccs\Debug\</path>
         <kind>archive</kind>
         <file>usblib.lib</file>
         <name>usbhhub.obj</name>
      </input_file>
      <input_file id="fl-100">
         <path>C:\ti\TivaWare_C_Series-2.1.4.178\driverlib\ccs\Debug\</path>
         <kind>archive</kind>
         <file>driverlib.lib</file>
         <name>udma.obj</name>
      </input_file>
      <input_file id="fl-101">
         <path>C:\ti\TivaWare_C_Series-2.1.4.178\driverlib\ccs\Debug\</path>
         <kind>archive</kind>
         <file>driverlib.lib</file>
         <name>usb.obj</name>
      </input_file>
   </input_file_list>
   <object_component_list>
      <object_component id="oc-12">
         <name>.intvecs</name>
         <load_address>0x0</load_address>
         <run_address>0x0</run_address>
         <size>0x26c</size>
         <input_file_ref idref="fl-4"/>
      </object_component>
      <object_component id="oc-1b3">
         <name>.text:__TI_printfi</name>
         <load_address>0x26c</load_address>
         <run_address>0x26c</run_address>
         <size>0xa4e</size>
         <input_file_ref idref="fl-d6"/>
      </object_component>
      <object_component id="oc-33">
         <name>.text:FaultISR</name>
         <load_address>0xcba</load_address>
         <run_address>0xcba</run_address>
         <size>0x2</size>
         <input_file_ref idref="fl-4"/>
      </object_component>
      <object_component id="oc-8a8">
         <name>.text:strtof</name>
         <load_address>0xcbc</load_address>
         <run_address>0xcbc</run_address>
         <size>0x3c8</size>
         <input_file_ref idref="fl-d3"/>
      </object_component>
      <object_component id="oc-13f">
         <name>.text:main</name>
         <load_address>0x1084</load_address>
         <run_address>0x1084</run_address>
         <size>0x280</size>
         <input_file_ref idref="fl-5"/>
      </object_component>
      <object_component id="oc-3ad">
         <name>.text:_pconv_a</name>
         <load_address>0x1304</load_address>
         <run_address>0x1304</run_address>
         <size>0x270</size>
         <input_file_ref idref="fl-d6"/>
      </object_component>
      <object_component id="oc-4c1">
         <name>.text:parse_term</name>
         <load_address>0x1574</load_address>
         <run_address>0x1574</run_address>
         <size>0x1e7</size>
         <input_file_ref idref="fl-2"/>
      </object_component>
      <object_component id="oc-39b">
         <name>.text:_pconv_g</name>
         <load_address>0x175c</load_address>
         <run_address>0x175c</run_address>
         <size>0x1d0</size>
         <input_file_ref idref="fl-d6"/>
      </object_component>
      <object_component id="oc-55a">
         <name>.text</name>
         <load_address>0x192c</load_address>
         <run_address>0x192c</run_address>
         <size>0x1b6</size>
         <input_file_ref idref="fl-c6"/>
      </object_component>
      <object_component id="oc-39">
         <name>.text:IntDefaultHandler</name>
         <load_address>0x1ae2</load_address>
         <run_address>0x1ae2</run_address>
         <size>0x2</size>
         <input_file_ref idref="fl-4"/>
      </object_component>
      <object_component id="oc-674">
         <name>.text:USBLibDMAInit</name>
         <load_address>0x1ae4</load_address>
         <run_address>0x1ae4</run_address>
         <size>0x164</size>
         <input_file_ref idref="fl-fb"/>
      </object_component>
      <object_component id="oc-4a3">
         <name>.text:USBDCDInit</name>
         <load_address>0x1c48</load_address>
         <run_address>0x1c48</run_address>
         <size>0x150</size>
         <input_file_ref idref="fl-f7"/>
      </object_component>
      <object_component id="oc-427">
         <name>.text:USBDEP0StateTxConfig</name>
         <load_address>0x1d98</load_address>
         <run_address>0x1d98</run_address>
         <size>0x150</size>
         <input_file_ref idref="fl-f7"/>
      </object_component>
      <object_component id="oc-110">
         <name>.text:USBDeviceIntHandlerInternal</name>
         <load_address>0x1ee8</load_address>
         <run_address>0x1ee8</run_address>
         <size>0x150</size>
         <input_file_ref idref="fl-f7"/>
      </object_component>
      <object_component id="oc-8f1">
         <name>.text:USBDeviceConfig</name>
         <load_address>0x2038</load_address>
         <run_address>0x2038</run_address>
         <size>0x148</size>
         <input_file_ref idref="fl-fe"/>
      </object_component>
      <object_component id="oc-3a7">
         <name>.text:_pconv_e</name>
         <load_address>0x2180</load_address>
         <run_address>0x2180</run_address>
         <size>0x13c</size>
         <input_file_ref idref="fl-d6"/>
      </object_component>
      <object_component id="oc-540">
         <name>.text</name>
         <load_address>0x22bc</load_address>
         <run_address>0x22bc</run_address>
         <size>0x136</size>
         <input_file_ref idref="fl-c7"/>
      </object_component>
      <object_component id="oc-5da">
         <name>.text:GPIOPadConfigSet</name>
         <load_address>0x23f2</load_address>
         <run_address>0x23f2</run_address>
         <size>0x132</size>
         <input_file_ref idref="fl-ec"/>
      </object_component>
      <object_component id="oc-56c">
         <name>.text:fcvt</name>
         <load_address>0x2524</load_address>
         <run_address>0x2524</run_address>
         <size>0x124</size>
         <input_file_ref idref="fl-d6"/>
      </object_component>
      <object_component id="oc-460">
         <name>.text:SysCtlClockGet</name>
         <load_address>0x2648</load_address>
         <run_address>0x2648</run_address>
         <size>0x110</size>
         <input_file_ref idref="fl-ee"/>
      </object_component>
      <object_component id="oc-580">
         <name>.text:scalbn</name>
         <load_address>0x2758</load_address>
         <run_address>0x2758</run_address>
         <size>0x110</size>
         <input_file_ref idref="fl-d8"/>
      </object_component>
      <object_component id="oc-53b">
         <name>.text</name>
         <load_address>0x2868</load_address>
         <run_address>0x2868</run_address>
         <size>0xfc</size>
         <input_file_ref idref="fl-c8"/>
      </object_component>
      <object_component id="oc-87c">
         <name>.text:iDMAUSBTransfer</name>
         <load_address>0x2964</load_address>
         <run_address>0x2964</run_address>
         <size>0xf4</size>
         <input_file_ref idref="fl-fb"/>
      </object_component>
      <object_component id="oc-73e">
         <name>.text:USBDGetDescriptor</name>
         <load_address>0x2a58</load_address>
         <run_address>0x2a58</run_address>
         <size>0xe4</size>
         <input_file_ref idref="fl-f7"/>
      </object_component>
      <object_component id="oc-2b0">
         <name>.text:gps_process</name>
         <load_address>0x2b3c</load_address>
         <run_address>0x2b3c</run_address>
         <size>0xe2</size>
         <input_file_ref idref="fl-2"/>
      </object_component>
      <object_component id="oc-2d">
         <name>.text:NmiSR</name>
         <load_address>0x2c1e</load_address>
         <run_address>0x2c1e</run_address>
         <size>0x2</size>
         <input_file_ref idref="fl-4"/>
      </object_component>
      <object_component id="oc-191">
         <name>.text:ControlHandler</name>
         <load_address>0x2c20</load_address>
         <run_address>0x2c20</run_address>
         <size>0xdc</size>
         <input_file_ref idref="fl-5"/>
      </object_component>
      <object_component id="oc-49d">
         <name>.text:USBDCDCCompositeInit</name>
         <load_address>0x2cfc</load_address>
         <run_address>0x2cfc</run_address>
         <size>0xdc</size>
         <input_file_ref idref="fl-f6"/>
      </object_component>
      <object_component id="oc-258">
         <name>.text:USBDeviceEnumHandler</name>
         <load_address>0x2dd8</load_address>
         <run_address>0x2dd8</run_address>
         <size>0xd8</size>
         <input_file_ref idref="fl-f7"/>
      </object_component>
      <object_component id="oc-789">
         <name>.text:HandleRequests</name>
         <load_address>0x2eb0</load_address>
         <run_address>0x2eb0</run_address>
         <size>0xd4</size>
         <input_file_ref idref="fl-f6"/>
      </object_component>
      <object_component id="oc-a13">
         <name>.text:scalbnf</name>
         <load_address>0x2f84</load_address>
         <run_address>0x2f84</run_address>
         <size>0xd0</size>
         <input_file_ref idref="fl-da"/>
      </object_component>
      <object_component id="oc-80a">
         <name>.text:uDMAUSBChannelAllocate</name>
         <load_address>0x3054</load_address>
         <run_address>0x3054</run_address>
         <size>0xd0</size>
         <input_file_ref idref="fl-fb"/>
      </object_component>
      <object_component id="oc-367">
         <name>.text:HandleRxAvailable</name>
         <load_address>0x3124</load_address>
         <run_address>0x3124</run_address>
         <size>0xc0</size>
         <input_file_ref idref="fl-f2"/>
      </object_component>
      <object_component id="oc-84c">
         <name>.text:uDMAUSBTransfer</name>
         <load_address>0x31e4</load_address>
         <run_address>0x31e4</run_address>
         <size>0xbc</size>
         <input_file_ref idref="fl-fb"/>
      </object_component>
      <object_component id="oc-7b3">
         <name>.text:HandleDevice</name>
         <load_address>0x32a0</load_address>
         <run_address>0x32a0</run_address>
         <size>0xb4</size>
         <input_file_ref idref="fl-f6"/>
      </object_component>
      <object_component id="oc-390">
         <name>.text:_ltostr</name>
         <load_address>0x3354</load_address>
         <run_address>0x3354</run_address>
         <size>0xb1</size>
         <input_file_ref idref="fl-d6"/>
      </object_component>
      <object_component id="oc-4bb">
         <name>.text:copy_from_tmp_memory</name>
         <load_address>0x3406</load_address>
         <run_address>0x3406</run_address>
         <size>0xa6</size>
         <input_file_ref idref="fl-2"/>
      </object_component>
      <object_component id="oc-280">
         <name>.text:UART_Init</name>
         <load_address>0x34ac</load_address>
         <run_address>0x34ac</run_address>
         <size>0xa0</size>
         <input_file_ref idref="fl-5"/>
      </object_component>
      <object_component id="oc-6b">
         <name>.text</name>
         <load_address>0x354c</load_address>
         <run_address>0x354c</run_address>
         <size>0x9c</size>
         <input_file_ref idref="fl-cc"/>
      </object_component>
      <object_component id="oc-75c">
         <name>.text:USBDSetInterface</name>
         <load_address>0x35e8</load_address>
         <run_address>0x35e8</run_address>
         <size>0x98</size>
         <input_file_ref idref="fl-f7"/>
      </object_component>
      <object_component id="oc-62b">
         <name>.text:CDCTickHandler</name>
         <load_address>0x3680</load_address>
         <run_address>0x3680</run_address>
         <size>0x96</size>
         <input_file_ref idref="fl-f6"/>
      </object_component>
      <object_component id="oc-534">
         <name>.text</name>
         <load_address>0x3716</load_address>
         <run_address>0x3716</run_address>
         <size>0x96</size>
         <input_file_ref idref="fl-dd"/>
      </object_component>
      <object_component id="oc-310">
         <name>.text:SendSerialState</name>
         <load_address>0x37ac</load_address>
         <run_address>0x37ac</run_address>
         <size>0x94</size>
         <input_file_ref idref="fl-f6"/>
      </object_component>
      <object_component id="oc-1e2">
         <name>.text:ScheduleNextTransmission</name>
         <load_address>0x3840</load_address>
         <run_address>0x3840</run_address>
         <size>0x92</size>
         <input_file_ref idref="fl-f2"/>
      </object_component>
      <object_component id="oc-17b">
         <name>.text:USBDCDCPacketRead</name>
         <load_address>0x38d2</load_address>
         <run_address>0x38d2</run_address>
         <size>0x90</size>
         <input_file_ref idref="fl-f6"/>
      </object_component>
      <object_component id="oc-858">
         <name>.text:iDMAUSBArbSizeSet</name>
         <load_address>0x3962</load_address>
         <run_address>0x3962</run_address>
         <size>0x2</size>
         <input_file_ref idref="fl-fb"/>
      </object_component>
      <object_component id="oc-750">
         <name>.text:USBDSetConfiguration</name>
         <load_address>0x3964</load_address>
         <run_address>0x3964</run_address>
         <size>0x90</size>
         <input_file_ref idref="fl-f7"/>
      </object_component>
      <object_component id="oc-341">
         <name>.text:GetLineCoding</name>
         <load_address>0x39f4</load_address>
         <run_address>0x39f4</run_address>
         <size>0x8c</size>
         <input_file_ref idref="fl-5"/>
      </object_component>
      <object_component id="oc-4b">
         <name>.text:Timer0IntHandler</name>
         <load_address>0x3a80</load_address>
         <run_address>0x3a80</run_address>
         <size>0x8c</size>
         <input_file_ref idref="fl-5"/>
      </object_component>
      <object_component id="oc-905">
         <name>.text:USBDeviceConfigAlternate</name>
         <load_address>0x3b0c</load_address>
         <run_address>0x3b0c</run_address>
         <size>0x8c</size>
         <input_file_ref idref="fl-fe"/>
      </object_component>
      <object_component id="oc-85e">
         <name>.text:iDMAUSBChannelAllocate</name>
         <load_address>0x3b98</load_address>
         <run_address>0x3b98</run_address>
         <size>0x88</size>
         <input_file_ref idref="fl-fb"/>
      </object_component>
      <object_component id="oc-396">
         <name>.text:__aeabi_cdcmple</name>
         <load_address>0x3c20</load_address>
         <run_address>0x3c20</run_address>
         <size>0x86</size>
         <input_file_ref idref="fl-dc"/>
      </object_component>
      <object_component id="oc-545">
         <name>.text:__aeabi_cdrcmple</name>
         <load_address>0x3ca6</load_address>
         <run_address>0x3ca6</run_address>
         <size>0x86</size>
         <input_file_ref idref="fl-dc"/>
      </object_component>
      <object_component id="oc-9af">
         <name>.text:uDMAChannelTransferSet</name>
         <load_address>0x3d2c</load_address>
         <run_address>0x3d2c</run_address>
         <size>0x84</size>
         <input_file_ref idref="fl-100"/>
      </object_component>
      <object_component id="oc-51">
         <name>.text:UART2IntHandler</name>
         <load_address>0x3db0</load_address>
         <run_address>0x3db0</run_address>
         <size>0x7c</size>
         <input_file_ref idref="fl-5"/>
      </object_component>
      <object_component id="oc-72c">
         <name>.text:USBDClearFeature</name>
         <load_address>0x3e2c</load_address>
         <run_address>0x3e2c</run_address>
         <size>0x7c</size>
         <input_file_ref idref="fl-f7"/>
      </object_component>
      <object_component id="oc-a35">
         <name>.text:USBDevEndpointConfigSet</name>
         <load_address>0x3ea8</load_address>
         <run_address>0x3ea8</run_address>
         <size>0x7a</size>
         <input_file_ref idref="fl-101"/>
      </object_component>
      <object_component id="oc-133">
         <name>.text</name>
         <load_address>0x3f22</load_address>
         <run_address>0x3f22</run_address>
         <size>0x7a</size>
         <input_file_ref idref="fl-ce"/>
      </object_component>
      <object_component id="oc-726">
         <name>.text:USBDGetStatus</name>
         <load_address>0x3f9c</load_address>
         <run_address>0x3f9c</run_address>
         <size>0x78</size>
         <input_file_ref idref="fl-f7"/>
      </object_component>
      <object_component id="oc-347">
         <name>.text:SetLineCoding</name>
         <load_address>0x4014</load_address>
         <run_address>0x4014</run_address>
         <size>0x74</size>
         <input_file_ref idref="fl-5"/>
      </object_component>
      <object_component id="oc-939">
         <name>.text:ProcessDataFromHost</name>
         <load_address>0x4088</load_address>
         <run_address>0x4088</run_address>
         <size>0x72</size>
         <input_file_ref idref="fl-f6"/>
      </object_component>
      <object_component id="oc-852">
         <name>.text:uDMAUSBUnitSizeSet</name>
         <load_address>0x40fa</load_address>
         <run_address>0x40fa</run_address>
         <size>0x72</size>
         <input_file_ref idref="fl-fb"/>
      </object_component>
      <object_component id="oc-b1">
         <name>.text:ReadUARTData</name>
         <load_address>0x416c</load_address>
         <run_address>0x416c</run_address>
         <size>0x70</size>
         <input_file_ref idref="fl-5"/>
      </object_component>
      <object_component id="oc-42d">
         <name>.text:USBDEP0StateTx</name>
         <load_address>0x41dc</load_address>
         <run_address>0x41dc</run_address>
         <size>0x70</size>
         <input_file_ref idref="fl-f7"/>
      </object_component>
      <object_component id="oc-732">
         <name>.text:USBDSetFeature</name>
         <load_address>0x424c</load_address>
         <run_address>0x424c</run_address>
         <size>0x70</size>
         <input_file_ref idref="fl-f7"/>
      </object_component>
      <object_component id="oc-804">
         <name>.text:uDMAUSBArbSizeSet</name>
         <load_address>0x42bc</load_address>
         <run_address>0x42bc</run_address>
         <size>0x70</size>
         <input_file_ref idref="fl-fb"/>
      </object_component>
      <object_component id="oc-565">
         <name>.text:_mcpy</name>
         <load_address>0x432c</load_address>
         <run_address>0x432c</run_address>
         <size>0x6e</size>
         <input_file_ref idref="fl-d6"/>
      </object_component>
      <object_component id="oc-894">
         <name>.text:iDMAUSBUnitSizeSet</name>
         <load_address>0x439a</load_address>
         <run_address>0x439a</run_address>
         <size>0x2</size>
         <input_file_ref idref="fl-fb"/>
      </object_component>
      <object_component id="oc-93f">
         <name>.text:ProcessDataToHost</name>
         <load_address>0x439c</load_address>
         <run_address>0x439c</run_address>
         <size>0x6c</size>
         <input_file_ref idref="fl-f6"/>
      </object_component>
      <object_component id="oc-988">
         <name>.text:IntDisable</name>
         <load_address>0x4408</load_address>
         <run_address>0x4408</run_address>
         <size>0x68</size>
         <input_file_ref idref="fl-ed"/>
      </object_component>
      <object_component id="oc-478">
         <name>.text:IntEnable</name>
         <load_address>0x4470</load_address>
         <run_address>0x4470</run_address>
         <size>0x68</size>
         <input_file_ref idref="fl-ed"/>
      </object_component>
      <object_component id="oc-15">
         <name>.text:decompress:lzss:__TI_decompress_lzss</name>
         <load_address>0x44d8</load_address>
         <run_address>0x44d8</run_address>
         <size>0x68</size>
         <input_file_ref idref="fl-d1"/>
      </object_component>
      <object_component id="oc-982">
         <name>.text:IntIsEnabled</name>
         <load_address>0x4540</load_address>
         <run_address>0x4540</run_address>
         <size>0x64</size>
         <input_file_ref idref="fl-ed"/>
      </object_component>
      <object_component id="oc-197">
         <name>.text:USBBufferEventCallback</name>
         <load_address>0x45a4</load_address>
         <run_address>0x45a4</run_address>
         <size>0x64</size>
         <input_file_ref idref="fl-f2"/>
      </object_component>
      <object_component id="oc-45">
         <name>.text:USBUARTIntHandler</name>
         <load_address>0x4608</load_address>
         <run_address>0x4608</run_address>
         <size>0x64</size>
         <input_file_ref idref="fl-5"/>
      </object_component>
      <object_component id="oc-57a">
         <name>.text:frexp</name>
         <load_address>0x466c</load_address>
         <run_address>0x466c</run_address>
         <size>0x64</size>
         <input_file_ref idref="fl-d7"/>
      </object_component>
      <object_component id="oc-6ad">
         <name>.text:parse_lat_long</name>
         <load_address>0x46d0</load_address>
         <run_address>0x46d0</run_address>
         <size>0x64</size>
         <input_file_ref idref="fl-2"/>
      </object_component>
      <object_component id="oc-816">
         <name>.text:uDMAUSBChannelEnable</name>
         <load_address>0x4734</load_address>
         <run_address>0x4734</run_address>
         <size>0x64</size>
         <input_file_ref idref="fl-fb"/>
      </object_component>
      <object_component id="oc-214">
         <name>.text:USBDCDCPacketWrite</name>
         <load_address>0x4798</load_address>
         <run_address>0x4798</run_address>
         <size>0x60</size>
         <input_file_ref idref="fl-f6"/>
      </object_component>
      <object_component id="oc-421">
         <name>.text:USBDReadAndDispatchRequest</name>
         <load_address>0x47f8</load_address>
         <run_address>0x47f8</run_address>
         <size>0x60</size>
         <input_file_ref idref="fl-f7"/>
      </object_component>
      <object_component id="oc-32b">
         <name>.text:USBDevEndpointStatusClear</name>
         <load_address>0x4858</load_address>
         <run_address>0x4858</run_address>
         <size>0x5e</size>
         <input_file_ref idref="fl-101"/>
      </object_component>
      <object_component id="oc-2aa">
         <name>.text:buff_read</name>
         <load_address>0x48b6</load_address>
         <run_address>0x48b6</run_address>
         <size>0x5e</size>
         <input_file_ref idref="fl-3"/>
      </object_component>
      <object_component id="oc-f4">
         <name>.text:buff_write</name>
         <load_address>0x4914</load_address>
         <run_address>0x4914</run_address>
         <size>0x5e</size>
         <input_file_ref idref="fl-3"/>
      </object_component>
      <object_component id="oc-4b5">
         <name>.text:check_crc</name>
         <load_address>0x4972</load_address>
         <run_address>0x4972</run_address>
         <size>0x5c</size>
         <input_file_ref idref="fl-2"/>
      </object_component>
      <object_component id="oc-3a1">
         <name>.text:_pconv_f</name>
         <load_address>0x49ce</load_address>
         <run_address>0x49ce</run_address>
         <size>0x56</size>
         <input_file_ref idref="fl-d6"/>
      </object_component>
      <object_component id="oc-a5">
         <name>.text:USBUARTPrimeTransmit</name>
         <load_address>0x4a24</load_address>
         <run_address>0x4a24</run_address>
         <size>0x54</size>
         <input_file_ref idref="fl-5"/>
      </object_component>
      <object_component id="oc-54f">
         <name>.text:__TI_ltoa</name>
         <load_address>0x4a78</load_address>
         <run_address>0x4a78</run_address>
         <size>0x54</size>
         <input_file_ref idref="fl-e3"/>
      </object_component>
      <object_component id="oc-64a">
         <name>.text:ULPIConfigSet</name>
         <load_address>0x4acc</load_address>
         <run_address>0x4acc</run_address>
         <size>0x52</size>
         <input_file_ref idref="fl-fc"/>
      </object_component>
      <object_component id="oc-55f">
         <name>.text:_ecpy</name>
         <load_address>0x4b1e</load_address>
         <run_address>0x4b1e</run_address>
         <size>0x52</size>
         <input_file_ref idref="fl-d6"/>
      </object_component>
      <object_component id="oc-828">
         <name>.text:uDMAUSBChannelRelease</name>
         <load_address>0x4b70</load_address>
         <run_address>0x4b70</run_address>
         <size>0x52</size>
         <input_file_ref idref="fl-fb"/>
      </object_component>
      <object_component id="oc-6e7">
         <name>.text</name>
         <load_address>0x4bc2</load_address>
         <run_address>0x4bc2</run_address>
         <size>0x2</size>
         <input_file_ref idref="fl-db"/>
      </object_component>
      <object_component id="oc-632">
         <name>.text:SysCtlPeripheralReset</name>
         <load_address>0x4bc4</load_address>
         <run_address>0x4bc4</run_address>
         <size>0x50</size>
         <input_file_ref idref="fl-ee"/>
      </object_component>
      <object_component id="oc-29e">
         <name>.text:USBDCDCInit</name>
         <load_address>0x4c14</load_address>
         <run_address>0x4c14</run_address>
         <size>0x50</size>
         <input_file_ref idref="fl-f6"/>
      </object_component>
      <object_component id="oc-a23">
         <name>.text:USBDCDConfigDescGet</name>
         <load_address>0x4c64</load_address>
         <run_address>0x4c64</run_address>
         <size>0x50</size>
         <input_file_ref idref="fl-fd"/>
      </object_component>
      <object_component id="oc-23a">
         <name>.text:USBDeviceResumeTickHandler</name>
         <load_address>0x4cb4</load_address>
         <run_address>0x4cb4</run_address>
         <size>0x50</size>
         <input_file_ref idref="fl-f7"/>
      </object_component>
      <object_component id="oc-a2f">
         <name>.text:GetEPDescriptorType</name>
         <load_address>0x4d04</load_address>
         <run_address>0x4d04</run_address>
         <size>0x4c</size>
         <input_file_ref idref="fl-fe"/>
      </object_component>
      <object_component id="oc-8e8">
         <name>.text:USBDStringIndexFromRequest</name>
         <load_address>0x4d50</load_address>
         <run_address>0x4d50</run_address>
         <size>0x4c</size>
         <input_file_ref idref="fl-f7"/>
      </object_component>
      <object_component id="oc-9bb">
         <name>.text:USBEndpointDMAConfigSet</name>
         <load_address>0x4d9c</load_address>
         <run_address>0x4d9c</run_address>
         <size>0x4c</size>
         <input_file_ref idref="fl-101"/>
      </object_component>
      <object_component id="oc-38a">
         <name>.text:atoi</name>
         <load_address>0x4de8</load_address>
         <run_address>0x4de8</run_address>
         <size>0x4c</size>
         <input_file_ref idref="fl-e5"/>
      </object_component>
      <object_component id="oc-888">
         <name>.text:iDMAUSBChannelEnable</name>
         <load_address>0x4e34</load_address>
         <run_address>0x4e34</run_address>
         <size>0x4c</size>
         <input_file_ref idref="fl-fb"/>
      </object_component>
      <object_component id="oc-cf">
         <name>.text:snprintf</name>
         <load_address>0x4e80</load_address>
         <run_address>0x4e80</run_address>
         <size>0x4c</size>
         <input_file_ref idref="fl-c5"/>
      </object_component>
      <object_component id="oc-a50">
         <name>.text:ConfigAlternateInterfaceGet</name>
         <load_address>0x4ecc</load_address>
         <run_address>0x4ecc</run_address>
         <size>0x4a</size>
         <input_file_ref idref="fl-fd"/>
      </object_component>
      <object_component id="oc-795">
         <name>.text:HandleEP0Data</name>
         <load_address>0x4f16</load_address>
         <run_address>0x4f16</run_address>
         <size>0x4a</size>
         <input_file_ref idref="fl-f6"/>
      </object_component>
      <object_component id="oc-7ad">
         <name>.text:HandleEndpoints</name>
         <load_address>0x4f60</load_address>
         <run_address>0x4f60</run_address>
         <size>0x4a</size>
         <input_file_ref idref="fl-f6"/>
      </object_component>
      <object_component id="oc-8df">
         <name>.text:USBDevEndpointStallClear</name>
         <load_address>0x4faa</load_address>
         <run_address>0x4faa</run_address>
         <size>0x4a</size>
         <input_file_ref idref="fl-101"/>
      </object_component>
      <object_component id="oc-44e">
         <name>.text:GPIOPinConfigure</name>
         <load_address>0x4ff4</load_address>
         <run_address>0x4ff4</run_address>
         <size>0x48</size>
         <input_file_ref idref="fl-ec"/>
      </object_component>
      <object_component id="oc-60d">
         <name>.text:USBDCDDeviceInfoInit</name>
         <load_address>0x503c</load_address>
         <run_address>0x503c</run_address>
         <size>0x48</size>
         <input_file_ref idref="fl-f7"/>
      </object_component>
      <object_component id="oc-234">
         <name>.text:USBDeviceEnumResetHandler</name>
         <load_address>0x5084</load_address>
         <run_address>0x5084</run_address>
         <size>0x48</size>
         <input_file_ref idref="fl-f7"/>
      </object_component>
      <object_component id="oc-54a">
         <name>.text</name>
         <load_address>0x50cc</load_address>
         <run_address>0x50cc</run_address>
         <size>0x48</size>
         <input_file_ref idref="fl-c9"/>
      </object_component>
      <object_component id="oc-96e">
         <name>.text:uDMAChannelAttributeDisable</name>
         <load_address>0x5114</load_address>
         <run_address>0x5114</run_address>
         <size>0x48</size>
         <input_file_ref idref="fl-100"/>
      </object_component>
      <object_component id="oc-810">
         <name>.text:uDMAUSBChannelDisable</name>
         <load_address>0x515c</load_address>
         <run_address>0x515c</run_address>
         <size>0x48</size>
         <input_file_ref idref="fl-fb"/>
      </object_component>
      <object_component id="oc-466">
         <name>.text:UARTConfigSetExpClk</name>
         <load_address>0x51a4</load_address>
         <run_address>0x51a4</run_address>
         <size>0x46</size>
         <input_file_ref idref="fl-f0"/>
      </object_component>
      <object_component id="oc-325">
         <name>.text:USBEndpointDataGet</name>
         <load_address>0x51ea</load_address>
         <run_address>0x51ea</run_address>
         <size>0x46</size>
         <input_file_ref idref="fl-101"/>
      </object_component>
      <object_component id="oc-175">
         <name>.text:RxHandler</name>
         <load_address>0x5230</load_address>
         <run_address>0x5230</run_address>
         <size>0x44</size>
         <input_file_ref idref="fl-5"/>
      </object_component>
      <object_component id="oc-756">
         <name>.text:USBDGetInterface</name>
         <load_address>0x5274</load_address>
         <run_address>0x5274</run_address>
         <size>0x44</size>
         <input_file_ref idref="fl-f7"/>
      </object_component>
      <object_component id="oc-2c7">
         <name>.text:__TI_auto_init_nobinit_nopinit:__TI_auto_init_nobinit_nopinit</name>
         <load_address>0x52b8</load_address>
         <run_address>0x52b8</run_address>
         <size>0x44</size>
         <input_file_ref idref="fl-de"/>
      </object_component>
      <object_component id="oc-6a7">
         <name>.text:parse_number</name>
         <load_address>0x52fc</load_address>
         <run_address>0x52fc</run_address>
         <size>0x42</size>
         <input_file_ref idref="fl-2"/>
      </object_component>
      <object_component id="oc-572">
         <name>.text:_fcpy</name>
         <load_address>0x533e</load_address>
         <run_address>0x533e</run_address>
         <size>0x3e</size>
         <input_file_ref idref="fl-d6"/>
      </object_component>
      <object_component id="oc-a41">
         <name>.text:USBFIFOConfigSet</name>
         <load_address>0x537c</load_address>
         <run_address>0x537c</run_address>
         <size>0x3a</size>
         <input_file_ref idref="fl-101"/>
      </object_component>
      <object_component id="oc-822">
         <name>.text:uDMAUSBChannelIntDisable</name>
         <load_address>0x53b6</load_address>
         <run_address>0x53b6</run_address>
         <size>0x2</size>
         <input_file_ref idref="fl-fb"/>
      </object_component>
      <object_component id="oc-619">
         <name>.text:InternalUSBRegisterTickHandler</name>
         <load_address>0x53b8</load_address>
         <run_address>0x53b8</run_address>
         <size>0x38</size>
         <input_file_ref idref="fl-f5"/>
      </object_component>
      <object_component id="oc-240">
         <name>.text:InternalUSBStartOfFrameTick</name>
         <load_address>0x53f0</load_address>
         <run_address>0x53f0</run_address>
         <size>0x38</size>
         <input_file_ref idref="fl-f5"/>
      </object_component>
      <object_component id="oc-34d">
         <name>.text:SendBreak</name>
         <load_address>0x5428</load_address>
         <run_address>0x5428</run_address>
         <size>0x38</size>
         <input_file_ref idref="fl-5"/>
      </object_component>
      <object_component id="oc-7ca">
         <name>.text:SendBreak</name>
         <load_address>0x5460</load_address>
         <run_address>0x5460</run_address>
         <size>0x38</size>
         <input_file_ref idref="fl-f6"/>
      </object_component>
      <object_component id="oc-448">
         <name>.text:SysCtlPeripheralReady</name>
         <load_address>0x5498</load_address>
         <run_address>0x5498</run_address>
         <size>0x38</size>
         <input_file_ref idref="fl-ee"/>
      </object_component>
      <object_component id="oc-a29">
         <name>.text:USBDCDConfigGetInterfaceEndpoint</name>
         <load_address>0x54d0</load_address>
         <run_address>0x54d0</run_address>
         <size>0x38</size>
         <input_file_ref idref="fl-fd"/>
      </object_component>
      <object_component id="oc-10a">
         <name>.text:USBIntStatusControl</name>
         <load_address>0x5508</load_address>
         <run_address>0x5508</run_address>
         <size>0x38</size>
         <input_file_ref idref="fl-101"/>
      </object_component>
      <object_component id="oc-51a">
         <name>.text:USBRingBufAdvanceWrite</name>
         <load_address>0x5540</load_address>
         <run_address>0x5540</run_address>
         <size>0x38</size>
         <input_file_ref idref="fl-f4"/>
      </object_component>
      <object_component id="oc-882">
         <name>.text:iDMAUSBChannelRelease</name>
         <load_address>0x5578</load_address>
         <run_address>0x5578</run_address>
         <size>0x38</size>
         <input_file_ref idref="fl-fb"/>
      </object_component>
      <object_component id="oc-8ae">
         <name>.text</name>
         <load_address>0x55b0</load_address>
         <run_address>0x55b0</run_address>
         <size>0x38</size>
         <input_file_ref idref="fl-ca"/>
      </object_component>
      <object_component id="oc-3ea">
         <name>.text:USBEndpointDataPut</name>
         <load_address>0x55e8</load_address>
         <run_address>0x55e8</run_address>
         <size>0x36</size>
         <input_file_ref idref="fl-101"/>
      </object_component>
      <object_component id="oc-78f">
         <name>.text:HandleConfigChange</name>
         <load_address>0x561e</load_address>
         <run_address>0x561e</run_address>
         <size>0x34</size>
         <input_file_ref idref="fl-f6"/>
      </object_component>
      <object_component id="oc-aa3">
         <name>.text:NextConfigDescGet</name>
         <load_address>0x5652</load_address>
         <run_address>0x5652</run_address>
         <size>0x34</size>
         <input_file_ref idref="fl-fd"/>
      </object_component>
      <object_component id="oc-81c">
         <name>.text:uDMAUSBChannelIntEnable</name>
         <load_address>0x5686</load_address>
         <run_address>0x5686</run_address>
         <size>0x2</size>
         <input_file_ref idref="fl-fb"/>
      </object_component>
      <object_component id="oc-442">
         <name>.text:SysCtlPeripheralEnable</name>
         <load_address>0x5688</load_address>
         <run_address>0x5688</run_address>
         <size>0x34</size>
         <input_file_ref idref="fl-ee"/>
      </object_component>
      <object_component id="oc-3f0">
         <name>.text:USBEndpointDataSend</name>
         <load_address>0x56bc</load_address>
         <run_address>0x56bc</run_address>
         <size>0x34</size>
         <input_file_ref idref="fl-101"/>
      </object_component>
      <object_component id="oc-89">
         <name>.text:_c_int00_noargs:_c_int00_noargs</name>
         <load_address>0x56f0</load_address>
         <run_address>0x56f0</run_address>
         <size>0x34</size>
         <input_file_ref idref="fl-d5"/>
      </object_component>
      <object_component id="oc-864">
         <name>.text:iDMAUSBChannelStatus</name>
         <load_address>0x5724</load_address>
         <run_address>0x5724</run_address>
         <size>0x34</size>
         <input_file_ref idref="fl-fb"/>
      </object_component>
      <object_component id="oc-933">
         <name>.text:ProcessNotificationToHost</name>
         <load_address>0x5758</load_address>
         <run_address>0x5758</run_address>
         <size>0x32</size>
         <input_file_ref idref="fl-f6"/>
      </object_component>
      <object_component id="oc-71d">
         <name>.text:USBDevEndpointStall</name>
         <load_address>0x578a</load_address>
         <run_address>0x578a</run_address>
         <size>0x32</size>
         <input_file_ref idref="fl-101"/>
      </object_component>
      <object_component id="oc-834">
         <name>.text:DMAUSBIntHandler</name>
         <load_address>0x57bc</load_address>
         <run_address>0x57bc</run_address>
         <size>0x30</size>
         <input_file_ref idref="fl-fb"/>
      </object_component>
      <object_component id="oc-613">
         <name>.text:InternalUSBTickInit</name>
         <load_address>0x57ec</load_address>
         <run_address>0x57ec</run_address>
         <size>0x30</size>
         <input_file_ref idref="fl-f5"/>
      </object_component>
      <object_component id="oc-74a">
         <name>.text:USBDGetConfiguration</name>
         <load_address>0x581c</load_address>
         <run_address>0x581c</run_address>
         <size>0x30</size>
         <input_file_ref idref="fl-f7"/>
      </object_component>
      <object_component id="oc-1b9">
         <name>.text:_outs</name>
         <load_address>0x584c</load_address>
         <run_address>0x584c</run_address>
         <size>0x30</size>
         <input_file_ref idref="fl-c5"/>
      </object_component>
      <object_component id="oc-88e">
         <name>.text:iDMAUSBChannelDisable</name>
         <load_address>0x587c</load_address>
         <run_address>0x587c</run_address>
         <size>0x30</size>
         <input_file_ref idref="fl-fb"/>
      </object_component>
      <object_component id="oc-d5">
         <name>.text:USBBufferWrite</name>
         <load_address>0x58ac</load_address>
         <run_address>0x58ac</run_address>
         <size>0x2e</size>
         <input_file_ref idref="fl-f2"/>
      </object_component>
      <object_component id="oc-181">
         <name>.text:USBDCDCRxPacketAvailable</name>
         <load_address>0x58da</load_address>
         <run_address>0x58da</run_address>
         <size>0x2e</size>
         <input_file_ref idref="fl-f6"/>
      </object_component>
      <object_component id="oc-5a7">
         <name>.text:UpdateIndexAtomic</name>
         <load_address>0x5908</load_address>
         <run_address>0x5908</run_address>
         <size>0x2e</size>
         <input_file_ref idref="fl-f4"/>
      </object_component>
      <object_component id="oc-6a1">
         <name>.text:parse_float_number</name>
         <load_address>0x5936</load_address>
         <run_address>0x5936</run_address>
         <size>0x2e</size>
         <input_file_ref idref="fl-2"/>
      </object_component>
      <object_component id="oc-555">
         <name>.text</name>
         <load_address>0x5964</load_address>
         <run_address>0x5964</run_address>
         <size>0x2e</size>
         <input_file_ref idref="fl-cb"/>
      </object_component>
      <object_component id="oc-8f9">
         <name>.text:USBDCDConfigDescGetNum</name>
         <load_address>0x5992</load_address>
         <run_address>0x5992</run_address>
         <size>0x2c</size>
         <input_file_ref idref="fl-fd"/>
      </object_component>
      <object_component id="oc-a9c">
         <name>.text:USBDescGet</name>
         <load_address>0x59be</load_address>
         <run_address>0x59be</run_address>
         <size>0x2c</size>
         <input_file_ref idref="fl-fa"/>
      </object_component>
      <object_component id="oc-69b">
         <name>.text:strncmp</name>
         <load_address>0x59ea</load_address>
         <run_address>0x59ea</run_address>
         <size>0x2c</size>
         <input_file_ref idref="fl-d2"/>
      </object_component>
      <object_component id="oc-83a">
         <name>.text:uDMAUSBIntStatus</name>
         <load_address>0x5a16</load_address>
         <run_address>0x5a16</run_address>
         <size>0x2c</size>
         <input_file_ref idref="fl-fb"/>
      </object_component>
      <object_component id="oc-b7">
         <name>.text:CheckForSerialStateChange</name>
         <load_address>0x5a42</load_address>
         <run_address>0x5a42</run_address>
         <size>0x2a</size>
         <input_file_ref idref="fl-5"/>
      </object_component>
      <object_component id="oc-5d4">
         <name>.text:GPIODirModeSet</name>
         <load_address>0x5a6c</load_address>
         <run_address>0x5a6c</run_address>
         <size>0x2a</size>
         <input_file_ref idref="fl-ec"/>
      </object_component>
      <object_component id="oc-361">
         <name>.text:HandleRequestBuffer</name>
         <load_address>0x5a96</load_address>
         <run_address>0x5a96</run_address>
         <size>0x2a</size>
         <input_file_ref idref="fl-f2"/>
      </object_component>
      <object_component id="oc-16e">
         <name>.text:USBDCDCSerialStateChange</name>
         <load_address>0x5ac0</load_address>
         <run_address>0x5ac0</run_address>
         <size>0x2a</size>
         <input_file_ref idref="fl-f6"/>
      </object_component>
      <object_component id="oc-a49">
         <name>.text:USBDescGetNum</name>
         <load_address>0x5aea</load_address>
         <run_address>0x5aea</run_address>
         <size>0x2a</size>
         <input_file_ref idref="fl-fa"/>
      </object_component>
      <object_component id="oc-331">
         <name>.text:USBDevEndpointDataAck</name>
         <load_address>0x5b14</load_address>
         <run_address>0x5b14</run_address>
         <size>0x2a</size>
         <input_file_ref idref="fl-101"/>
      </object_component>
      <object_component id="oc-158">
         <name>.text:USBBufferRead</name>
         <load_address>0x5b3e</load_address>
         <run_address>0x5b3e</run_address>
         <size>0x28</size>
         <input_file_ref idref="fl-f2"/>
      </object_component>
      <object_component id="oc-738">
         <name>.text:USBDSetAddress</name>
         <load_address>0x5b68</load_address>
         <run_address>0x5b68</run_address>
         <size>0x28</size>
         <input_file_ref idref="fl-f7"/>
      </object_component>
      <object_component id="oc-67a">
         <name>.text:USBIntEnableControl</name>
         <load_address>0x5b90</load_address>
         <run_address>0x5b90</run_address>
         <size>0x28</size>
         <input_file_ref idref="fl-101"/>
      </object_component>
      <object_component id="oc-100">
         <name>.text:buff_get_free</name>
         <load_address>0x5bb8</load_address>
         <run_address>0x5bb8</run_address>
         <size>0x28</size>
         <input_file_ref idref="fl-3"/>
      </object_component>
      <object_component id="oc-9a0">
         <name>.text:uDMAChannelModeGet</name>
         <load_address>0x5be0</load_address>
         <run_address>0x5be0</run_address>
         <size>0x28</size>
         <input_file_ref idref="fl-100"/>
      </object_component>
      <object_component id="oc-28c">
         <name>.text:buff_init</name>
         <load_address>0x5c08</load_address>
         <run_address>0x5c08</run_address>
         <size>0x26</size>
         <input_file_ref idref="fl-3"/>
      </object_component>
      <object_component id="oc-7a7">
         <name>.text:HandleDisconnect</name>
         <load_address>0x5c2e</load_address>
         <run_address>0x5c2e</run_address>
         <size>0x24</size>
         <input_file_ref idref="fl-f6"/>
      </object_component>
      <object_component id="oc-7d6">
         <name>.text:SendLineStateChange</name>
         <load_address>0x5c52</load_address>
         <run_address>0x5c52</run_address>
         <size>0x24</size>
         <input_file_ref idref="fl-f6"/>
      </object_component>
      <object_component id="oc-974">
         <name>.text:USBEndpointDMADisable</name>
         <load_address>0x5c76</load_address>
         <run_address>0x5c76</run_address>
         <size>0x24</size>
         <input_file_ref idref="fl-101"/>
      </object_component>
      <object_component id="oc-98e">
         <name>.text:USBEndpointDMAEnable</name>
         <load_address>0x5c9a</load_address>
         <run_address>0x5c9a</run_address>
         <size>0x24</size>
         <input_file_ref idref="fl-101"/>
      </object_component>
      <object_component id="oc-298">
         <name>.text:USBStackModeSet</name>
         <load_address>0x5cc0</load_address>
         <run_address>0x5cc0</run_address>
         <size>0x24</size>
         <input_file_ref idref="fl-f3"/>
      </object_component>
      <object_component id="oc-961">
         <name>.text:uDMAChannelControlSet</name>
         <load_address>0x5ce4</load_address>
         <run_address>0x5ce4</run_address>
         <size>0x24</size>
         <input_file_ref idref="fl-100"/>
      </object_component>
      <object_component id="oc-7dc">
         <name>.text:SendLineCodingChange</name>
         <load_address>0x5d08</load_address>
         <run_address>0x5d08</run_address>
         <size>0x22</size>
         <input_file_ref idref="fl-f6"/>
      </object_component>
      <object_component id="oc-2a4">
         <name>.text:buff_get_full</name>
         <load_address>0x5d2a</load_address>
         <run_address>0x5d2a</run_address>
         <size>0x22</size>
         <input_file_ref idref="fl-3"/>
      </object_component>
      <object_component id="oc-82e">
         <name>.text:uDMAUSBChannelStatus</name>
         <load_address>0x5d4c</load_address>
         <run_address>0x5d4c</run_address>
         <size>0x22</size>
         <input_file_ref idref="fl-fb"/>
      </object_component>
      <object_component id="oc-90f">
         <name>.text:CheckAndSendBreak</name>
         <load_address>0x5d6e</load_address>
         <run_address>0x5d6e</run_address>
         <size>0x20</size>
         <input_file_ref idref="fl-f6"/>
      </object_component>
      <object_component id="oc-a3b">
         <name>.text:GetEndpointFIFOSize</name>
         <load_address>0x5d8e</load_address>
         <run_address>0x5d8e</run_address>
         <size>0x20</size>
         <input_file_ref idref="fl-fe"/>
      </object_component>
      <object_component id="oc-355">
         <name>.text:HandleDataRemaining</name>
         <load_address>0x5dae</load_address>
         <run_address>0x5dae</run_address>
         <size>0x20</size>
         <input_file_ref idref="fl-f2"/>
      </object_component>
      <object_component id="oc-45a">
         <name>.text:UARTDisable</name>
         <load_address>0x5dd0</load_address>
         <run_address>0x5dd0</run_address>
         <size>0x20</size>
         <input_file_ref idref="fl-f0"/>
      </object_component>
      <object_component id="oc-50c">
         <name>.text:USBRingBufAdvanceRead</name>
         <load_address>0x5df0</load_address>
         <run_address>0x5df0</run_address>
         <size>0x20</size>
         <input_file_ref idref="fl-f4"/>
      </object_component>
      <object_component id="oc-513">
         <name>.text:USBRingBufContigFree</name>
         <load_address>0x5e10</load_address>
         <run_address>0x5e10</run_address>
         <size>0x1e</size>
         <input_file_ref idref="fl-f4"/>
      </object_component>
      <object_component id="oc-7e7">
         <name>.text:USBULPIRegRead</name>
         <load_address>0x5e2e</load_address>
         <run_address>0x5e2e</run_address>
         <size>0x1e</size>
         <input_file_ref idref="fl-101"/>
      </object_component>
      <object_component id="oc-7ed">
         <name>.text:USBULPIRegWrite</name>
         <load_address>0x5e4c</load_address>
         <run_address>0x5e4c</run_address>
         <size>0x1e</size>
         <input_file_ref idref="fl-101"/>
      </object_component>
      <object_component id="oc-8ff">
         <name>.text:USBDCDConfigGetInterface</name>
         <load_address>0x5e6a</load_address>
         <run_address>0x5e6a</run_address>
         <size>0x1c</size>
         <input_file_ref idref="fl-fd"/>
      </object_component>
      <object_component id="oc-5b7">
         <name>.text:USBDCDStallEP0</name>
         <load_address>0x5e88</load_address>
         <run_address>0x5e88</run_address>
         <size>0x1c</size>
         <input_file_ref idref="fl-f7"/>
      </object_component>
      <object_component id="oc-31f">
         <name>.text:USBEndpointDataAvail</name>
         <load_address>0x5ea4</load_address>
         <run_address>0x5ea4</run_address>
         <size>0x1c</size>
         <input_file_ref idref="fl-101"/>
      </object_component>
      <object_component id="oc-2f9">
         <name>.text:USBRingBufRead</name>
         <load_address>0x5ec0</load_address>
         <run_address>0x5ec0</run_address>
         <size>0x1c</size>
         <input_file_ref idref="fl-f4"/>
      </object_component>
      <object_component id="oc-1dc">
         <name>.text:USBRingBufWrite</name>
         <load_address>0x5edc</load_address>
         <run_address>0x5edc</run_address>
         <size>0x1c</size>
         <input_file_ref idref="fl-f4"/>
      </object_component>
      <object_component id="oc-3b3">
         <name>.text:memccpy</name>
         <load_address>0x5ef8</load_address>
         <run_address>0x5ef8</run_address>
         <size>0x1c</size>
         <input_file_ref idref="fl-e7"/>
      </object_component>
      <object_component id="oc-7d0">
         <name>.text:DeviceConsumedAllData</name>
         <load_address>0x5f14</load_address>
         <run_address>0x5f14</run_address>
         <size>0x1a</size>
         <input_file_ref idref="fl-f6"/>
      </object_component>
      <object_component id="oc-5c4">
         <name>.text:USBDCDConfigDescGetSize</name>
         <load_address>0x5f2e</load_address>
         <run_address>0x5f2e</run_address>
         <size>0x1a</size>
         <input_file_ref idref="fl-fd"/>
      </object_component>
      <object_component id="oc-968">
         <name>.text:USBEndpointDMAChannel</name>
         <load_address>0x5f48</load_address>
         <run_address>0x5f48</run_address>
         <size>0x1a</size>
         <input_file_ref idref="fl-101"/>
      </object_component>
      <object_component id="oc-700">
         <name>.text:copysign</name>
         <load_address>0x5f62</load_address>
         <run_address>0x5f62</run_address>
         <size>0x1a</size>
         <input_file_ref idref="fl-eb"/>
      </object_component>
      <object_component id="oc-30a">
         <name>.text:SetDeferredOpFlag</name>
         <load_address>0x5f7c</load_address>
         <run_address>0x5f7c</run_address>
         <size>0x18</size>
         <input_file_ref idref="fl-f6"/>
      </object_component>
      <object_component id="oc-57">
         <name>.text:USB0DeviceIntHandler</name>
         <load_address>0x5f94</load_address>
         <run_address>0x5f94</run_address>
         <size>0x18</size>
         <input_file_ref idref="fl-f8"/>
      </object_component>
      <object_component id="oc-292">
         <name>.text:USBBufferInit</name>
         <load_address>0x5fac</load_address>
         <run_address>0x5fac</run_address>
         <size>0x18</size>
         <input_file_ref idref="fl-f2"/>
      </object_component>
      <object_component id="oc-607">
         <name>.text:USBDCDFeatureGet</name>
         <load_address>0x5fc4</load_address>
         <run_address>0x5fc4</run_address>
         <size>0x18</size>
         <input_file_ref idref="fl-f7"/>
      </object_component>
      <object_component id="oc-744">
         <name>.text:USBDSetDescriptor</name>
         <load_address>0x5fdc</load_address>
         <run_address>0x5fdc</run_address>
         <size>0x18</size>
         <input_file_ref idref="fl-f7"/>
      </object_component>
      <object_component id="oc-762">
         <name>.text:USBDSyncFrame</name>
         <load_address>0x5ff4</load_address>
         <run_address>0x5ff4</run_address>
         <size>0x18</size>
         <input_file_ref idref="fl-f7"/>
      </object_component>
      <object_component id="oc-1bf">
         <name>.text:_outc</name>
         <load_address>0x600c</load_address>
         <run_address>0x600c</run_address>
         <size>0x18</size>
         <input_file_ref idref="fl-c5"/>
      </object_component>
      <object_component id="oc-a90">
         <name>.text:copysignf</name>
         <load_address>0x6024</load_address>
         <run_address>0x6024</run_address>
         <size>0x18</size>
         <input_file_ref idref="fl-ea"/>
      </object_component>
      <object_component id="oc-97b">
         <name>.text:uDMAChannelDisable</name>
         <load_address>0x603c</load_address>
         <run_address>0x603c</run_address>
         <size>0x18</size>
         <input_file_ref idref="fl-100"/>
      </object_component>
      <object_component id="oc-994">
         <name>.text:uDMAChannelEnable</name>
         <load_address>0x6054</load_address>
         <run_address>0x6054</run_address>
         <size>0x18</size>
         <input_file_ref idref="fl-100"/>
      </object_component>
      <object_component id="oc-929">
         <name>.text:CheckAndSendLineCodingChange</name>
         <load_address>0x606c</load_address>
         <run_address>0x606c</run_address>
         <size>0x16</size>
         <input_file_ref idref="fl-f6"/>
      </object_component>
      <object_component id="oc-915">
         <name>.text:CheckAndSendLineStateChange</name>
         <load_address>0x6082</load_address>
         <run_address>0x6082</run_address>
         <size>0x16</size>
         <input_file_ref idref="fl-f6"/>
      </object_component>
      <object_component id="oc-680">
         <name>.text:USBIntEnableEndpoint</name>
         <load_address>0x6098</load_address>
         <run_address>0x6098</run_address>
         <size>0x16</size>
         <input_file_ref idref="fl-101"/>
      </object_component>
      <object_component id="oc-501">
         <name>.text:USBRingBufFlush</name>
         <load_address>0x60ae</load_address>
         <run_address>0x60ae</run_address>
         <size>0x16</size>
         <input_file_ref idref="fl-f4"/>
      </object_component>
      <object_component id="oc-4ea">
         <name>.text:USBRingBufReadOne</name>
         <load_address>0x60c4</load_address>
         <run_address>0x60c4</run_address>
         <size>0x16</size>
         <input_file_ref idref="fl-f4"/>
      </object_component>
      <object_component id="oc-15f">
         <name>.text:USBRingBufUsed</name>
         <load_address>0x60da</load_address>
         <run_address>0x60da</run_address>
         <size>0x16</size>
         <input_file_ref idref="fl-f4"/>
      </object_component>
      <object_component id="oc-586">
         <name>.text:strchr</name>
         <load_address>0x60f0</load_address>
         <run_address>0x60f0</run_address>
         <size>0x16</size>
         <input_file_ref idref="fl-e8"/>
      </object_component>
      <object_component id="oc-35b">
         <name>.text:HandleTxComplete</name>
         <load_address>0x6106</load_address>
         <run_address>0x6106</run_address>
         <size>0x14</size>
         <input_file_ref idref="fl-f2"/>
      </object_component>
      <object_component id="oc-638">
         <name>.text:SysCtlUSBPLLEnable</name>
         <load_address>0x611c</load_address>
         <run_address>0x611c</run_address>
         <size>0x14</size>
         <input_file_ref idref="fl-ee"/>
      </object_component>
      <object_component id="oc-472">
         <name>.text:UARTEnable</name>
         <load_address>0x6130</load_address>
         <run_address>0x6130</run_address>
         <size>0x14</size>
         <input_file_ref idref="fl-f0"/>
      </object_component>
      <object_component id="oc-21a">
         <name>.text:USBDCDCTxPacketAvailable</name>
         <load_address>0x6144</load_address>
         <run_address>0x6144</run_address>
         <size>0x14</size>
         <input_file_ref idref="fl-f6"/>
      </object_component>
      <object_component id="oc-921">
         <name>.text:USBDCDRequestDataEP0</name>
         <load_address>0x6158</load_address>
         <run_address>0x6158</run_address>
         <size>0x14</size>
         <input_file_ref idref="fl-f7"/>
      </object_component>
      <object_component id="oc-91b">
         <name>.text:USBDCDSendDataEP0</name>
         <load_address>0x616c</load_address>
         <run_address>0x616c</run_address>
         <size>0x14</size>
         <input_file_ref idref="fl-f7"/>
      </object_component>
      <object_component id="oc-9f3">
         <name>.text:USBDMAChannelConfigSet</name>
         <load_address>0x6180</load_address>
         <run_address>0x6180</run_address>
         <size>0x14</size>
         <input_file_ref idref="fl-101"/>
      </object_component>
      <object_component id="oc-40c">
         <name>.text:USBHostResume</name>
         <load_address>0x6194</load_address>
         <run_address>0x6194</run_address>
         <size>0x14</size>
         <input_file_ref idref="fl-101"/>
      </object_component>
      <object_component id="oc-aad">
         <name>.text:_USBIndexWrite</name>
         <load_address>0x61a8</load_address>
         <run_address>0x61a8</run_address>
         <size>0x14</size>
         <input_file_ref idref="fl-101"/>
      </object_component>
      <object_component id="oc-384">
         <name>.text:strlen</name>
         <load_address>0x61bc</load_address>
         <run_address>0x61bc</run_address>
         <size>0x14</size>
         <input_file_ref idref="fl-e9"/>
      </object_component>
      <object_component id="oc-454">
         <name>.text:GPIOPinTypeUART</name>
         <load_address>0x61d0</load_address>
         <run_address>0x61d0</run_address>
         <size>0x12</size>
         <input_file_ref idref="fl-ec"/>
      </object_component>
      <object_component id="oc-7a1">
         <name>.text:HandleResume</name>
         <load_address>0x61e2</load_address>
         <run_address>0x61e2</run_address>
         <size>0x12</size>
         <input_file_ref idref="fl-f6"/>
      </object_component>
      <object_component id="oc-79b">
         <name>.text:HandleSuspend</name>
         <load_address>0x61f4</load_address>
         <run_address>0x61f4</run_address>
         <size>0x12</size>
         <input_file_ref idref="fl-f6"/>
      </object_component>
      <object_component id="oc-9c4">
         <name>.text:USBDMAChannelDisable</name>
         <load_address>0x6206</load_address>
         <run_address>0x6206</run_address>
         <size>0x12</size>
         <input_file_ref idref="fl-101"/>
      </object_component>
      <object_component id="oc-9f9">
         <name>.text:USBDMAChannelEnable</name>
         <load_address>0x6218</load_address>
         <run_address>0x6218</run_address>
         <size>0x12</size>
         <input_file_ref idref="fl-101"/>
      </object_component>
      <object_component id="oc-9e0">
         <name>.text:USBDMAChannelIntDisable</name>
         <load_address>0x622a</load_address>
         <run_address>0x622a</run_address>
         <size>0x12</size>
         <input_file_ref idref="fl-101"/>
      </object_component>
      <object_component id="oc-9d9">
         <name>.text:USBDMAChannelIntEnable</name>
         <load_address>0x623c</load_address>
         <run_address>0x623c</run_address>
         <size>0x12</size>
         <input_file_ref idref="fl-101"/>
      </object_component>
      <object_component id="oc-1d6">
         <name>.text:USBRingBufFree</name>
         <load_address>0x624e</load_address>
         <run_address>0x624e</run_address>
         <size>0x12</size>
         <input_file_ref idref="fl-f4"/>
      </object_component>
      <object_component id="oc-3b9">
         <name>.text:wcslen</name>
         <load_address>0x6260</load_address>
         <run_address>0x6260</run_address>
         <size>0x12</size>
         <input_file_ref idref="fl-d9"/>
      </object_component>
      <object_component id="oc-6d6">
         <name>.text:IntMasterDisable</name>
         <load_address>0x6272</load_address>
         <run_address>0x6272</run_address>
         <size>0x10</size>
         <input_file_ref idref="fl-ed"/>
      </object_component>
      <object_component id="oc-484">
         <name>.text:IntMasterEnable</name>
         <load_address>0x6282</load_address>
         <run_address>0x6282</run_address>
         <size>0x10</size>
         <input_file_ref idref="fl-ed"/>
      </object_component>
      <object_component id="oc-3f">
         <name>.text:SysTickIntHandler</name>
         <load_address>0x6294</load_address>
         <run_address>0x6294</run_address>
         <size>0x10</size>
         <input_file_ref idref="fl-5"/>
      </object_component>
      <object_component id="oc-319">
         <name>.text:USBEndpointStatus</name>
         <load_address>0x62a4</load_address>
         <run_address>0x62a4</run_address>
         <size>0x10</size>
         <input_file_ref idref="fl-101"/>
      </object_component>
      <object_component id="oc-3dd">
         <name>.text:USBRingBufContigUsed</name>
         <load_address>0x62b4</load_address>
         <run_address>0x62b4</run_address>
         <size>0x10</size>
         <input_file_ref idref="fl-f4"/>
      </object_component>
      <object_component id="oc-3d6">
         <name>.text:USBRingBufWriteOne</name>
         <load_address>0x62c4</load_address>
         <run_address>0x62c4</run_address>
         <size>0x10</size>
         <input_file_ref idref="fl-f4"/>
      </object_component>
      <object_component id="oc-840">
         <name>.text:DMAUSBIntStatusClear</name>
         <load_address>0x62d4</load_address>
         <run_address>0x62d4</run_address>
         <size>0xe</size>
         <input_file_ref idref="fl-fb"/>
      </object_component>
      <object_component id="oc-fa">
         <name>.text:UARTCharsAvail</name>
         <load_address>0x62e2</load_address>
         <run_address>0x62e2</run_address>
         <size>0xe</size>
         <input_file_ref idref="fl-f0"/>
      </object_component>
      <object_component id="oc-9cb">
         <name>.text:USBDMAChannelStatus</name>
         <load_address>0x62f0</load_address>
         <run_address>0x62f0</run_address>
         <size>0xe</size>
         <input_file_ref idref="fl-101"/>
      </object_component>
      <object_component id="oc-662">
         <name>.text:USBDevLPMDisable</name>
         <load_address>0x62fe</load_address>
         <run_address>0x62fe</run_address>
         <size>0xe</size>
         <input_file_ref idref="fl-101"/>
      </object_component>
      <object_component id="oc-24c">
         <name>.text:USBDevLPMEnable</name>
         <load_address>0x630c</load_address>
         <run_address>0x630c</run_address>
         <size>0xe</size>
         <input_file_ref idref="fl-101"/>
      </object_component>
      <object_component id="oc-650">
[...]
      </symbol>
      <symbol id="sm-a66">
         <name>g_pfnTickHandlers</name>
         <value>0x200004b8</value>
      </symbol>
      <symbol id="sm-a67">
         <name>g_pvTickInstance</name>
         <value>0x200004d0</value>
      </symbol>
      <symbol id="sm-a68">
         <name>g_ui32USBSOFCount</name>
         <value>0x20000a40</value>
         <object_component_ref idref="oc-268"/>
      </symbol>
      <symbol id="sm-a69">
         <name>g_bUSBTimerInitialized</name>
         <value>0x20000a38</value>
         <object_component_ref idref="oc-268"/>
      </symbol>
      <symbol id="sm-a6a">
         <name>g_ui32CurrentUSBTick</name>
         <value>0x20000a3c</value>
         <object_component_ref idref="oc-268"/>
      </symbol>
      <symbol id="sm-a6b">
         <name>InternalUSBStartOfFrameTick</name>
         <value>0x53f1</value>
         <object_component_ref idref="oc-240"/>
      </symbol>
      <symbol id="sm-a6c">
         <name>InternalUSBRegisterTickHandler</name>
         <value>0x53b9</value>
         <object_component_ref idref="oc-619"/>
      </symbol>
      <symbol id="sm-a6d">
         <name>InternalUSBTickInit</name>
         <value>0x57ed</value>
         <object_component_ref idref="oc-613"/>
      </symbol>
      <symbol id="sm-c49">
         <name>g_psCDCCompSerSections</name>
         <value>0x20000a00</value>
         <object_component_ref idref="oc-94c"/>
      </symbol>
      <symbol id="sm-c4a">
         <name>g_pui8CDCSerDataInterfaceHS</name>
         <value>0x68ab</value>
         <object_component_ref idref="oc-abe"/>
      </symbol>
      <symbol id="sm-c4b">
         <name>g_sCDCCompSerConfigHeader</name>
         <value>0x68d4</value>
         <object_component_ref idref="oc-7c0"/>
      </symbol>
      <symbol id="sm-c4c">
         <name>g_sCDCSerCommInterfaceSection</name>
         <value>0x68e4</value>
         <object_component_ref idref="oc-a09"/>
      </symbol>
      <symbol id="sm-c4d">
         <name>g_pCDCCompSerConfigDescriptorsHS</name>
         <value>0x6924</value>
         <object_component_ref idref="oc-628"/>
      </symbol>
      <symbol id="sm-c4e">
         <name>USBDCDCSerialStateChange</name>
         <value>0x5ac1</value>
         <object_component_ref idref="oc-16e"/>
      </symbol>
      <symbol id="sm-c4f">
         <name>g_sIADSerConfigSection</name>
         <value>0x6914</value>
         <object_component_ref idref="oc-a65"/>
      </symbol>
      <symbol id="sm-c50">
         <name>g_ppCDCSerConfigDescriptors</name>
         <value>0x6928</value>
         <object_component_ref idref="oc-4ac"/>
      </symbol>
      <symbol id="sm-c51">
         <name>g_pCDCCompSerConfigDescriptors</name>
         <value>0x6920</value>
         <object_component_ref idref="oc-625"/>
      </symbol>
      <symbol id="sm-c52">
         <name>g_sCDCSerDataInterfaceSectionHS</name>
         <value>0x690c</value>
         <object_component_ref idref="oc-a60"/>
      </symbol>
      <symbol id="sm-c53">
         <name>USBDCDCCompositeInit</name>
         <value>0x2cfd</value>
         <object_component_ref idref="oc-49d"/>
      </symbol>
      <symbol id="sm-c54">
         <name>USBDCDCTxPacketAvailable</name>
         <value>0x6145</value>
         <object_component_ref idref="oc-21a"/>
      </symbol>
      <symbol id="sm-c55">
         <name>g_pui8CDCSerDataInterface</name>
         <value>0x6894</value>
         <object_component_ref idref="oc-a8b"/>
      </symbol>
      <symbol id="sm-c56">
         <name>g_pui8IADSerDescriptor</name>
         <value>0x20000a59</value>
         <object_component_ref idref="oc-ac3"/>
      </symbol>
      <symbol id="sm-c57">
         <name>g_sCDCSerDataInterfaceSection</name>
         <value>0x6904</value>
         <object_component_ref idref="oc-a0c"/>
      </symbol>
      <symbol id="sm-c58">
         <name>USBDCDCInit</name>
         <value>0x4c15</value>
         <object_component_ref idref="oc-29e"/>
      </symbol>
      <symbol id="sm-c59">
         <name>ProcessNotificationToHost</name>
         <value>0x5759</value>
         <object_component_ref idref="oc-933"/>
      </symbol>
      <symbol id="sm-c5a">
         <name>g_sCDCSerConfigSection</name>
         <value>0x68fc</value>
         <object_component_ref idref="oc-a06"/>
      </symbol>
      <symbol id="sm-c5b">
         <name>g_sCDCCompSerConfigHeaderHS</name>
         <value>0x68dc</value>
         <object_component_ref idref="oc-7c5"/>
      </symbol>
      <symbol id="sm-c5c">
         <name>g_sCDCHandlers</name>
         <value>0x67b4</value>
         <object_component_ref idref="oc-61f"/>
      </symbol>
      <symbol id="sm-c5d">
         <name>g_psCDCSerSections</name>
         <value>0x20000a20</value>
         <object_component_ref idref="oc-8a1"/>
      </symbol>
      <symbol id="sm-c5e">
         <name>ProcessDataFromHost</name>
         <value>0x4089</value>
         <object_component_ref idref="oc-939"/>
      </symbol>
      <symbol id="sm-c5f">
         <name>USBDCDCRxPacketAvailable</name>
         <value>0x58db</value>
         <object_component_ref idref="oc-181"/>
      </symbol>
      <symbol id="sm-c60">
         <name>g_sCDCSerConfigHeaderHS</name>
         <value>0x68f4</value>
         <object_component_ref idref="oc-7bb"/>
      </symbol>
      <symbol id="sm-c61">
         <name>g_pui8CDCSerDescriptor</name>
         <value>0x20000a44</value>
         <object_component_ref idref="oc-4a9"/>
      </symbol>
      <symbol id="sm-c62">
         <name>g_ppCDCSerConfigDescriptorsHS</name>
         <value>0x692c</value>
         <object_component_ref idref="oc-622"/>
      </symbol>
      <symbol id="sm-c63">
         <name>ProcessDataToHost</name>
         <value>0x439d</value>
         <object_component_ref idref="oc-93f"/>
      </symbol>
      <symbol id="sm-c64">
         <name>USBDCDCPacketRead</name>
         <value>0x38d3</value>
         <object_component_ref idref="oc-17b"/>
      </symbol>
      <symbol id="sm-c65">
         <name>g_psCDCCompSerSectionsHS</name>
         <value>0x20000a10</value>
         <object_component_ref idref="oc-951"/>
      </symbol>
      <symbol id="sm-c66">
         <name>g_sCDCSerConfigHeader</name>
         <value>0x68ec</value>
         <object_component_ref idref="oc-692"/>
      </symbol>
      <symbol id="sm-c67">
         <name>g_psCDCSerSectionsHS</name>
         <value>0x20000a2c</value>
         <object_component_ref idref="oc-947"/>
      </symbol>
      <symbol id="sm-c68">
         <name>g_pui8CDCSerDeviceDescriptor</name>
         <value>0x200009ed</value>
         <object_component_ref idref="oc-4af"/>
      </symbol>
      <symbol id="sm-c69">
         <name>g_pui8CDCSerCommInterface</name>
         <value>0x6834</value>
         <object_component_ref idref="oc-a86"/>
      </symbol>
      <symbol id="sm-c6a">
         <name>USBDCDCPacketWrite</name>
         <value>0x4799</value>
         <object_component_ref idref="oc-214"/>
      </symbol>
      <symbol id="sm-e10">
         <name>g_psDCDInst</name>
         <value>0x20000428</value>
      </symbol>
      <symbol id="sm-e11">
         <name>g_ppsDevInfo</name>
         <value>0x20000500</value>
      </symbol>
      <symbol id="sm-e12">
         <name>USBDCDSendDataEP0</name>
         <value>0x616d</value>
         <object_component_ref idref="oc-91b"/>
      </symbol>
      <symbol id="sm-e13">
         <name>USBDCDStallEP0</name>
         <value>0x5e89</value>
         <object_component_ref idref="oc-5b7"/>
      </symbol>
      <symbol id="sm-e14">
         <name>USBDCDRequestDataEP0</name>
         <value>0x6159</value>
         <object_component_ref idref="oc-921"/>
      </symbol>
      <symbol id="sm-e15">
         <name>USBDeviceEnumHandler</name>
         <value>0x2dd9</value>
         <object_component_ref idref="oc-258"/>
      </symbol>
      <symbol id="sm-e16">
         <name>USBDCDInit</name>
         <value>0x1c49</value>
         <object_component_ref idref="oc-4a3"/>
      </symbol>
      <symbol id="sm-e17">
         <name>USBDeviceEnumResetHandler</name>
         <value>0x5085</value>
         <object_component_ref idref="oc-234"/>
      </symbol>
      <symbol id="sm-e18">
         <name>USBDCDFeatureGet</name>
         <value>0x5fc5</value>
         <object_component_ref idref="oc-607"/>
      </symbol>
      <symbol id="sm-e19">
         <name>USBDCDDeviceInfoInit</name>
         <value>0x503d</value>
         <object_component_ref idref="oc-60d"/>
      </symbol>
      <symbol id="sm-e1a">
         <name>USBDeviceIntHandlerInternal</name>
         <value>0x1ee9</value>
         <object_component_ref idref="oc-110"/>
      </symbol>
      <symbol id="sm-e1b">
         <name>USBDeviceResumeTickHandler</name>
         <value>0x4cb5</value>
         <object_component_ref idref="oc-23a"/>
      </symbol>
      <symbol id="sm-e27">
         <name>USB0DeviceIntHandler</name>
         <value>0x5f95</value>
         <object_component_ref idref="oc-57"/>
      </symbol>
      <symbol id="sm-e46">
         <name>USBDescGet</name>
         <value>0x59bf</value>
         <object_component_ref idref="oc-a9c"/>
      </symbol>
      <symbol id="sm-e47">
         <name>USBDescGetNum</name>
         <value>0x5aeb</value>
         <object_component_ref idref="oc-a49"/>
      </symbol>
      <symbol id="sm-f87">
         <name>USBLibDMAInit</name>
         <value>0x1ae5</value>
         <object_component_ref idref="oc-674"/>
      </symbol>
      <symbol id="sm-f94">
         <name>ULPIConfigSet</name>
         <value>0x4acd</value>
         <object_component_ref idref="oc-64a"/>
      </symbol>
      <symbol id="sm-fe4">
         <name>USBDCDConfigDescGet</name>
         <value>0x4c65</value>
         <object_component_ref idref="oc-a23"/>
      </symbol>
      <symbol id="sm-fe5">
         <name>USBDCDConfigGetInterface</name>
         <value>0x5e6b</value>
         <object_component_ref idref="oc-8ff"/>
      </symbol>
      <symbol id="sm-fe6">
         <name>USBDCDConfigDescGetSize</name>
         <value>0x5f2f</value>
         <object_component_ref idref="oc-5c4"/>
      </symbol>
      <symbol id="sm-fe7">
         <name>USBDCDConfigGetInterfaceEndpoint</name>
         <value>0x54d1</value>
         <object_component_ref idref="oc-a29"/>
      </symbol>
      <symbol id="sm-fe8">
         <name>USBDCDConfigDescGetNum</name>
         <value>0x5993</value>
         <object_component_ref idref="oc-8f9"/>
      </symbol>
      <symbol id="sm-1035">
         <name>USBDeviceConfigAlternate</name>
         <value>0x3b0d</value>
         <object_component_ref idref="oc-905"/>
      </symbol>
      <symbol id="sm-1036">
         <name>USBDeviceConfig</name>
         <value>0x2039</value>
         <object_component_ref idref="oc-8f1"/>
      </symbol>
      <symbol id="sm-1087">
         <name>uDMAChannelControlSet</name>
         <value>0x5ce5</value>
         <object_component_ref idref="oc-961"/>
      </symbol>
      <symbol id="sm-1088">
         <name>uDMAChannelDisable</name>
         <value>0x603d</value>
         <object_component_ref idref="oc-97b"/>
      </symbol>
      <symbol id="sm-1089">
         <name>uDMAChannelModeGet</name>
         <value>0x5be1</value>
         <object_component_ref idref="oc-9a0"/>
      </symbol>
      <symbol id="sm-108a">
         <name>uDMAChannelTransferSet</name>
         <value>0x3d2d</value>
         <object_component_ref idref="oc-9af"/>
      </symbol>
      <symbol id="sm-108b">
         <name>uDMAChannelAttributeDisable</name>
         <value>0x5115</value>
         <object_component_ref idref="oc-96e"/>
      </symbol>
      <symbol id="sm-108c">
         <name>uDMAChannelEnable</name>
         <value>0x6055</value>
         <object_component_ref idref="oc-994"/>
      </symbol>
      <symbol id="sm-123b">
         <name>USBLPMIntEnable</name>
         <value>0x6377</value>
         <object_component_ref idref="oc-66e"/>
      </symbol>
      <symbol id="sm-123c">
         <name>USBEndpointDataAvail</name>
         <value>0x5ea5</value>
         <object_component_ref idref="oc-31f"/>
      </symbol>
      <symbol id="sm-123d">
         <name>USBClockEnable</name>
         <value>0x63af</value>
         <object_component_ref idref="oc-63e"/>
      </symbol>
      <symbol id="sm-123e">
         <name>USBDevDisconnect</name>
         <value>0x63e1</value>
         <object_component_ref idref="oc-25e"/>
      </symbol>
      <symbol id="sm-123f">
         <name>USBDevEndpointStallClear</name>
         <value>0x4fab</value>
         <object_component_ref idref="oc-8df"/>
      </symbol>
      <symbol id="sm-1240">
         <name>USBEndpointDataPut</name>
         <value>0x55e9</value>
         <object_component_ref idref="oc-3ea"/>
      </symbol>
      <symbol id="sm-1241">
         <name>USBDMAChannelIntStatus</name>
         <value>0x644b</value>
         <object_component_ref idref="oc-9d2"/>
      </symbol>
      <symbol id="sm-1242">
         <name>USBDevAddrSet</name>
         <value>0x6473</value>
         <object_component_ref idref="oc-41b"/>
      </symbol>
      <symbol id="sm-1243">
         <name>USBDMAChannelCountSet</name>
         <value>0x63cd</value>
         <object_component_ref idref="oc-9ed"/>
      </symbol>
      <symbol id="sm-1244">
         <name>USBLPMIntStatus</name>
         <value>0x6457</value>
         <object_component_ref idref="oc-246"/>
      </symbol>
      <symbol id="sm-1245">
         <name>USBDMAChannelAddressSet</name>
         <value>0x63c3</value>
         <object_component_ref idref="oc-9e7"/>
      </symbol>
      <symbol id="sm-1246">
         <name>USBULPIDisable</name>
         <value>0x631b</value>
         <object_component_ref idref="oc-650"/>
      </symbol>
      <symbol id="sm-1247">
         <name>USBIntStatusControl</name>
         <value>0x5509</value>
         <object_component_ref idref="oc-10a"/>
      </symbol>
      <symbol id="sm-1248">
         <name>USBEndpointDMADisable</name>
         <value>0x5c77</value>
         <object_component_ref idref="oc-974"/>
      </symbol>
      <symbol id="sm-1249">
         <name>USBDevEndpointDataAck</name>
         <value>0x5b15</value>
         <object_component_ref idref="oc-331"/>
      </symbol>
      <symbol id="sm-124a">
         <name>USBOTGMode</name>
         <value>0x640d</value>
         <object_component_ref idref="oc-656"/>
      </symbol>
      <symbol id="sm-124b">
         <name>USBDMAChannelConfigSet</name>
         <value>0x6181</value>
         <object_component_ref idref="oc-9f3"/>
      </symbol>
      <symbol id="sm-124c">
         <name>USBULPIRegRead</name>
         <value>0x5e2f</value>
         <object_component_ref idref="oc-7e7"/>
      </symbol>
      <symbol id="sm-124d">
         <name>USBDevMode</name>
         <value>0x63fd</value>
         <object_component_ref idref="oc-65c"/>
      </symbol>
      <symbol id="sm-124e">
         <name>USBIntEnableEndpoint</name>
         <value>0x6099</value>
         <object_component_ref idref="oc-680"/>
      </symbol>
      <symbol id="sm-124f">
         <name>USBEndpointDataGet</name>
         <value>0x51eb</value>
         <object_component_ref idref="oc-325"/>
      </symbol>
      <symbol id="sm-1250">
         <name>USBDevEndpointStatusClear</name>
         <value>0x4859</value>
         <object_component_ref idref="oc-32b"/>
      </symbol>
      <symbol id="sm-1251">
         <name>USBULPIEnable</name>
         <value>0x6329</value>
         <object_component_ref idref="oc-644"/>
      </symbol>
      <symbol id="sm-1252">
         <name>USBFIFOAddrGet</name>
         <value>0x6405</value>
         <object_component_ref idref="oc-9a9"/>
      </symbol>
      <symbol id="sm-1253">
         <name>USBDMAChannelStatus</name>
         <value>0x62f1</value>
         <object_component_ref idref="oc-9cb"/>
      </symbol>
      <symbol id="sm-1254">
         <name>USBULPIRegWrite</name>
         <value>0x5e4d</value>
         <object_component_ref idref="oc-7ed"/>
      </symbol>
      <symbol id="sm-1255">
         <name>USBDMAChannelIntEnable</name>
         <value>0x623d</value>
         <object_component_ref idref="oc-9d9"/>
      </symbol>
      <symbol id="sm-1256">
         <name>USBDevLPMConfig</name>
         <value>0x6451</value>
         <object_component_ref idref="oc-668"/>
      </symbol>
      <symbol id="sm-1257">
         <name>USBDevLPMEnable</name>
         <value>0x630d</value>
         <object_component_ref idref="oc-24c"/>
      </symbol>
      <symbol id="sm-1258">
         <name>USBControllerVersion</name>
         <value>0x63b9</value>
         <object_component_ref idref="oc-7fb"/>
      </symbol>
      <symbol id="sm-1259">
         <name>USBFIFOConfigSet</name>
         <value>0x537d</value>
         <object_component_ref idref="oc-a41"/>
      </symbol>
      <symbol id="sm-125a">
         <name>USBEndpointDMAEnable</name>
         <value>0x5c9b</value>
         <object_component_ref idref="oc-98e"/>
      </symbol>
      <symbol id="sm-125b">
         <name>USBDevLPMDisable</name>
         <value>0x62ff</value>
         <object_component_ref idref="oc-662"/>
      </symbol>
      <symbol id="sm-125c">
         <name>USBEndpointDataSend</name>
         <value>0x56bd</value>
         <object_component_ref idref="oc-3f0"/>
      </symbol>
      <symbol id="sm-125d">
         <name>USBIntStatusEndpoint</name>
         <value>0x63eb</value>
         <object_component_ref idref="oc-252"/>
      </symbol>
      <symbol id="sm-125e">
         <name>USBEndpointStatus</name>
         <value>0x62a5</value>
         <object_component_ref idref="oc-319"/>
      </symbol>
      <symbol id="sm-125f">
         <name>USBEndpointPacketCountSet</name>
         <value>0x636b</value>
         <object_component_ref idref="oc-9b5"/>
      </symbol>
      <symbol id="sm-1260">
         <name>USBDMAChannelIntDisable</name>
         <value>0x622b</value>
         <object_component_ref idref="oc-9e0"/>
      </symbol>
      <symbol id="sm-1261">
         <name>USBEndpointDMAConfigSet</name>
         <value>0x4d9d</value>
         <object_component_ref idref="oc-9bb"/>
      </symbol>
      <symbol id="sm-1262">
         <name>USBDevEndpointStall</name>
         <value>0x578b</value>
         <object_component_ref idref="oc-71d"/>
      </symbol>
      <symbol id="sm-1263">
         <name>USBDevConnect</name>
         <value>0x63d7</value>
         <object_component_ref idref="oc-686"/>
      </symbol>
      <symbol id="sm-1264">
         <name>USBDevEndpointConfigSet</name>
         <value>0x3ea9</value>
         <object_component_ref idref="oc-a35"/>
      </symbol>
      <symbol id="sm-1265">
         <name>USBDMAChannelDisable</name>
         <value>0x6207</value>
         <object_component_ref idref="oc-9c4"/>
      </symbol>
      <symbol id="sm-1266">
         <name>USBDMAChannelEnable</name>
         <value>0x6219</value>
         <object_component_ref idref="oc-9f9"/>
      </symbol>
      <symbol id="sm-1267">
         <name>USBHostResume</name>
         <value>0x6195</value>
         <object_component_ref idref="oc-40c"/>
      </symbol>
      <symbol id="sm-1268">
         <name>USBIntEnableControl</name>
         <value>0x5b91</value>
         <object_component_ref idref="oc-67a"/>
      </symbol>
      <symbol id="sm-1269">
         <name>USBEndpointDMAChannel</name>
         <value>0x5f49</value>
         <object_component_ref idref="oc-968"/>
      </symbol>
      <symbol id="sm-126a">
         <name>__TI_static_base__</name>
         <value>0x0</value>
      </symbol>
      <symbol id="sm-126d">
         <name>__mpu_init</name>
         <value>0x0</value>
      </symbol>
      <symbol id="sm-126e">
         <name>_system_post_cinit</name>
         <value>0x0</value>
      </symbol>
   </symbol_table>
   <title>Link successful</title>
</link_info>
