******************************************************************************
                  TI ARM Linker PC v20.2.5                     
******************************************************************************
>> Linked Wed May  4 14:31:23 2022

OUTPUT FILE NAME:   <usb_dev_serial.out>
ENTRY POINT SYMBOL: "_c_int00_noargs"  address: 000056f1


MEMORY CONFIGURATION

         name            origin    length      used     unused   attr    fill
----------------------  --------  ---------  --------  --------  ----  --------
  FLASH                 00000000   00040000  000069f6  0003960a  R  X
  SRAM                  20000000   00008000  00000a6d  00007593  RW X


SEGMENT ALLOCATION MAP

run origin  load origin   length   init length attrs members
----------  ----------- ---------- ----------- ----- -------
00000000    00000000    000069f8   000069f8    r-x
  00000000    00000000    0000026c   0000026c    r-- .intvecs
  0000026c    0000026c    00006212   00006212    r-x .text
  00006480    00006480    000004b0   000004b0    r-- .const
  00006930    00006930    000000c8   000000c8    r-- .cinit
20000000    20000000    00000a70   00000000    rw-
  20000000    20000000    00000505   00000000    rw- .bss
  20000508    20000508    00000400   00000000    rw- .stack
  20000908    20000908    00000168   00000000    rw- .data


SECTION ALLOCATION MAP

 output                                  attributes/
section   page    origin      length       input sections
--------  ----  ----------  ----------   ----------------
.intvecs   0    00000000    0000026c     
                  00000000    0000026c     startup_ccs.obj (.intvecs)

.text      0    0000026c    00006212     
                  0000026c    00000a4e     rtsv7M4_T_le_v4SPD16_eabi.lib : _printfi.c.obj (.text:__TI_printfi)
                  00000cba    00000002     startup_ccs.obj (.text:FaultISR)
                  00000cbc    000003c8     rtsv7M4_T_le_v4SPD16_eabi.lib : strtof.c.obj (.text:strtof)
                  00001084    00000280     usb_dev_serial.obj (.text:main)
                  00001304    00000270     rtsv7M4_T_le_v4SPD16_eabi.lib : _printfi.c.obj (.text:_pconv_a)
                  00001574    000001e7     gps.obj (.text:parse_term)
                  0000175b    00000001     --HOLE-- [fill = 0]
                  0000175c    000001d0     rtsv7M4_T_le_v4SPD16_eabi.lib : _printfi.c.obj (.text:_pconv_g)
                  0000192c    000001b6                                   : fd_add_t2.asm.obj (.text)
                  00001ae2    00000002     startup_ccs.obj (.text:IntDefaultHandler)
                  00001ae4    00000164     usblib.lib : usbdma.obj (.text:USBLibDMAInit)
                  00001c48    00000150                : usbdenum.obj (.text:USBDCDInit)
                  00001d98    00000150                : usbdenum.obj (.text:USBDEP0StateTxConfig)
                  00001ee8    00000150                : usbdenum.obj (.text:USBDeviceIntHandlerInternal)
                  00002038    00000148                : usbdconfig.obj (.text:USBDeviceConfig)
                  00002180    0000013c     rtsv7M4_T_le_v4SPD16_eabi.lib : _printfi.c.obj (.text:_pconv_e)
                  000022bc    00000136                                   : fd_div_t2.asm.obj (.text)
                  000023f2    00000132     driverlib.lib : gpio.obj (.text:GPIOPadConfigSet)
                  00002524    00000124     rtsv7M4_T_le_v4SPD16_eabi.lib : _printfi.c.obj (.text:fcvt)
                  00002648    00000110     driverlib.lib : sysctl.obj (.text:SysCtlClockGet)
                  00002758    00000110     rtsv7M4_T_le_v4SPD16_eabi.lib : s_scalbn.c.obj (.text:scalbn)
                  00002868    000000fc                                   : fd_mul_t2.asm.obj (.text)
                  00002964    000000f4     usblib.lib : usbdma.obj (.text:iDMAUSBTransfer)
                  00002a58    000000e4                : usbdenum.obj (.text:USBDGetDescriptor)
                  00002b3c    000000e2     gps.obj (.text:gps_process)
                  00002c1e    00000002     startup_ccs.obj (.text:NmiSR)
                  00002c20    000000dc     usb_dev_serial.obj (.text:ControlHandler)
                  00002cfc    000000dc     usblib.lib : usbdcdc.obj (.text:USBDCDCCompositeInit)
                  00002dd8    000000d8                : usbdenum.obj (.text:USBDeviceEnumHandler)
                  00002eb0    000000d4                : usbdcdc.obj (.text:HandleRequests)
                  00002f84    000000d0     rtsv7M4_T_le_v4SPD16_eabi.lib : s_scalbnf.c.obj (.text:scalbnf)
                  00003054    000000d0     usblib.lib : usbdma.obj (.text:uDMAUSBChannelAllocate)
                  00003124    000000c0                : usbbuffer.obj (.text:HandleRxAvailable)
                  000031e4    000000bc                : usbdma.obj (.text:uDMAUSBTransfer)
                  000032a0    000000b4                : usbdcdc.obj (.text:HandleDevice)
                  00003354    000000b1     rtsv7M4_T_le_v4SPD16_eabi.lib : _printfi.c.obj (.text:_ltostr)
                  00003405    00000001     --HOLE-- [fill = 0]
                  00003406    000000a6     gps.obj (.text:copy_from_tmp_memory)
                  000034ac    000000a0     usb_dev_serial.obj (.text:UART_Init)
                  0000354c    0000009c     rtsv7M4_T_le_v4SPD16_eabi.lib : memcpy_t2.asm.obj (.text)
                  000035e8    00000098     usblib.lib : usbdenum.obj (.text:USBDSetInterface)
                  00003680    00000096                : usbdcdc.obj (.text:CDCTickHandler)
                  00003716    00000096     rtsv7M4_T_le_v4SPD16_eabi.lib : ull_div_t2.asm.obj (.text)
                  000037ac    00000094     usblib.lib : usbdcdc.obj (.text:SendSerialState)
                  00003840    00000092                : usbbuffer.obj (.text:ScheduleNextTransmission)
                  000038d2    00000090                : usbdcdc.obj (.text:USBDCDCPacketRead)
                  00003962    00000002                : usbdma.obj (.text:iDMAUSBArbSizeSet)
                  00003964    00000090                : usbdenum.obj (.text:USBDSetConfiguration)
                  000039f4    0000008c     usb_dev_serial.obj (.text:GetLineCoding)
                  00003a80    0000008c     usb_dev_serial.obj (.text:Timer0IntHandler)
                  00003b0c    0000008c     usblib.lib : usbdconfig.obj (.text:USBDeviceConfigAlternate)
                  00003b98    00000088                : usbdma.obj (.text:iDMAUSBChannelAllocate)
                  00003c20    00000086     rtsv7M4_T_le_v4SPD16_eabi.lib : fd_cmp_t2.asm.obj (.text:__aeabi_cdcmple)
                  00003ca6    00000086                                   : fd_cmp_t2.asm.obj (.text:__aeabi_cdrcmple)
                  00003d2c    00000084     driverlib.lib : udma.obj (.text:uDMAChannelTransferSet)
                  00003db0    0000007c     usb_dev_serial.obj (.text:UART2IntHandler)
                  00003e2c    0000007c     usblib.lib : usbdenum.obj (.text:USBDClearFeature)
                  00003ea8    0000007a     driverlib.lib : usb.obj (.text:USBDevEndpointConfigSet)
                  00003f22    0000007a     rtsv7M4_T_le_v4SPD16_eabi.lib : memset_t2.asm.obj (.text)
                  00003f9c    00000078     usblib.lib : usbdenum.obj (.text:USBDGetStatus)
                  00004014    00000074     usb_dev_serial.obj (.text:SetLineCoding)
                  00004088    00000072     usblib.lib : usbdcdc.obj (.text:ProcessDataFromHost)
                  000040fa    00000072                : usbdma.obj (.text:uDMAUSBUnitSizeSet)
                  0000416c    00000070     usb_dev_serial.obj (.text:ReadUARTData)
                  000041dc    00000070     usblib.lib : usbdenum.obj (.text:USBDEP0StateTx)
                  0000424c    00000070                : usbdenum.obj (.text:USBDSetFeature)
                  000042bc    00000070                : usbdma.obj (.text:uDMAUSBArbSizeSet)
                  0000432c    0000006e     rtsv7M4_T_le_v4SPD16_eabi.lib : _printfi.c.obj (.text:_mcpy)
                  0000439a    00000002     usblib.lib : usbdma.obj (.text:iDMAUSBUnitSizeSet)
                  0000439c    0000006c                : usbdcdc.obj (.text:ProcessDataToHost)
                  00004408    00000068     driverlib.lib : interrupt.obj (.text:IntDisable)
                  00004470    00000068                   : interrupt.obj (.text:IntEnable)
                  000044d8    00000068     rtsv7M4_T_le_v4SPD16_eabi.lib : copy_decompress_lzss.c.obj (.text:decompress:lzss:__TI_decompress_lzss)
                  00004540    00000064     driverlib.lib : interrupt.obj (.text:IntIsEnabled)
                  000045a4    00000064     usblib.lib : usbbuffer.obj (.text:USBBufferEventCallback)
                  00004608    00000064     usb_dev_serial.obj (.text:USBUARTIntHandler)
                  0000466c    00000064     rtsv7M4_T_le_v4SPD16_eabi.lib : s_frexp.c.obj (.text:frexp)
                  000046d0    00000064     gps.obj (.text:parse_lat_long)
                  00004734    00000064     usblib.lib : usbdma.obj (.text:uDMAUSBChannelEnable)
                  00004798    00000060                : usbdcdc.obj (.text:USBDCDCPacketWrite)
                  000047f8    00000060                : usbdenum.obj (.text:USBDReadAndDispatchRequest)
                  00004858    0000005e     driverlib.lib : usb.obj (.text:USBDevEndpointStatusClear)
                  000048b6    0000005e     gps_buff.obj (.text:buff_read)
                  00004914    0000005e     gps_buff.obj (.text:buff_write)
                  00004972    0000005c     gps.obj (.text:check_crc)
                  000049ce    00000056     rtsv7M4_T_le_v4SPD16_eabi.lib : _printfi.c.obj (.text:_pconv_f)
                  00004a24    00000054     usb_dev_serial.obj (.text:USBUARTPrimeTransmit)
                  00004a78    00000054     rtsv7M4_T_le_v4SPD16_eabi.lib : _ltoa.c.obj (.text:__TI_ltoa)
                  00004acc    00000052     usblib.lib : usbulpi.obj (.text:ULPIConfigSet)
                  00004b1e    00000052     rtsv7M4_T_le_v4SPD16_eabi.lib : _printfi.c.obj (.text:_ecpy)
                  00004b70    00000052     usblib.lib : usbdma.obj (.text:uDMAUSBChannelRelease)
                  00004bc2    00000002     rtsv7M4_T_le_v4SPD16_eabi.lib : div0.asm.obj (.text)
                  00004bc4    00000050     driverlib.lib : sysctl.obj (.text:SysCtlPeripheralReset)
                  00004c14    00000050     usblib.lib : usbdcdc.obj (.text:USBDCDCInit)
                  00004c64    00000050                : usbdcdesc.obj (.text:USBDCDConfigDescGet)
                  00004cb4    00000050                : usbdenum.obj (.text:USBDeviceResumeTickHandler)
                  00004d04    0000004c                : usbdconfig.obj (.text:GetEPDescriptorType)
                  00004d50    0000004c                : usbdenum.obj (.text:USBDStringIndexFromRequest)
                  00004d9c    0000004c     driverlib.lib : usb.obj (.text:USBEndpointDMAConfigSet)
                  00004de8    0000004c     rtsv7M4_T_le_v4SPD16_eabi.lib : atoi.c.obj (.text:atoi)
                  00004e34    0000004c     usblib.lib : usbdma.obj (.text:iDMAUSBChannelEnable)
                  00004e80    0000004c     rtsv7M4_T_le_v4SPD16_eabi.lib : snprintf.c.obj (.text:snprintf)
                  00004ecc    0000004a     usblib.lib : usbdcdesc.obj (.text:ConfigAlternateInterfaceGet)
                  00004f16    0000004a                : usbdcdc.obj (.text:HandleEP0Data)
                  00004f60    0000004a                : usbdcdc.obj (.text:HandleEndpoints)
                  00004faa    0000004a     driverlib.lib : usb.obj (.text:USBDevEndpointStallClear)
                  00004ff4    00000048                   : gpio.obj (.text:GPIOPinConfigure)
                  0000503c    00000048     usblib.lib : usbdenum.obj (.text:USBDCDDeviceInfoInit)
                  00005084    00000048                : usbdenum.obj (.text:USBDeviceEnumResetHandler)
                  000050cc    00000048     rtsv7M4_T_le_v4SPD16_eabi.lib : fd_toi_t2.asm.obj (.text)
                  00005114    00000048     driverlib.lib : udma.obj (.text:uDMAChannelAttributeDisable)
                  0000515c    00000048     usblib.lib : usbdma.obj (.text:uDMAUSBChannelDisable)
                  000051a4    00000046     driverlib.lib : uart.obj (.text:UARTConfigSetExpClk)
                  000051ea    00000046                   : usb.obj (.text:USBEndpointDataGet)
                  00005230    00000044     usb_dev_serial.obj (.text:RxHandler)
                  00005274    00000044     usblib.lib : usbdenum.obj (.text:USBDGetInterface)
                  000052b8    00000044     rtsv7M4_T_le_v4SPD16_eabi.lib : autoinit.c.obj (.text:__TI_auto_init_nobinit_nopinit:__TI_auto_init_nobinit_nopinit)
                  000052fc    00000042     gps.obj (.text:parse_number)
                  0000533e    0000003e     rtsv7M4_T_le_v4SPD16_eabi.lib : _printfi.c.obj (.text:_fcpy)
                  0000537c    0000003a     driverlib.lib : usb.obj (.text:USBFIFOConfigSet)
                  000053b6    00000002     usblib.lib : usbdma.obj (.text:uDMAUSBChannelIntDisable)
                  000053b8    00000038                : usbtick.obj (.text:InternalUSBRegisterTickHandler)
                  000053f0    00000038                : usbtick.obj (.text:InternalUSBStartOfFrameTick)
                  00005428    00000038     usb_dev_serial.obj (.text:SendBreak)
                  00005460    00000038     usblib.lib : usbdcdc.obj (.text:SendBreak)
                  00005498    00000038     driverlib.lib : sysctl.obj (.text:SysCtlPeripheralReady)
                  000054d0    00000038     usblib.lib : usbdcdesc.obj (.text:USBDCDConfigGetInterfaceEndpoint)
                  00005508    00000038     driverlib.lib : usb.obj (.text:USBIntStatusControl)
                  00005540    00000038     usblib.lib : usbringbuf.obj (.text:USBRingBufAdvanceWrite)
                  00005578    00000038                : usbdma.obj (.text:iDMAUSBChannelRelease)
                  000055b0    00000038     rtsv7M4_T_le_v4SPD16_eabi.lib : fs_tod_t2.asm.obj (.text)
                  000055e8    00000036     driverlib.lib : usb.obj (.text:USBEndpointDataPut)
                  0000561e    00000034     usblib.lib : usbdcdc.obj (.text:HandleConfigChange)
                  00005652    00000034                : usbdcdesc.obj (.text:NextConfigDescGet)
                  00005686    00000002                : usbdma.obj (.text:uDMAUSBChannelIntEnable)
                  00005688    00000034     driverlib.lib : sysctl.obj (.text:SysCtlPeripheralEnable)
                  000056bc    00000034                   : usb.obj (.text:USBEndpointDataSend)
                  000056f0    00000034     rtsv7M4_T_le_v4SPD16_eabi.lib : boot_cortex_m.c.obj (.text:_c_int00_noargs:_c_int00_noargs)
                  00005724    00000034     usblib.lib : usbdma.obj (.text:iDMAUSBChannelStatus)
                  00005758    00000032                : usbdcdc.obj (.text:ProcessNotificationToHost)
                  0000578a    00000032     driverlib.lib : usb.obj (.text:USBDevEndpointStall)
                  000057bc    00000030     usblib.lib : usbdma.obj (.text:DMAUSBIntHandler)
                  000057ec    00000030                : usbtick.obj (.text:InternalUSBTickInit)
                  0000581c    00000030                : usbdenum.obj (.text:USBDGetConfiguration)
                  0000584c    00000030     rtsv7M4_T_le_v4SPD16_eabi.lib : snprintf.c.obj (.text:_outs)
                  0000587c    00000030     usblib.lib : usbdma.obj (.text:iDMAUSBChannelDisable)
                  000058ac    0000002e                : usbbuffer.obj (.text:USBBufferWrite)
                  000058da    0000002e                : usbdcdc.obj (.text:USBDCDCRxPacketAvailable)
                  00005908    0000002e                : usbringbuf.obj (.text:UpdateIndexAtomic)
                  00005936    0000002e     gps.obj (.text:parse_float_number)
                  00005964    0000002e     rtsv7M4_T_le_v4SPD16_eabi.lib : i_tofd_t2.asm.obj (.text)
                  00005992    0000002c     usblib.lib : usbdcdesc.obj (.text:USBDCDConfigDescGetNum)
                  000059be    0000002c                : usbdesc.obj (.text:USBDescGet)
                  000059ea    0000002c     rtsv7M4_T_le_v4SPD16_eabi.lib : strncmp.c.obj (.text:strncmp)
                  00005a16    0000002c     usblib.lib : usbdma.obj (.text:uDMAUSBIntStatus)
                  00005a42    0000002a     usb_dev_serial.obj (.text:CheckForSerialStateChange)
                  00005a6c    0000002a     driverlib.lib : gpio.obj (.text:GPIODirModeSet)
                  00005a96    0000002a     usblib.lib : usbbuffer.obj (.text:HandleRequestBuffer)
                  00005ac0    0000002a                : usbdcdc.obj (.text:USBDCDCSerialStateChange)
                  00005aea    0000002a                : usbdesc.obj (.text:USBDescGetNum)
                  00005b14    0000002a     driverlib.lib : usb.obj (.text:USBDevEndpointDataAck)
                  00005b3e    00000028     usblib.lib : usbbuffer.obj (.text:USBBufferRead)
                  00005b66    00000002     --HOLE-- [fill = 0]
                  00005b68    00000028                : usbdenum.obj (.text:USBDSetAddress)
                  00005b90    00000028     driverlib.lib : usb.obj (.text:USBIntEnableControl)
                  00005bb8    00000028     gps_buff.obj (.text:buff_get_free)
                  00005be0    00000028     driverlib.lib : udma.obj (.text:uDMAChannelModeGet)
                  00005c08    00000026     gps_buff.obj (.text:buff_init)
                  00005c2e    00000024     usblib.lib : usbdcdc.obj (.text:HandleDisconnect)
                  00005c52    00000024                : usbdcdc.obj (.text:SendLineStateChange)
                  00005c76    00000024     driverlib.lib : usb.obj (.text:USBEndpointDMADisable)
                  00005c9a    00000024                   : usb.obj (.text:USBEndpointDMAEnable)
                  00005cbe    00000002     --HOLE-- [fill = 0]
                  00005cc0    00000024     usblib.lib : usbmode.obj (.text:USBStackModeSet)
                  00005ce4    00000024     driverlib.lib : udma.obj (.text:uDMAChannelControlSet)
                  00005d08    00000022     usblib.lib : usbdcdc.obj (.text:SendLineCodingChange)
                  00005d2a    00000022     gps_buff.obj (.text:buff_get_full)
                  00005d4c    00000022     usblib.lib : usbdma.obj (.text:uDMAUSBChannelStatus)
                  00005d6e    00000020                : usbdcdc.obj (.text:CheckAndSendBreak)
                  00005d8e    00000020                : usbdconfig.obj (.text:GetEndpointFIFOSize)
                  00005dae    00000020                : usbbuffer.obj (.text:HandleDataRemaining)
                  00005dce    00000002     --HOLE-- [fill = 0]
                  00005dd0    00000020     driverlib.lib : uart.obj (.text:UARTDisable)
                  00005df0    00000020     usblib.lib : usbringbuf.obj (.text:USBRingBufAdvanceRead)
                  00005e10    0000001e                : usbringbuf.obj (.text:USBRingBufContigFree)
                  00005e2e    0000001e     driverlib.lib : usb.obj (.text:USBULPIRegRead)
                  00005e4c    0000001e                   : usb.obj (.text:USBULPIRegWrite)
                  00005e6a    0000001c     usblib.lib : usbdcdesc.obj (.text:USBDCDConfigGetInterface)
                  00005e86    00000002     --HOLE-- [fill = 0]
                  00005e88    0000001c                : usbdenum.obj (.text:USBDCDStallEP0)
                  00005ea4    0000001c     driverlib.lib : usb.obj (.text:USBEndpointDataAvail)
                  00005ec0    0000001c     usblib.lib : usbringbuf.obj (.text:USBRingBufRead)
                  00005edc    0000001c                : usbringbuf.obj (.text:USBRingBufWrite)
                  00005ef8    0000001c     rtsv7M4_T_le_v4SPD16_eabi.lib : memccpy.c.obj (.text:memccpy)
                  00005f14    0000001a     usblib.lib : usbdcdc.obj (.text:DeviceConsumedAllData)
                  00005f2e    0000001a                : usbdcdesc.obj (.text:USBDCDConfigDescGetSize)
                  00005f48    0000001a     driverlib.lib : usb.obj (.text:USBEndpointDMAChannel)
                  00005f62    0000001a     rtsv7M4_T_le_v4SPD16_eabi.lib : s_copysign.c.obj (.text:copysign)
                  00005f7c    00000018     usblib.lib : usbdcdc.obj (.text:SetDeferredOpFlag)
                  00005f94    00000018                : usbdhandler.obj (.text:USB0DeviceIntHandler)
                  00005fac    00000018                : usbbuffer.obj (.text:USBBufferInit)
                  00005fc4    00000018                : usbdenum.obj (.text:USBDCDFeatureGet)
                  00005fdc    00000018                : usbdenum.obj (.text:USBDSetDescriptor)
                  00005ff4    00000018                : usbdenum.obj (.text:USBDSyncFrame)
                  0000600c    00000018     rtsv7M4_T_le_v4SPD16_eabi.lib : snprintf.c.obj (.text:_outc)
                  00006024    00000018                                   : s_copysignf.c.obj (.text:copysignf)
                  0000603c    00000018     driverlib.lib : udma.obj (.text:uDMAChannelDisable)
                  00006054    00000018                   : udma.obj (.text:uDMAChannelEnable)
                  0000606c    00000016     usblib.lib : usbdcdc.obj (.text:CheckAndSendLineCodingChange)
                  00006082    00000016                : usbdcdc.obj (.text:CheckAndSendLineStateChange)
                  00006098    00000016     driverlib.lib : usb.obj (.text:USBIntEnableEndpoint)
                  000060ae    00000016     usblib.lib : usbringbuf.obj (.text:USBRingBufFlush)
                  000060c4    00000016                : usbringbuf.obj (.text:USBRingBufReadOne)
                  000060da    00000016                : usbringbuf.obj (.text:USBRingBufUsed)
                  000060f0    00000016     rtsv7M4_T_le_v4SPD16_eabi.lib : strchr.c.obj (.text:strchr)
                  00006106    00000014     usblib.lib : usbbuffer.obj (.text:HandleTxComplete)
                  0000611a    00000002     --HOLE-- [fill = 0]
                  0000611c    00000014     driverlib.lib : sysctl.obj (.text:SysCtlUSBPLLEnable)
                  00006130    00000014                   : uart.obj (.text:UARTEnable)
                  00006144    00000014     usblib.lib : usbdcdc.obj (.text:USBDCDCTxPacketAvailable)
                  00006158    00000014                : usbdenum.obj (.text:USBDCDRequestDataEP0)
                  0000616c    00000014                : usbdenum.obj (.text:USBDCDSendDataEP0)
                  00006180    00000014     driverlib.lib : usb.obj (.text:USBDMAChannelConfigSet)
                  00006194    00000014                   : usb.obj (.text:USBHostResume)
                  000061a8    00000014                   : usb.obj (.text:_USBIndexWrite)
                  000061bc    00000014     rtsv7M4_T_le_v4SPD16_eabi.lib : strlen.c.obj (.text:strlen)
                  000061d0    00000012     driverlib.lib : gpio.obj (.text:GPIOPinTypeUART)
                  000061e2    00000012     usblib.lib : usbdcdc.obj (.text:HandleResume)
                  000061f4    00000012                : usbdcdc.obj (.text:HandleSuspend)
                  00006206    00000012     driverlib.lib : usb.obj (.text:USBDMAChannelDisable)
                  00006218    00000012                   : usb.obj (.text:USBDMAChannelEnable)
                  0000622a    00000012                   : usb.obj (.text:USBDMAChannelIntDisable)
                  0000623c    00000012                   : usb.obj (.text:USBDMAChannelIntEnable)
                  0000624e    00000012     usblib.lib : usbringbuf.obj (.text:USBRingBufFree)
                  00006260    00000012     rtsv7M4_T_le_v4SPD16_eabi.lib : wcslen.c.obj (.text:wcslen)
                  00006272    00000010     driverlib.lib : interrupt.obj (.text:IntMasterDisable)
                  00006282    00000010                   : interrupt.obj (.text:IntMasterEnable)
                  00006292    00000002     --HOLE-- [fill = 0]
                  00006294    00000010     usb_dev_serial.obj (.text:SysTickIntHandler)
                  000062a4    00000010     driverlib.lib : usb.obj (.text:USBEndpointStatus)
                  000062b4    00000010     usblib.lib : usbringbuf.obj (.text:USBRingBufContigUsed)
                  000062c4    00000010                : usbringbuf.obj (.text:USBRingBufWriteOne)
                  000062d4    0000000e                : usbdma.obj (.text:DMAUSBIntStatusClear)
                  000062e2    0000000e     driverlib.lib : uart.obj (.text:UARTCharsAvail)
                  000062f0    0000000e                   : usb.obj (.text:USBDMAChannelStatus)
                  000062fe    0000000e                   : usb.obj (.text:USBDevLPMDisable)
                  0000630c    0000000e                   : usb.obj (.text:USBDevLPMEnable)
                  0000631a    0000000e                   : usb.obj (.text:USBULPIDisable)
                  00006328    0000000e                   : usb.obj (.text:USBULPIEnable)
                  00006336    0000000e     rtsv7M4_T_le_v4SPD16_eabi.lib : copy_decompress_none.c.obj (.text:decompress:none:__TI_decompress_none)
                  00006344    0000000e     gps.obj (.text:gps_init)
                  00006352    0000000c     driverlib.lib : cpu.obj (.text:CPUcpsid)
                  0000635e    0000000c                   : cpu.obj (.text:CPUcpsie)
                  0000636a    0000000c                   : usb.obj (.text:USBEndpointPacketCountSet)
                  00006376    0000000c                   : usb.obj (.text:USBLPMIntEnable)
                  00006382    0000000c     usblib.lib : usbringbuf.obj (.text:USBRingBufInit)
                  0000638e    0000000c     rtsv7M4_T_le_v4SPD16_eabi.lib : copy_zero_init.c.obj (.text:decompress:ZI:__TI_zero_init)
                  0000639a    0000000a     driverlib.lib : uart.obj (.text:UARTCharGet)
                  000063a4    0000000a                   : uart.obj (.text:UARTIntStatus)
                  000063ae    0000000a                   : usb.obj (.text:USBClockEnable)
                  000063b8    0000000a                   : usb.obj (.text:USBControllerVersion)
                  000063c2    0000000a                   : usb.obj (.text:USBDMAChannelAddressSet)
                  000063cc    0000000a                   : usb.obj (.text:USBDMAChannelCountSet)
                  000063d6    0000000a                   : usb.obj (.text:USBDevConnect)
                  000063e0    0000000a                   : usb.obj (.text:USBDevDisconnect)
                  000063ea    0000000a                   : usb.obj (.text:USBIntStatusEndpoint)
                  000063f4    00000008                   : uart.obj (.text:UARTIntEnable)
                  000063fc    00000008                   : usb.obj (.text:USBDevMode)
                  00006404    00000008                   : usb.obj (.text:USBFIFOAddrGet)
                  0000640c    00000008                   : usb.obj (.text:USBOTGMode)
                  00006414    00000008     rtsv7M4_T_le_v4SPD16_eabi.lib : errno.c.obj (.text:__aeabi_errno_addr)
                  0000641c    00000008     usblib.lib : usbdma.obj (.text:iDMAUSBChannelIntDisable)
                  00006424    00000008                : usbdma.obj (.text:iDMAUSBChannelIntEnable)
                  0000642c    00000006     startup_ccs.obj (.text:ResetISR)
                  00006432    00000006     driverlib.lib : uart.obj (.text:UARTFIFOLevelSet)
                  00006438    00000006     usblib.lib : usbbuffer.obj (.text:USBBufferDataAvailable)
                  0000643e    00000006                : usbbuffer.obj (.text:USBBufferFlush)
                  00006444    00000006                : usbbuffer.obj (.text:USBBufferSpaceAvailable)
                  0000644a    00000006     driverlib.lib : usb.obj (.text:USBDMAChannelIntStatus)
                  00006450    00000006                   : usb.obj (.text:USBDevLPMConfig)
                  00006456    00000006                   : usb.obj (.text:USBLPMIntStatus)
                  0000645c    00000006     usblib.lib : usbdma.obj (.text:iDMAUSBIntStatus)
                  00006462    00000004                : usbdma.obj (.text:DMAUSBStatus)
                  00006466    00000004     driverlib.lib : timer.obj (.text:TimerIntClear)
                  0000646a    00000004     usb_dev_serial.obj (.text:TxHandler)
                  0000646e    00000004     driverlib.lib : uart.obj (.text:UARTIntClear)
                  00006472    00000004                   : usb.obj (.text:USBDevAddrSet)
                  00006476    00000004     rtsv7M4_T_le_v4SPD16_eabi.lib : pre_init.c.obj (.text:_system_pre_init)
                  0000647a    00000004                                   : exit.c.obj (.text:abort:abort)

.const     0    00006480    000004b0     
                  00006480    00000101     rtsv7M4_T_le_v4SPD16_eabi.lib : ctype.c.obj (.const:.string:_ctypes_)
                  00006581    00000003     --HOLE-- [fill = 0]
                  00006584    00000090     driverlib.lib : gpio.obj (.const:g_pui32GPIOBaseAddrs)
                  00006614    00000070                   : interrupt.obj (.const)
                  00006684    0000006c                   : sysctl.obj (.const:g_pui32Xtals)
                  000066f0    00000058     rtsv7M4_T_le_v4SPD16_eabi.lib : strtof.c.obj (.const:$O1$$)
                  00006748    00000036     usb_serial_structs.obj (.const:.string:g_pui8ConfigString)
                  0000677e    00000002     --HOLE-- [fill = 0]
                  00006780    00000034     usblib.lib : usbdenum.obj (.const:g_psUSBDStdRequests)
                  000067b4    00000030                : usbdcdc.obj (.const:g_sCDCHandlers)
                  000067e4    0000002c     usb_serial_structs.obj (.const:.string:g_pui8ControlInterfaceString)
                  00006810    00000024     usb_serial_structs.obj (.const:.string:g_pui8ManufacturerString)
                  00006834    00000023     usblib.lib : usbdcdc.obj (.const:.string:g_pui8CDCSerCommInterface)
                  00006857    00000022     usb_serial_structs.obj (.const:.string:g_pui8ProdectString)
                  00006879    00000003     --HOLE-- [fill = 0]
                  0000687c    00000018     usb_serial_structs.obj (.const:g_pui8StringDescriptors)
                  00006894    00000017     usblib.lib : usbdcdc.obj (.const:.string:g_pui8CDCSerDataInterface)
                  000068ab    00000017                : usbdcdc.obj (.const:.string:g_pui8CDCSerDataInterfaceHS)
                  000068c2    00000012     usb_serial_structs.obj (.const:.string:g_pui8SerialNumberString)
                  000068d4    00000008     usblib.lib : usbdcdc.obj (.const:g_sCDCCompSerConfigHeader)
                  000068dc    00000008                : usbdcdc.obj (.const:g_sCDCCompSerConfigHeaderHS)
                  000068e4    00000008                : usbdcdc.obj (.const:g_sCDCSerCommInterfaceSection)
                  000068ec    00000008                : usbdcdc.obj (.const:g_sCDCSerConfigHeader)
                  000068f4    00000008                : usbdcdc.obj (.const:g_sCDCSerConfigHeaderHS)
                  000068fc    00000008                : usbdcdc.obj (.const:g_sCDCSerConfigSection)
                  00006904    00000008                : usbdcdc.obj (.const:g_sCDCSerDataInterfaceSection)
                  0000690c    00000008                : usbdcdc.obj (.const:g_sCDCSerDataInterfaceSectionHS)
                  00006914    00000008                : usbdcdc.obj (.const:g_sIADSerConfigSection)
                  0000691c    00000004     usb_serial_structs.obj (.const:.string:g_pui8LangDescriptor)
                  00006920    00000004     usblib.lib : usbdcdc.obj (.const:g_pCDCCompSerConfigDescriptors)
                  00006924    00000004                : usbdcdc.obj (.const:g_pCDCCompSerConfigDescriptorsHS)
                  00006928    00000004                : usbdcdc.obj (.const:g_ppCDCSerConfigDescriptors)
                  0000692c    00000004                : usbdcdc.obj (.const:g_ppCDCSerConfigDescriptorsHS)

.cinit     0    00006930    000000c8     
                  00006930    000000a4     (.cinit..data.load) [load image, compression = lzss]
                  000069d4    0000000c     (__TI_handler_table)
                  000069e0    00000008     (.cinit..bss.load) [load image, compression = zero_init]
                  000069e8    00000010     (__TI_cinit_table)

.init_array 
*          0    00000000    00000000     UNINITIALIZED

.bss       0    20000000    00000505     UNINITIALIZED
                  20000000    00000110     usblib.lib : usbdma.obj (.bss:g_psUSBDMAInst)
                  20000110    00000100     (.common:g_pi8USBRxBuffer)
                  20000210    00000100     (.common:g_pi8USBTxBuffer)
                  20000310    0000008c     usb_dev_serial.obj (.bss:hgps_buff_data)
                  2000039c    00000004     usblib.lib : usbdenum.obj (.bss)
                  200003a0    00000088     (.common:hgps)
                  20000428    00000050     (.common:g_psDCDInst)
                  20000478    00000040                : usbdenum.obj (.bss:g_pui8DataBufferIn)
                  200004b8    00000018     (.common:g_pfnTickHandlers)
                  200004d0    00000018     (.common:g_pvTickInstance)
                  200004e8    00000010     usb_dev_serial.obj (.bss:hgps_buff)
                  200004f8    00000004     usblib.lib : usbmode.obj (.bss)
                  200004fc    00000004     (.common:g_pcStatus)
                  20000500    00000004     (.common:g_ppsDevInfo)
                  20000504    00000001     (.common:rx)

.data      0    20000908    00000168     UNINITIALIZED
                  20000908    00000060     usb_serial_structs.obj (.data:g_sCDCDevice)
                  20000968    00000038     usb_serial_structs.obj (.data:g_sRxBuffer)
                  200009a0    00000038     usb_serial_structs.obj (.data:g_sTxBuffer)
                  200009d8    00000015     usb_dev_serial.obj (.data)
                  200009ed    00000012     usblib.lib : usbdcdc.obj (.data:g_pui8CDCSerDeviceDescriptor)
                  200009ff    00000001     --HOLE--
                  20000a00    00000010                : usbdcdc.obj (.data:g_psCDCCompSerSections)
                  20000a10    00000010                : usbdcdc.obj (.data:g_psCDCCompSerSectionsHS)
                  20000a20    0000000c                : usbdcdc.obj (.data:g_psCDCSerSections)
                  20000a2c    0000000c                : usbdcdc.obj (.data:g_psCDCSerSectionsHS)
                  20000a38    0000000c                : usbtick.obj (.data)
                  20000a44    00000009                : usbdcdc.obj (.data:g_pui8CDCSerDescriptor)
                  20000a4d    00000001     --HOLE--
                  20000a4e    00000002                : usbdcdc.obj (.data)
                  20000a50    00000009                : usbmode.obj (.data)
                  20000a59    00000008                : usbdcdc.obj (.data:g_pui8IADSerDescriptor)
                  20000a61    00000003     --HOLE--
                  20000a64    00000008                : usbdenum.obj (.data)
                  20000a6c    00000004     rtsv7M4_T_le_v4SPD16_eabi.lib : errno.c.obj (.data)

.stack     0    20000508    00000400     UNINITIALIZED
                  20000508    00000004     rtsv7M4_T_le_v4SPD16_eabi.lib : boot_cortex_m.c.obj (.stack)
                  2000050c    000003fc     --HOLE--

__llvm_prf_cnts 
*          0    20000000    00000000     UNINITIALIZED

MODULE SUMMARY

       Module                       code    ro data   rw data
       ------                       ----    -------   -------
    .\
       usb_dev_serial.obj           2022    0         318    
       gps.obj                      1197    0         0      
       usb_serial_structs.obj       0       214       720    
       startup_ccs.obj              12      620       0      
       gps_buff.obj                 300     0         0      
    +--+----------------------------+-------+---------+---------+
       Total:                       3531    834       1038   
                                                             
    C:/ti/TivaWare_C_Series-2.1.4.178/driverlib/ccs/Debug/driverlib.lib
       usb.obj                      1354    0         0      
       sysctl.obj                   480     108       0      
       gpio.obj                     438     144       0      
       interrupt.obj                340     112       0      
       udma.obj                     328     0         0      
       uart.obj                     174     0         0      
       cpu.obj                      24      0         0      
       timer.obj                    4       0         0      
    +--+----------------------------+-------+---------+---------+
       Total:                       3142    364       0      
                                                             
    C:/ti/TivaWare_C_Series-2.1.4.178/usblib/ccs/Debug/usblib.lib
       usbdenum.obj                 2908    52        160    
       usbdcdc.obj                  2134    217       93     
       usbdma.obj                   2018    0         272    
       usbbuffer.obj                660     0         0      
       usbdconfig.obj               576     0         0      
       usbdcdesc.obj                360     0         0      
       usbringbuf.obj               348     0         0      
       usbtick.obj                  160     0         60     
       usbdesc.obj                  86      0         0      
       usbulpi.obj                  82      0         0      
       usbmode.obj                  36      0         13     
       usbdhandler.obj              24      0         0      
    +--+----------------------------+-------+---------+---------+
       Total:                       9392    269       598    
                                                             
    C:\ti\ccs1110\ccs\tools\compiler\ti-cgt-arm_20.2.5.LTS\lib\rtsv7M4_T_le_v4SPD16_eabi.lib
       _printfi.c.obj               4851    0         0      
       strtof.c.obj                 968     88        0      
       fd_add_t2.asm.obj            438     0         0      
       fd_div_t2.asm.obj            310     0         0      
       s_scalbn.c.obj               272     0         0      
       fd_cmp_t2.asm.obj            268     0         0      
       ctype.c.obj                  0       257       0      
       fd_mul_t2.asm.obj            252     0         0      
       s_scalbnf.c.obj              208     0         0      
       memcpy_t2.asm.obj            156     0         0      
       ull_div_t2.asm.obj           150     0         0      
       snprintf.c.obj               148     0         0      
       memset_t2.asm.obj            122     0         0      
       copy_decompress_lzss.c.obj   104     0         0      
       s_frexp.c.obj                100     0         0      
       _ltoa.c.obj                  84      0         0      
       atoi.c.obj                   76      0         0      
       fd_toi_t2.asm.obj            72      0         0      
       autoinit.c.obj               68      0         0      
       fs_tod_t2.asm.obj            56      0         0      
       boot_cortex_m.c.obj          52      0         0      
       i_tofd_t2.asm.obj            46      0         0      
       strncmp.c.obj                44      0         0      
       memccpy.c.obj                28      0         0      
       s_copysign.c.obj             26      0         0      
       s_copysignf.c.obj            24      0         0      
       strchr.c.obj                 22      0         0      
       strlen.c.obj                 20      0         0      
       wcslen.c.obj                 18      0         0      
       copy_decompress_none.c.obj   14      0         0      
       copy_zero_init.c.obj         12      0         0      
       errno.c.obj                  8       0         4      
       exit.c.obj                   4       0         0      
       pre_init.c.obj               4       0         0      
       div0.asm.obj                 2       0         0      
    +--+----------------------------+-------+---------+---------+
       Total:                       9027    345       4      
                                                             
       Stack:                       0       0         1024   
       Linker Generated:            0       200       0      
    +--+----------------------------+-------+---------+---------+
       Grand Total:                 25092   2012      2664   


LINKER GENERATED COPY TABLES

__TI_cinit_table @ 000069e8 records: 2, size/record: 8, table size: 16
	.data: load addr=00006930, load size=000000a4 bytes, run addr=20000908, run size=00000168 bytes, compression=lzss
	.bss: load addr=000069e0, load size=00000008 bytes, run addr=20000000, run size=00000505 bytes, compression=zero_init


LINKER GENERATED HANDLER TABLE

__TI_handler_table @ 000069d4 records: 3, size/record: 4, table size: 12
	index: 0, handler: __TI_decompress_lzss
	index: 1, handler: __TI_decompress_none
	index: 2, handler: __TI_zero_init


GLOBAL SYMBOLS: SORTED ALPHABETICALLY BY Name 

address   name                            
-------   ----                            
0000647b  C$$EXIT                         
00006353  CPUcpsid                        
0000635f  CPUcpsie                        
00002c21  ControlHandler                  
00005a6d  GPIODirModeSet                  
000023f3  GPIOPadConfigSet                
00004ff5  GPIOPinConfigure                
000061d1  GPIOPinTypeUART                 
00004409  IntDisable                      
00004471  IntEnable                       
00004541  IntIsEnabled                    
00006273  IntMasterDisable                
00006283  IntMasterEnable                 
000053b9  InternalUSBRegisterTickHandler  
000053f1  InternalUSBStartOfFrameTick     
000057ed  InternalUSBTickInit             
00004089  ProcessDataFromHost             
0000439d  ProcessDataToHost               
00005759  ProcessNotificationToHost       
0000642d  ResetISR                        
00005231  RxHandler                       
00002649  SysCtlClockGet                  
00005689  SysCtlPeripheralEnable          
00005499  SysCtlPeripheralReady           
00004bc5  SysCtlPeripheralReset           
0000611d  SysCtlUSBPLLEnable              
00006295  SysTickIntHandler               
00003a81  Timer0IntHandler                
00006467  TimerIntClear                   
0000646b  TxHandler                       
00003db1  UART2IntHandler                 
0000639b  UARTCharGet                     
000062e3  UARTCharsAvail                  
000051a5  UARTConfigSetExpClk             
00005dd1  UARTDisable                     
00006131  UARTEnable                      
00006433  UARTFIFOLevelSet                
0000646f  UARTIntClear                    
000063f5  UARTIntEnable                   
000063a5  UARTIntStatus                   
000034ad  UART_Init                       
00004acd  ULPIConfigSet                   
00005f95  USB0DeviceIntHandler            
00006439  USBBufferDataAvailable          
000045a5  USBBufferEventCallback          
0000643f  USBBufferFlush                  
00005fad  USBBufferInit                   
00005b3f  USBBufferRead                   
00006445  USBBufferSpaceAvailable         
000058ad  USBBufferWrite                  
000063af  USBClockEnable                  
000063b9  USBControllerVersion            
00002cfd  USBDCDCCompositeInit            
00004c15  USBDCDCInit                     
000038d3  USBDCDCPacketRead               
00004799  USBDCDCPacketWrite              
000058db  USBDCDCRxPacketAvailable        
00005ac1  USBDCDCSerialStateChange        
00006145  USBDCDCTxPacketAvailable        
00004c65  USBDCDConfigDescGet             
00005993  USBDCDConfigDescGetNum          
00005f2f  USBDCDConfigDescGetSize         
00005e6b  USBDCDConfigGetInterface        
000054d1  USBDCDConfigGetInterfaceEndpoint
0000503d  USBDCDDeviceInfoInit            
00005fc5  USBDCDFeatureGet                
00001c49  USBDCDInit                      
00006159  USBDCDRequestDataEP0            
0000616d  USBDCDSendDataEP0               
00005e89  USBDCDStallEP0                  
000063c3  USBDMAChannelAddressSet         
00006181  USBDMAChannelConfigSet          
000063cd  USBDMAChannelCountSet           
00006207  USBDMAChannelDisable            
00006219  USBDMAChannelEnable             
0000622b  USBDMAChannelIntDisable         
0000623d  USBDMAChannelIntEnable          
0000644b  USBDMAChannelIntStatus          
000062f1  USBDMAChannelStatus             
000059bf  USBDescGet                      
00005aeb  USBDescGetNum                   
00006473  USBDevAddrSet                   
000063d7  USBDevConnect                   
000063e1  USBDevDisconnect                
00003ea9  USBDevEndpointConfigSet         
00005b15  USBDevEndpointDataAck           
0000578b  USBDevEndpointStall             
00004fab  USBDevEndpointStallClear        
00004859  USBDevEndpointStatusClear       
00006451  USBDevLPMConfig                 
000062ff  USBDevLPMDisable                
0000630d  USBDevLPMEnable                 
000063fd  USBDevMode                      
00002039  USBDeviceConfig                 
00003b0d  USBDeviceConfigAlternate        
00002dd9  USBDeviceEnumHandler            
00005085  USBDeviceEnumResetHandler       
00001ee9  USBDeviceIntHandlerInternal     
00004cb5  USBDeviceResumeTickHandler      
00005f49  USBEndpointDMAChannel           
00004d9d  USBEndpointDMAConfigSet         
00005c77  USBEndpointDMADisable           
00005c9b  USBEndpointDMAEnable            
00005ea5  USBEndpointDataAvail            
000051eb  USBEndpointDataGet              
000055e9  USBEndpointDataPut              
000056bd  USBEndpointDataSend             
0000636b  USBEndpointPacketCountSet       
000062a5  USBEndpointStatus               
00006405  USBFIFOAddrGet                  
0000537d  USBFIFOConfigSet                
00006195  USBHostResume                   
00005b91  USBIntEnableControl             
00006099  USBIntEnableEndpoint            
00005509  USBIntStatusControl             
000063eb  USBIntStatusEndpoint            
00006377  USBLPMIntEnable                 
00006457  USBLPMIntStatus                 
00001ae5  USBLibDMAInit                   
0000640d  USBOTGMode                      
00005df1  USBRingBufAdvanceRead           
00005541  USBRingBufAdvanceWrite          
00005e11  USBRingBufContigFree            
000062b5  USBRingBufContigUsed            
000060af  USBRingBufFlush                 
0000624f  USBRingBufFree                  
00006383  USBRingBufInit                  
00005ec1  USBRingBufRead                  
000060c5  USBRingBufReadOne               
000060db  USBRingBufUsed                  
00005edd  USBRingBufWrite                 
000062c5  USBRingBufWriteOne              
00005cc1  USBStackModeSet                 
00004609  USBUARTIntHandler               
0000631b  USBULPIDisable                  
00006329  USBULPIEnable                   
00005e2f  USBULPIRegRead                  
00005e4d  USBULPIRegWrite                 
20000908  __STACK_END                     
00000400  __STACK_SIZE                    
20000708  __STACK_TOP                     
000069e8  __TI_CINIT_Base                 
000069f8  __TI_CINIT_Limit                
000069d4  __TI_Handler_Table_Base         
000069e0  __TI_Handler_Table_Limit        
000052b9  __TI_auto_init_nobinit_nopinit  
000044d9  __TI_decompress_lzss            
00006337  __TI_decompress_none            
00004a79  __TI_ltoa                       
ffffffff  __TI_pprof_out_hndl             
0000026d  __TI_printfi                    
ffffffff  __TI_prof_data_size             
ffffffff  __TI_prof_data_start            
00000000  __TI_static_base__              
0000638f  __TI_zero_init                  
00003c21  __aeabi_cdcmpeq                 
00003c21  __aeabi_cdcmple                 
00003ca7  __aeabi_cdrcmple                
000050cd  __aeabi_d2iz                    
00001937  __aeabi_dadd                    
000022bd  __aeabi_ddiv                    
00002869  __aeabi_dmul                    
0000192d  __aeabi_dsub                    
00006415  __aeabi_errno_addr              
000055b1  __aeabi_f2d                     
00005965  __aeabi_i2d                     
00004bc3  __aeabi_idiv0                   
00004bc3  __aeabi_ldiv0                   
00003f23  __aeabi_memclr                  
00003f23  __aeabi_memclr4                 
00003f23  __aeabi_memclr8                 
0000354d  __aeabi_memcpy                  
0000354d  __aeabi_memcpy4                 
0000354d  __aeabi_memcpy8                 
00003f25  __aeabi_memset                  
00003f25  __aeabi_memset4                 
00003f25  __aeabi_memset8                 
00003717  __aeabi_uldivmod                
ffffffff  __binit__                       
ffffffff  __c_args__                      
UNDEFED   __mpu_init                      
20000508  __stack                         
20000000  __start___llvm_prf_cnts         
20000000  __stop___llvm_prf_cnts          
000056f1  _c_int00_noargs                 
00006480  _ctypes_                        
UNDEFED   _system_post_cinit              
00006477  _system_pre_init                
0000647b  abort                           
00004de9  atoi                            
ffffffff  binit                           
00005bb9  buff_get_free                   
00005d2b  buff_get_full                   
00005c09  buff_init                       
000048b7  buff_read                       
00004915  buff_write                      
00005f63  copysign                        
00006025  copysignf                       
00005f63  copysignl                       
20000a6c  errno                           
0000466d  frexp                           
0000466d  frexpl                          
20000a38  g_bUSBTimerInitialized          
20000a50  g_iUSBMode                      
00006920  g_pCDCCompSerConfigDescriptors  
00006924  g_pCDCCompSerConfigDescriptorsHS
200004fc  g_pcStatus                      
200004b8  g_pfnTickHandlers               
00000000  g_pfnVectors                    
20000110  g_pi8USBRxBuffer                
20000210  g_pi8USBTxBuffer                
00006928  g_ppCDCSerConfigDescriptors     
0000692c  g_ppCDCSerConfigDescriptorsHS   
20000500  g_ppsDevInfo                    
20000a00  g_psCDCCompSerSections          
20000a10  g_psCDCCompSerSectionsHS        
20000a20  g_psCDCSerSections              
20000a2c  g_psCDCSerSectionsHS            
20000428  g_psDCDInst                     
00006834  g_pui8CDCSerCommInterface       
00006894  g_pui8CDCSerDataInterface       
000068ab  g_pui8CDCSerDataInterfaceHS     
20000a44  g_pui8CDCSerDescriptor          
200009ed  g_pui8CDCSerDeviceDescriptor    
00006748  g_pui8ConfigString              
000067e4  g_pui8ControlInterfaceString    
20000a59  g_pui8IADSerDescriptor          
0000691c  g_pui8LangDescriptor            
00006810  g_pui8ManufacturerString        
00006857  g_pui8ProdectString             
000068c2  g_pui8SerialNumberString        
0000687c  g_pui8StringDescriptors         
200004d0  g_pvTickInstance                
000068d4  g_sCDCCompSerConfigHeader       
000068dc  g_sCDCCompSerConfigHeaderHS     
20000908  g_sCDCDevice                    
000067b4  g_sCDCHandlers                  
000068e4  g_sCDCSerCommInterfaceSection   
000068ec  g_sCDCSerConfigHeader           
000068f4  g_sCDCSerConfigHeaderHS         
000068fc  g_sCDCSerConfigSection          
00006904  g_sCDCSerDataInterfaceSection   
0000690c  g_sCDCSerDataInterfaceSectionHS 
00006914  g_sIADSerConfigSection          
20000968  g_sRxBuffer                     
200009a0  g_sTxBuffer                     
20000a3c  g_ui32CurrentUSBTick            
200009e8  g_ui32Flags                     
200009e4  g_ui32SysTickCount              
200009dc  g_ui32UARTRxCount               
200009d8  g_ui32UARTTxCount               
20000a40  g_ui32USBSOFCount               
20000a54  g_ui32WaitTicks                 
00006345  gps_init                        
00002b3d  gps_process                     
200003a0  hgps                            
00002759  ldexp                           
00002f85  ldexpf                          
00002759  ldexpl                          
00001085  main                            
00005ef9  memccpy                         
0000354d  memcpy                          
00003f2b  memset                          
20000504  rx                              
00002759  scalbn                          
00002f85  scalbnf                         
00002759  scalbnl                         
00004e81  snprintf                        
000060f1  strchr                          
000061bd  strlen                          
000059eb  strncmp                         
00000cbd  strtof                          
00005115  uDMAChannelAttributeDisable     
00005ce5  uDMAChannelControlSet           
0000603d  uDMAChannelDisable              
00006055  uDMAChannelEnable               
00005be1  uDMAChannelModeGet              
00003d2d  uDMAChannelTransferSet          
00006261  wcslen                          


GLOBAL SYMBOLS: SORTED BY Symbol Address 

address   name                            
-------   ----                            
00000000  __TI_static_base__              
00000000  g_pfnVectors                    
0000026d  __TI_printfi                    
00000400  __STACK_SIZE                    
00000cbd  strtof                          
00001085  main                            
0000192d  __aeabi_dsub                    
00001937  __aeabi_dadd                    
00001ae5  USBLibDMAInit                   
00001c49  USBDCDInit                      
00001ee9  USBDeviceIntHandlerInternal     
00002039  USBDeviceConfig                 
000022bd  __aeabi_ddiv                    
000023f3  GPIOPadConfigSet                
00002649  SysCtlClockGet                  
00002759  ldexp                           
00002759  ldexpl                          
00002759  scalbn                          
00002759  scalbnl                         
00002869  __aeabi_dmul                    
00002b3d  gps_process                     
00002c21  ControlHandler                  
00002cfd  USBDCDCCompositeInit            
00002dd9  USBDeviceEnumHandler            
00002f85  ldexpf                          
00002f85  scalbnf                         
000034ad  UART_Init                       
0000354d  __aeabi_memcpy                  
0000354d  __aeabi_memcpy4                 
0000354d  __aeabi_memcpy8                 
0000354d  memcpy                          
00003717  __aeabi_uldivmod                
000038d3  USBDCDCPacketRead               
00003a81  Timer0IntHandler                
00003b0d  USBDeviceConfigAlternate        
00003c21  __aeabi_cdcmpeq                 
00003c21  __aeabi_cdcmple                 
00003ca7  __aeabi_cdrcmple                
00003d2d  uDMAChannelTransferSet          
00003db1  UART2IntHandler                 
00003ea9  USBDevEndpointConfigSet         
00003f23  __aeabi_memclr                  
00003f23  __aeabi_memclr4                 
00003f23  __aeabi_memclr8                 
00003f25  __aeabi_memset                  
00003f25  __aeabi_memset4                 
00003f25  __aeabi_memset8                 
00003f2b  memset                          
00004089  ProcessDataFromHost             
0000439d  ProcessDataToHost               
00004409  IntDisable                      
00004471  IntEnable                       
000044d9  __TI_decompress_lzss            
00004541  IntIsEnabled                    
000045a5  USBBufferEventCallback          
00004609  USBUARTIntHandler               
0000466d  frexp                           
0000466d  frexpl                          
00004799  USBDCDCPacketWrite              
00004859  USBDevEndpointStatusClear       
000048b7  buff_read                       
00004915  buff_write                      
00004a79  __TI_ltoa                       
00004acd  ULPIConfigSet                   
00004bc3  __aeabi_idiv0                   
00004bc3  __aeabi_ldiv0                   
00004bc5  SysCtlPeripheralReset           
00004c15  USBDCDCInit                     
00004c65  USBDCDConfigDescGet             
00004cb5  USBDeviceResumeTickHandler      
00004d9d  USBEndpointDMAConfigSet         
00004de9  atoi                            
00004e81  snprintf                        
00004fab  USBDevEndpointStallClear        
00004ff5  GPIOPinConfigure                
0000503d  USBDCDDeviceInfoInit            
00005085  USBDeviceEnumResetHandler       
000050cd  __aeabi_d2iz                    
00005115  uDMAChannelAttributeDisable     
000051a5  UARTConfigSetExpClk             
000051eb  USBEndpointDataGet              
00005231  RxHandler                       
000052b9  __TI_auto_init_nobinit_nopinit  
0000537d  USBFIFOConfigSet                
000053b9  InternalUSBRegisterTickHandler  
000053f1  InternalUSBStartOfFrameTick     
00005499  SysCtlPeripheralReady           
000054d1  USBDCDConfigGetInterfaceEndpoint
00005509  USBIntStatusControl             
00005541  USBRingBufAdvanceWrite          
000055b1  __aeabi_f2d                     
000055e9  USBEndpointDataPut              
00005689  SysCtlPeripheralEnable          
000056bd  USBEndpointDataSend             
000056f1  _c_int00_noargs                 
00005759  ProcessNotificationToHost       
0000578b  USBDevEndpointStall             
000057ed  InternalUSBTickInit             
000058ad  USBBufferWrite                  
000058db  USBDCDCRxPacketAvailable        
00005965  __aeabi_i2d                     
00005993  USBDCDConfigDescGetNum          
000059bf  USBDescGet                      
000059eb  strncmp                         
00005a6d  GPIODirModeSet                  
00005ac1  USBDCDCSerialStateChange        
00005aeb  USBDescGetNum                   
00005b15  USBDevEndpointDataAck           
00005b3f  USBBufferRead                   
00005b91  USBIntEnableControl             
00005bb9  buff_get_free                   
00005be1  uDMAChannelModeGet              
00005c09  buff_init                       
00005c77  USBEndpointDMADisable           
00005c9b  USBEndpointDMAEnable            
00005cc1  USBStackModeSet                 
00005ce5  uDMAChannelControlSet           
00005d2b  buff_get_full                   
00005dd1  UARTDisable                     
00005df1  USBRingBufAdvanceRead           
00005e11  USBRingBufContigFree            
00005e2f  USBULPIRegRead                  
00005e4d  USBULPIRegWrite                 
00005e6b  USBDCDConfigGetInterface        
00005e89  USBDCDStallEP0                  
00005ea5  USBEndpointDataAvail            
00005ec1  USBRingBufRead                  
00005edd  USBRingBufWrite                 
00005ef9  memccpy                         
00005f2f  USBDCDConfigDescGetSize         
00005f49  USBEndpointDMAChannel           
00005f63  copysign                        
00005f63  copysignl                       
00005f95  USB0DeviceIntHandler            
00005fad  USBBufferInit                   
00005fc5  USBDCDFeatureGet                
00006025  copysignf                       
0000603d  uDMAChannelDisable              
00006055  uDMAChannelEnable               
00006099  USBIntEnableEndpoint            
000060af  USBRingBufFlush                 
000060c5  USBRingBufReadOne               
000060db  USBRingBufUsed                  
000060f1  strchr                          
0000611d  SysCtlUSBPLLEnable              
00006131  UARTEnable                      
00006145  USBDCDCTxPacketAvailable        
00006159  USBDCDRequestDataEP0            
0000616d  USBDCDSendDataEP0               
00006181  USBDMAChannelConfigSet          
00006195  USBHostResume                   
000061bd  strlen                          
000061d1  GPIOPinTypeUART                 
00006207  USBDMAChannelDisable            
00006219  USBDMAChannelEnable             
0000622b  USBDMAChannelIntDisable         
0000623d  USBDMAChannelIntEnable          
0000624f  USBRingBufFree                  
00006261  wcslen                          
00006273  IntMasterDisable                
00006283  IntMasterEnable                 
00006295  SysTickIntHandler               
000062a5  USBEndpointStatus               
000062b5  USBRingBufContigUsed            
000062c5  USBRingBufWriteOne              
000062e3  UARTCharsAvail                  
000062f1  USBDMAChannelStatus             
000062ff  USBDevLPMDisable                
0000630d  USBDevLPMEnable                 
0000631b  USBULPIDisable                  
00006329  USBULPIEnable                   
00006337  __TI_decompress_none            
00006345  gps_init                        
00006353  CPUcpsid                        
0000635f  CPUcpsie                        
0000636b  USBEndpointPacketCountSet       
00006377  USBLPMIntEnable                 
00006383  USBRingBufInit                  
0000638f  __TI_zero_init                  
0000639b  UARTCharGet                     
000063a5  UARTIntStatus                   
000063af  USBClockEnable                  
000063b9  USBControllerVersion            
000063c3  USBDMAChannelAddressSet         
000063cd  USBDMAChannelCountSet           
000063d7  USBDevConnect                   
000063e1  USBDevDisconnect                
000063eb  USBIntStatusEndpoint            
000063f5  UARTIntEnable                   
000063fd  USBDevMode                      
00006405  USBFIFOAddrGet                  
0000640d  USBOTGMode                      
00006415  __aeabi_errno_addr              
0000642d  ResetISR                        
00006433  UARTFIFOLevelSet                
00006439  USBBufferDataAvailable          
0000643f  USBBufferFlush                  
00006445  USBBufferSpaceAvailable         
0000644b  USBDMAChannelIntStatus          
00006451  USBDevLPMConfig                 
00006457  USBLPMIntStatus                 
00006467  TimerIntClear                   
0000646b  TxHandler                       
0000646f  UARTIntClear                    
00006473  USBDevAddrSet                   
00006477  _system_pre_init                
0000647b  C$$EXIT                         
0000647b  abort                           
00006480  _ctypes_                        
00006748  g_pui8ConfigString              
000067b4  g_sCDCHandlers                  
000067e4  g_pui8ControlInterfaceString    
00006810  g_pui8ManufacturerString        
00006834  g_pui8CDCSerCommInterface       
00006857  g_pui8ProdectString             
0000687c  g_pui8StringDescriptors         
00006894  g_pui8CDCSerDataInterface       
000068ab  g_pui8CDCSerDataInterfaceHS     
000068c2  g_pui8SerialNumberString        
000068d4  g_sCDCCompSerConfigHeader       
000068dc  g_sCDCCompSerConfigHeaderHS     
000068e4  g_sCDCSerCommInterfaceSection   
000068ec  g_sCDCSerConfigHeader           
000068f4  g_sCDCSerConfigHeaderHS         
000068fc  g_sCDCSerConfigSection          
00006904  g_sCDCSerDataInterfaceSection   
0000690c  g_sCDCSerDataInterfaceSectionHS 
00006914  g_sIADSerConfigSection          
0000691c  g_pui8LangDescriptor            
00006920  g_pCDCCompSerConfigDescriptors  
00006924  g_pCDCCompSerConfigDescriptorsHS
00006928  g_ppCDCSerConfigDescriptors     
0000692c  g_ppCDCSerConfigDescriptorsHS   
000069d4  __TI_Handler_Table_Base         
000069e0  __TI_Handler_Table_Limit        
000069e8  __TI_CINIT_Base                 
000069f8  __TI_CINIT_Limit                
20000000  __start___llvm_prf_cnts         
20000000  __stop___llvm_prf_cnts          
20000110  g_pi8USBRxBuffer                
20000210  g_pi8USBTxBuffer                
200003a0  hgps                            
20000428  g_psDCDInst                     
200004b8  g_pfnTickHandlers               
200004d0  g_pvTickInstance                
200004fc  g_pcStatus                      
20000500  g_ppsDevInfo                    
20000504  rx                              
20000508  __stack                         
20000708  __STACK_TOP                     
20000908  __STACK_END                     
20000908  g_sCDCDevice                    
20000968  g_sRxBuffer                     
200009a0  g_sTxBuffer                     
200009d8  g_ui32UARTTxCount               
200009dc  g_ui32UARTRxCount               
200009e4  g_ui32SysTickCount              
200009e8  g_ui32Flags                     
200009ed  g_pui8CDCSerDeviceDescriptor    
20000a00  g_psCDCCompSerSections          
20000a10  g_psCDCCompSerSectionsHS        
20000a20  g_psCDCSerSections              
20000a2c  g_psCDCSerSectionsHS            
20000a38  g_bUSBTimerInitialized          
20000a3c  g_ui32CurrentUSBTick            
20000a40  g_ui32USBSOFCount               
20000a44  g_pui8CDCSerDescriptor          
20000a50  g_iUSBMode                      
20000a54  g_ui32WaitTicks                 
20000a59  g_pui8IADSerDescriptor          
20000a6c  errno                           
ffffffff  __TI_pprof_out_hndl             
ffffffff  __TI_prof_data_size             
ffffffff  __TI_prof_data_start            
ffffffff  __binit__                       
ffffffff  __c_args__                      
ffffffff  binit                           
UNDEFED   __mpu_init                      
UNDEFED   _system_post_cinit              

[279 symbols]
