******************************************************************************
                  TI ARM Linker PC v20.2.5                     
******************************************************************************
>> Linked Mon Apr 25 12:25:50 2022

OUTPUT FILE NAME:   <usb_dev_serial.out>
ENTRY POINT SYMBOL: "_c_int00_noargs"  address: 00003f19


MEMORY CONFIGURATION

         name            origin    length      used     unused   attr    fill
----------------------  --------  ---------  --------  --------  ----  --------
  FLASH                 00000000   00040000  00005166  0003ae9a  R  X
  SRAM                  20000000   00008000  00000a6c  00007594  RW X


SEGMENT ALLOCATION MAP

run origin  load origin   length   init length attrs members
----------  ----------- ---------- ----------- ----- -------
00000000    00000000    00005168   00005168    r-x
  00000000    00000000    0000026c   0000026c    r-- .intvecs
  0000026c    0000026c    0000497a   0000497a    r-x .text
  00004be8    00004be8    000004b0   000004b0    r-- .const
  00005098    00005098    000000d0   000000d0    r-- .cinit
20000000    20000000    00000a70   00000000    rw-
  20000000    20000000    00000504   00000000    rw- .bss
  20000508    20000508    00000400   00000000    rw- .stack
  20000908    20000908    00000168   00000000    rw- .data


SECTION ALLOCATION MAP

 output                                  attributes/
section   page    origin      length       input sections
--------  ----  ----------  ----------   ----------------
.intvecs   0    00000000    0000026c     
                  00000000    0000026c     startup_ccs.obj (.intvecs)

.text      0    0000026c    0000497a     
                  0000026c    000003c8     rtsv7M4_T_le_v4SPD16_eabi.lib : strtof.c.obj (.text:strtof)
                  00000634    00000230     usb_dev_serial.obj (.text:main)
                  00000864    000001e7     gps.obj (.text:parse_term)
                  00000a4b    00000001     --HOLE-- [fill = 0]
                  00000a4c    000001b6     rtsv7M4_T_le_v4SPD16_eabi.lib : fd_add_t2.asm.obj (.text)
                  00000c02    00000002     startup_ccs.obj (.text:FaultISR)
                  00000c04    00000164     usblib.lib : usbdma.obj (.text:USBLibDMAInit)
                  00000d68    00000150                : usbdenum.obj (.text:USBDCDInit)
                  00000eb8    00000150                : usbdenum.obj (.text:USBDEP0StateTxConfig)
                  00001008    00000150                : usbdenum.obj (.text:USBDeviceIntHandlerInternal)
                  00001158    00000148                : usbdconfig.obj (.text:USBDeviceConfig)
                  000012a0    00000136     rtsv7M4_T_le_v4SPD16_eabi.lib : fd_div_t2.asm.obj (.text)
                  000013d6    00000132     driverlib.lib : gpio.obj (.text:GPIOPadConfigSet)
                  00001508    00000110                   : sysctl.obj (.text:SysCtlClockGet)
                  00001618    000000fc     rtsv7M4_T_le_v4SPD16_eabi.lib : fd_mul_t2.asm.obj (.text)
                  00001714    000000f4     usblib.lib : usbdma.obj (.text:iDMAUSBTransfer)
                  00001808    000000e4                : usbdenum.obj (.text:USBDGetDescriptor)
                  000018ec    000000e2     gps.obj (.text:gps_process)
                  000019ce    00000002     startup_ccs.obj (.text:IntDefaultHandler)
                  000019d0    000000dc     usb_dev_serial.obj (.text:ControlHandler)
                  00001aac    000000dc     usblib.lib : usbdcdc.obj (.text:USBDCDCCompositeInit)
                  00001b88    000000d8                : usbdenum.obj (.text:USBDeviceEnumHandler)
                  00001c60    000000d4                : usbdcdc.obj (.text:HandleRequests)
                  00001d34    000000d0     rtsv7M4_T_le_v4SPD16_eabi.lib : s_scalbnf.c.obj (.text:scalbnf)
                  00001e04    000000d0     usblib.lib : usbdma.obj (.text:uDMAUSBChannelAllocate)
                  00001ed4    000000c0                : usbbuffer.obj (.text:HandleRxAvailable)
                  00001f94    000000bc                : usbdma.obj (.text:uDMAUSBTransfer)
                  00002050    000000b4                : usbdcdc.obj (.text:HandleDevice)
                  00002104    000000a6     gps.obj (.text:copy_from_tmp_memory)
                  000021aa    00000002     startup_ccs.obj (.text:NmiSR)
                  000021ac    000000a0     usb_dev_serial.obj (.text:UART_Init)
                  0000224c    0000009c     rtsv7M4_T_le_v4SPD16_eabi.lib : memcpy_t2.asm.obj (.text)
                  000022e8    00000098     usblib.lib : usbdenum.obj (.text:USBDSetInterface)
                  00002380    00000096                : usbdcdc.obj (.text:CDCTickHandler)
                  00002416    00000094                : usbdcdc.obj (.text:SendSerialState)
                  000024aa    00000092                : usbbuffer.obj (.text:ScheduleNextTransmission)
                  0000253c    00000090                : usbdcdc.obj (.text:USBDCDCPacketRead)
                  000025cc    00000090                : usbdenum.obj (.text:USBDSetConfiguration)
                  0000265c    0000008c     usb_dev_serial.obj (.text:GetLineCoding)
                  000026e8    0000008c     usblib.lib : usbdconfig.obj (.text:USBDeviceConfigAlternate)
                  00002774    00000088                : usbdma.obj (.text:iDMAUSBChannelAllocate)
                  000027fc    00000084     driverlib.lib : udma.obj (.text:uDMAChannelTransferSet)
                  00002880    0000007c     usb_dev_serial.obj (.text:UART2IntHandler)
                  000028fc    0000007c     usblib.lib : usbdenum.obj (.text:USBDClearFeature)
                  00002978    0000007a     driverlib.lib : usb.obj (.text:USBDevEndpointConfigSet)
                  000029f2    0000007a     rtsv7M4_T_le_v4SPD16_eabi.lib : memset_t2.asm.obj (.text)
                  00002a6c    00000078     usblib.lib : usbdenum.obj (.text:USBDGetStatus)
                  00002ae4    00000074     usb_dev_serial.obj (.text:SetLineCoding)
                  00002b58    00000072     usblib.lib : usbdcdc.obj (.text:ProcessDataFromHost)
                  00002bca    00000072                : usbdma.obj (.text:uDMAUSBUnitSizeSet)
                  00002c3c    00000070     usb_dev_serial.obj (.text:ReadUARTData)
                  00002cac    00000070     usblib.lib : usbdenum.obj (.text:USBDEP0StateTx)
                  00002d1c    00000070                : usbdenum.obj (.text:USBDSetFeature)
                  00002d8c    00000070                : usbdma.obj (.text:uDMAUSBArbSizeSet)
                  00002dfc    0000006c                : usbdcdc.obj (.text:ProcessDataToHost)
                  00002e68    00000068     driverlib.lib : interrupt.obj (.text:IntDisable)
                  00002ed0    00000068                   : interrupt.obj (.text:IntEnable)
                  00002f38    00000068     rtsv7M4_T_le_v4SPD16_eabi.lib : copy_decompress_lzss.c.obj (.text:decompress:lzss:__TI_decompress_lzss)
                  00002fa0    00000064     driverlib.lib : interrupt.obj (.text:IntIsEnabled)
                  00003004    00000064     usblib.lib : usbbuffer.obj (.text:USBBufferEventCallback)
                  00003068    00000064     usb_dev_serial.obj (.text:USBUARTIntHandler)
                  000030cc    00000064     gps.obj (.text:parse_lat_long)
                  00003130    00000064     usblib.lib : usbdma.obj (.text:uDMAUSBChannelEnable)
                  00003194    00000060                : usbdcdc.obj (.text:USBDCDCPacketWrite)
                  000031f4    00000060                : usbdenum.obj (.text:USBDReadAndDispatchRequest)
                  00003254    0000005e     driverlib.lib : usb.obj (.text:USBDevEndpointStatusClear)
                  000032b2    0000005e     gps_buff.obj (.text:buff_read)
                  00003310    0000005e     gps_buff.obj (.text:buff_write)
                  0000336e    0000005c     gps.obj (.text:check_crc)
                  000033ca    00000002     usblib.lib : usbdma.obj (.text:iDMAUSBArbSizeSet)
                  000033cc    00000054     usb_dev_serial.obj (.text:USBUARTPrimeTransmit)
                  00003420    00000052     usblib.lib : usbulpi.obj (.text:ULPIConfigSet)
                  00003472    00000052                : usbdma.obj (.text:uDMAUSBChannelRelease)
                  000034c4    00000050     driverlib.lib : sysctl.obj (.text:SysCtlPeripheralReset)
                  00003514    00000050     usblib.lib : usbdcdc.obj (.text:USBDCDCInit)
                  00003564    00000050                : usbdcdesc.obj (.text:USBDCDConfigDescGet)
                  000035b4    00000050                : usbdenum.obj (.text:USBDeviceResumeTickHandler)
                  00003604    0000004c                : usbdconfig.obj (.text:GetEPDescriptorType)
                  00003650    0000004c                : usbdenum.obj (.text:USBDStringIndexFromRequest)
                  0000369c    0000004c     driverlib.lib : usb.obj (.text:USBEndpointDMAConfigSet)
                  000036e8    0000004c     usblib.lib : usbdma.obj (.text:iDMAUSBChannelEnable)
                  00003734    0000004a                : usbdcdesc.obj (.text:ConfigAlternateInterfaceGet)
                  0000377e    0000004a                : usbdcdc.obj (.text:HandleEP0Data)
                  000037c8    0000004a                : usbdcdc.obj (.text:HandleEndpoints)
                  00003812    0000004a     driverlib.lib : usb.obj (.text:USBDevEndpointStallClear)
                  0000385c    00000048                   : gpio.obj (.text:GPIOPinConfigure)
                  000038a4    00000048     usblib.lib : usbdenum.obj (.text:USBDCDDeviceInfoInit)
                  000038ec    00000048                : usbdenum.obj (.text:USBDeviceEnumResetHandler)
                  00003934    00000048     rtsv7M4_T_le_v4SPD16_eabi.lib : fd_toi_t2.asm.obj (.text)
                  0000397c    00000048     driverlib.lib : udma.obj (.text:uDMAChannelAttributeDisable)
                  000039c4    00000048     usblib.lib : usbdma.obj (.text:uDMAUSBChannelDisable)
                  00003a0c    00000046     driverlib.lib : uart.obj (.text:UARTConfigSetExpClk)
                  00003a52    00000046                   : usb.obj (.text:USBEndpointDataGet)
                  00003a98    00000044     usb_dev_serial.obj (.text:RxHandler)
                  00003adc    00000044     usblib.lib : usbdenum.obj (.text:USBDGetInterface)
                  00003b20    00000044     rtsv7M4_T_le_v4SPD16_eabi.lib : autoinit.c.obj (.text:__TI_auto_init_nobinit_nopinit:__TI_auto_init_nobinit_nopinit)
                  00003b64    00000042     gps.obj (.text:parse_number)
                  00003ba6    0000003a     driverlib.lib : usb.obj (.text:USBFIFOConfigSet)
                  00003be0    00000038     usblib.lib : usbtick.obj (.text:InternalUSBRegisterTickHandler)
                  00003c18    00000038                : usbtick.obj (.text:InternalUSBStartOfFrameTick)
                  00003c50    00000038     usb_dev_serial.obj (.text:SendBreak)
                  00003c88    00000038     usblib.lib : usbdcdc.obj (.text:SendBreak)
                  00003cc0    00000038     driverlib.lib : sysctl.obj (.text:SysCtlPeripheralReady)
                  00003cf8    00000038     usblib.lib : usbdcdesc.obj (.text:USBDCDConfigGetInterfaceEndpoint)
                  00003d30    00000038     driverlib.lib : usb.obj (.text:USBIntStatusControl)
                  00003d68    00000038     usblib.lib : usbringbuf.obj (.text:USBRingBufAdvanceWrite)
                  00003da0    00000038                : usbdma.obj (.text:iDMAUSBChannelRelease)
                  00003dd8    00000038     rtsv7M4_T_le_v4SPD16_eabi.lib : fs_tod_t2.asm.obj (.text)
                  00003e10    00000036     driverlib.lib : usb.obj (.text:USBEndpointDataPut)
                  00003e46    00000034     usblib.lib : usbdcdc.obj (.text:HandleConfigChange)
                  00003e7a    00000034                : usbdcdesc.obj (.text:NextConfigDescGet)
                  00003eae    00000002                : usbdma.obj (.text:iDMAUSBUnitSizeSet)
                  00003eb0    00000034     driverlib.lib : sysctl.obj (.text:SysCtlPeripheralEnable)
                  00003ee4    00000034                   : usb.obj (.text:USBEndpointDataSend)
                  00003f18    00000034     rtsv7M4_T_le_v4SPD16_eabi.lib : boot_cortex_m.c.obj (.text:_c_int00_noargs:_c_int00_noargs)
                  00003f4c    00000034     usblib.lib : usbdma.obj (.text:iDMAUSBChannelStatus)
                  00003f80    00000032                : usbdcdc.obj (.text:ProcessNotificationToHost)
                  00003fb2    00000032     driverlib.lib : usb.obj (.text:USBDevEndpointStall)
                  00003fe4    00000030     usblib.lib : usbdma.obj (.text:DMAUSBIntHandler)
                  00004014    00000030                : usbtick.obj (.text:InternalUSBTickInit)
                  00004044    00000030                : usbdenum.obj (.text:USBDGetConfiguration)
                  00004074    00000030                : usbdma.obj (.text:iDMAUSBChannelDisable)
                  000040a4    0000002e                : usbbuffer.obj (.text:USBBufferWrite)
                  000040d2    0000002e                : usbdcdc.obj (.text:USBDCDCRxPacketAvailable)
                  00004100    0000002e                : usbringbuf.obj (.text:UpdateIndexAtomic)
                  0000412e    0000002e     gps.obj (.text:parse_float_number)
                  0000415c    0000002e     rtsv7M4_T_le_v4SPD16_eabi.lib : i_tofd_t2.asm.obj (.text)
                  0000418a    0000002c     usblib.lib : usbdcdesc.obj (.text:USBDCDConfigDescGetNum)
                  000041b6    0000002c                : usbdesc.obj (.text:USBDescGet)
                  000041e2    0000002c     rtsv7M4_T_le_v4SPD16_eabi.lib : strncmp.c.obj (.text:strncmp)
                  0000420e    0000002c     usblib.lib : usbdma.obj (.text:uDMAUSBIntStatus)
                  0000423a    0000002a     usb_dev_serial.obj (.text:CheckForSerialStateChange)
                  00004264    0000002a     driverlib.lib : gpio.obj (.text:GPIODirModeSet)
                  0000428e    0000002a     usblib.lib : usbbuffer.obj (.text:HandleRequestBuffer)
                  000042b8    0000002a                : usbdcdc.obj (.text:USBDCDCSerialStateChange)
                  000042e2    0000002a                : usbdesc.obj (.text:USBDescGetNum)
                  0000430c    0000002a     driverlib.lib : usb.obj (.text:USBDevEndpointDataAck)
                  00004336    00000028     usblib.lib : usbbuffer.obj (.text:USBBufferRead)
                  0000435e    00000002                : usbdma.obj (.text:uDMAUSBChannelIntDisable)
                  00004360    00000028                : usbdenum.obj (.text:USBDSetAddress)
                  00004388    00000028     driverlib.lib : usb.obj (.text:USBIntEnableControl)
                  000043b0    00000028     gps_buff.obj (.text:buff_get_free)
                  000043d8    00000028     driverlib.lib : udma.obj (.text:uDMAChannelModeGet)
                  00004400    00000026     gps_buff.obj (.text:buff_init)
                  00004426    00000024     usblib.lib : usbdcdc.obj (.text:HandleDisconnect)
                  0000444a    00000024                : usbdcdc.obj (.text:SendLineStateChange)
                  0000446e    00000024     driverlib.lib : usb.obj (.text:USBEndpointDMADisable)
                  00004492    00000024                   : usb.obj (.text:USBEndpointDMAEnable)
                  000044b6    00000002     usblib.lib : usbdma.obj (.text:uDMAUSBChannelIntEnable)
                  000044b8    00000024                : usbmode.obj (.text:USBStackModeSet)
                  000044dc    00000024     driverlib.lib : udma.obj (.text:uDMAChannelControlSet)
                  00004500    00000022     usblib.lib : usbdcdc.obj (.text:SendLineCodingChange)
                  00004522    00000022     gps_buff.obj (.text:buff_get_full)
                  00004544    00000022     usblib.lib : usbdma.obj (.text:uDMAUSBChannelStatus)
                  00004566    00000020                : usbdcdc.obj (.text:CheckAndSendBreak)
                  00004586    00000020                : usbdconfig.obj (.text:GetEndpointFIFOSize)
                  000045a6    00000020                : usbbuffer.obj (.text:HandleDataRemaining)
                  000045c6    00000002     --HOLE-- [fill = 0]
                  000045c8    00000020     driverlib.lib : uart.obj (.text:UARTDisable)
                  000045e8    00000020     usblib.lib : usbringbuf.obj (.text:USBRingBufAdvanceRead)
                  00004608    0000001e                : usbringbuf.obj (.text:USBRingBufContigFree)
                  00004626    0000001e     driverlib.lib : usb.obj (.text:USBULPIRegRead)
                  00004644    0000001e                   : usb.obj (.text:USBULPIRegWrite)
                  00004662    0000001c     usblib.lib : usbdcdesc.obj (.text:USBDCDConfigGetInterface)
                  0000467e    00000002     --HOLE-- [fill = 0]
                  00004680    0000001c                : usbdenum.obj (.text:USBDCDStallEP0)
                  0000469c    0000001c     driverlib.lib : usb.obj (.text:USBEndpointDataAvail)
                  000046b8    0000001c     usblib.lib : usbringbuf.obj (.text:USBRingBufRead)
                  000046d4    0000001c                : usbringbuf.obj (.text:USBRingBufWrite)
                  000046f0    0000001a                : usbdcdc.obj (.text:DeviceConsumedAllData)
                  0000470a    0000001a                : usbdcdesc.obj (.text:USBDCDConfigDescGetSize)
                  00004724    0000001a     driverlib.lib : usb.obj (.text:USBEndpointDMAChannel)
                  0000473e    00000018     usblib.lib : usbdcdc.obj (.text:SetDeferredOpFlag)
                  00004756    00000002     --HOLE-- [fill = 0]
                  00004758    00000018                : usbdhandler.obj (.text:USB0DeviceIntHandler)
                  00004770    00000018                : usbbuffer.obj (.text:USBBufferInit)
                  00004788    00000018                : usbdenum.obj (.text:USBDCDFeatureGet)
                  000047a0    00000018                : usbdenum.obj (.text:USBDSetDescriptor)
                  000047b8    00000018                : usbdenum.obj (.text:USBDSyncFrame)
                  000047d0    00000018     rtsv7M4_T_le_v4SPD16_eabi.lib : s_copysignf.c.obj (.text:copysignf)
                  000047e8    00000018     driverlib.lib : udma.obj (.text:uDMAChannelDisable)
                  00004800    00000018                   : udma.obj (.text:uDMAChannelEnable)
                  00004818    00000016     usblib.lib : usbdcdc.obj (.text:CheckAndSendLineCodingChange)
                  0000482e    00000016                : usbdcdc.obj (.text:CheckAndSendLineStateChange)
                  00004844    00000016     driverlib.lib : usb.obj (.text:USBIntEnableEndpoint)
                  0000485a    00000016     usblib.lib : usbringbuf.obj (.text:USBRingBufFlush)
                  00004870    00000016                : usbringbuf.obj (.text:USBRingBufReadOne)
                  00004886    00000016                : usbringbuf.obj (.text:USBRingBufUsed)
                  0000489c    00000014                : usbbuffer.obj (.text:HandleTxComplete)
                  000048b0    00000014     driverlib.lib : sysctl.obj (.text:SysCtlUSBPLLEnable)
                  000048c4    00000014                   : uart.obj (.text:UARTEnable)
                  000048d8    00000014     usblib.lib : usbdcdc.obj (.text:USBDCDCTxPacketAvailable)
                  000048ec    00000014                : usbdenum.obj (.text:USBDCDRequestDataEP0)
                  00004900    00000014                : usbdenum.obj (.text:USBDCDSendDataEP0)
                  00004914    00000014     driverlib.lib : usb.obj (.text:USBDMAChannelConfigSet)
                  00004928    00000014                   : usb.obj (.text:USBHostResume)
                  0000493c    00000014                   : usb.obj (.text:_USBIndexWrite)
                  00004950    00000012                   : gpio.obj (.text:GPIOPinTypeUART)
                  00004962    00000012     usblib.lib : usbdcdc.obj (.text:HandleResume)
                  00004974    00000012                : usbdcdc.obj (.text:HandleSuspend)
                  00004986    00000012     driverlib.lib : usb.obj (.text:USBDMAChannelDisable)
                  00004998    00000012                   : usb.obj (.text:USBDMAChannelEnable)
                  000049aa    00000012                   : usb.obj (.text:USBDMAChannelIntDisable)
                  000049bc    00000012                   : usb.obj (.text:USBDMAChannelIntEnable)
                  000049ce    00000012     usblib.lib : usbringbuf.obj (.text:USBRingBufFree)
                  000049e0    00000010     driverlib.lib : interrupt.obj (.text:IntMasterDisable)
                  000049f0    00000010                   : interrupt.obj (.text:IntMasterEnable)
                  00004a00    00000010     usb_dev_serial.obj (.text:SysTickIntHandler)
                  00004a10    00000010     driverlib.lib : usb.obj (.text:USBEndpointStatus)
                  00004a20    00000010     usblib.lib : usbringbuf.obj (.text:USBRingBufContigUsed)
                  00004a30    00000010                : usbringbuf.obj (.text:USBRingBufWriteOne)
                  00004a40    0000000e                : usbdma.obj (.text:DMAUSBIntStatusClear)
                  00004a4e    0000000e     driverlib.lib : uart.obj (.text:UARTCharsAvail)
                  00004a5c    0000000e                   : usb.obj (.text:USBDMAChannelStatus)
                  00004a6a    0000000e                   : usb.obj (.text:USBDevLPMDisable)
                  00004a78    0000000e                   : usb.obj (.text:USBDevLPMEnable)
                  00004a86    0000000e                   : usb.obj (.text:USBULPIDisable)
                  00004a94    0000000e                   : usb.obj (.text:USBULPIEnable)
                  00004aa2    0000000e     rtsv7M4_T_le_v4SPD16_eabi.lib : copy_decompress_none.c.obj (.text:decompress:none:__TI_decompress_none)
                  00004ab0    0000000e     gps.obj (.text:gps_init)
                  00004abe    0000000c     driverlib.lib : cpu.obj (.text:CPUcpsid)
                  00004aca    0000000c                   : cpu.obj (.text:CPUcpsie)
                  00004ad6    0000000c                   : usb.obj (.text:USBEndpointPacketCountSet)
                  00004ae2    0000000c                   : usb.obj (.text:USBLPMIntEnable)
                  00004aee    0000000c     usblib.lib : usbringbuf.obj (.text:USBRingBufInit)
                  00004afa    0000000c     rtsv7M4_T_le_v4SPD16_eabi.lib : copy_zero_init.c.obj (.text:decompress:ZI:__TI_zero_init)
                  00004b06    0000000a     driverlib.lib : uart.obj (.text:UARTCharGet)
                  00004b10    0000000a                   : uart.obj (.text:UARTIntStatus)
                  00004b1a    0000000a                   : usb.obj (.text:USBClockEnable)
                  00004b24    0000000a                   : usb.obj (.text:USBControllerVersion)
                  00004b2e    0000000a                   : usb.obj (.text:USBDMAChannelAddressSet)
                  00004b38    0000000a                   : usb.obj (.text:USBDMAChannelCountSet)
                  00004b42    0000000a                   : usb.obj (.text:USBDevConnect)
                  00004b4c    0000000a                   : usb.obj (.text:USBDevDisconnect)
                  00004b56    0000000a                   : usb.obj (.text:USBIntStatusEndpoint)
                  00004b60    00000008                   : uart.obj (.text:UARTIntEnable)
                  00004b68    00000008                   : usb.obj (.text:USBDevMode)
                  00004b70    00000008                   : usb.obj (.text:USBFIFOAddrGet)
                  00004b78    00000008                   : usb.obj (.text:USBOTGMode)
                  00004b80    00000008     rtsv7M4_T_le_v4SPD16_eabi.lib : errno.c.obj (.text:__aeabi_errno_addr)
                  00004b88    00000008     usblib.lib : usbdma.obj (.text:iDMAUSBChannelIntDisable)
                  00004b90    00000008                : usbdma.obj (.text:iDMAUSBChannelIntEnable)
                  00004b98    00000006     startup_ccs.obj (.text:ResetISR)
                  00004b9e    00000006     driverlib.lib : uart.obj (.text:UARTFIFOLevelSet)
                  00004ba4    00000006     usblib.lib : usbbuffer.obj (.text:USBBufferDataAvailable)
                  00004baa    00000006                : usbbuffer.obj (.text:USBBufferFlush)
                  00004bb0    00000006                : usbbuffer.obj (.text:USBBufferSpaceAvailable)
                  00004bb6    00000006     driverlib.lib : usb.obj (.text:USBDMAChannelIntStatus)
                  00004bbc    00000006                   : usb.obj (.text:USBDevLPMConfig)
                  00004bc2    00000006                   : usb.obj (.text:USBLPMIntStatus)
                  00004bc8    00000006     usblib.lib : usbdma.obj (.text:iDMAUSBIntStatus)
                  00004bce    00000004                : usbdma.obj (.text:DMAUSBStatus)
                  00004bd2    00000004     usb_dev_serial.obj (.text:TxHandler)
                  00004bd6    00000004     driverlib.lib : uart.obj (.text:UARTIntClear)
                  00004bda    00000004                   : usb.obj (.text:USBDevAddrSet)
                  00004bde    00000004     rtsv7M4_T_le_v4SPD16_eabi.lib : pre_init.c.obj (.text:_system_pre_init)
                  00004be2    00000004                                   : exit.c.obj (.text:abort:abort)

.const     0    00004be8    000004b0     
                  00004be8    00000101     rtsv7M4_T_le_v4SPD16_eabi.lib : ctype.c.obj (.const:.string:_ctypes_)
                  00004ce9    00000001     usb_dev_serial.obj (.const:.string:$P$T0$1)
                  00004cea    00000002     --HOLE-- [fill = 0]
                  00004cec    00000090     driverlib.lib : gpio.obj (.const:g_pui32GPIOBaseAddrs)
                  00004d7c    00000070                   : interrupt.obj (.const)
                  00004dec    0000006c                   : sysctl.obj (.const:g_pui32Xtals)
                  00004e58    00000058     rtsv7M4_T_le_v4SPD16_eabi.lib : strtof.c.obj (.const:$O1$$)
                  00004eb0    00000036     usb_serial_structs.obj (.const:.string:g_pui8ConfigString)
                  00004ee6    00000002     --HOLE-- [fill = 0]
                  00004ee8    00000034     usblib.lib : usbdenum.obj (.const:g_psUSBDStdRequests)
                  00004f1c    00000030                : usbdcdc.obj (.const:g_sCDCHandlers)
                  00004f4c    0000002c     usb_serial_structs.obj (.const:.string:g_pui8ControlInterfaceString)
                  00004f78    00000024     usb_serial_structs.obj (.const:.string:g_pui8ManufacturerString)
                  00004f9c    00000023     usblib.lib : usbdcdc.obj (.const:.string:g_pui8CDCSerCommInterface)
                  00004fbf    00000022     usb_serial_structs.obj (.const:.string:g_pui8ProdectString)
                  00004fe1    00000003     --HOLE-- [fill = 0]
                  00004fe4    00000018     usb_serial_structs.obj (.const:g_pui8StringDescriptors)
                  00004ffc    00000017     usblib.lib : usbdcdc.obj (.const:.string:g_pui8CDCSerDataInterface)
                  00005013    00000017                : usbdcdc.obj (.const:.string:g_pui8CDCSerDataInterfaceHS)
                  0000502a    00000012     usb_serial_structs.obj (.const:.string:g_pui8SerialNumberString)
                  0000503c    00000008     usblib.lib : usbdcdc.obj (.const:g_sCDCCompSerConfigHeader)
                  00005044    00000008                : usbdcdc.obj (.const:g_sCDCCompSerConfigHeaderHS)
                  0000504c    00000008                : usbdcdc.obj (.const:g_sCDCSerCommInterfaceSection)
                  00005054    00000008                : usbdcdc.obj (.const:g_sCDCSerConfigHeader)
                  0000505c    00000008                : usbdcdc.obj (.const:g_sCDCSerConfigHeaderHS)
                  00005064    00000008                : usbdcdc.obj (.const:g_sCDCSerConfigSection)
                  0000506c    00000008                : usbdcdc.obj (.const:g_sCDCSerDataInterfaceSection)
                  00005074    00000008                : usbdcdc.obj (.const:g_sCDCSerDataInterfaceSectionHS)
                  0000507c    00000008                : usbdcdc.obj (.const:g_sIADSerConfigSection)
                  00005084    00000004     usb_serial_structs.obj (.const:.string:g_pui8LangDescriptor)
                  00005088    00000004     usblib.lib : usbdcdc.obj (.const:g_pCDCCompSerConfigDescriptors)
                  0000508c    00000004                : usbdcdc.obj (.const:g_pCDCCompSerConfigDescriptorsHS)
                  00005090    00000004                : usbdcdc.obj (.const:g_ppCDCSerConfigDescriptors)
                  00005094    00000004                : usbdcdc.obj (.const:g_ppCDCSerConfigDescriptorsHS)

.cinit     0    00005098    000000d0     
                  00005098    000000a5     (.cinit..data.load) [load image, compression = lzss]
                  0000513d    00000003     --HOLE-- [fill = 0]
                  00005140    0000000c     (__TI_handler_table)
                  0000514c    00000004     --HOLE-- [fill = 0]
                  00005150    00000008     (.cinit..bss.load) [load image, compression = zero_init]
                  00005158    00000010     (__TI_cinit_table)

.init_array 
*          0    00000000    00000000     UNINITIALIZED

.bss       0    20000000    00000504     UNINITIALIZED
                  20000000    00000110     usblib.lib : usbdma.obj (.bss:g_psUSBDMAInst)
                  20000110    00000100     (.common:g_pi8USBRxBuffer)
                  20000210    00000100     (.common:g_pi8USBTxBuffer)
                  20000310    0000008c     usb_dev_serial.obj (.bss:hgps_buff_data)
                  2000039c    00000004     usblib.lib : usbdenum.obj (.bss)
                  200003a0    00000088     (.common:hgps)
                  20000428    00000050     (.common:g_psDCDInst)
                  20000478    00000040                : usbdenum.obj (.bss:g_pui8DataBufferIn)
                  200004b8    00000018     (.common:g_pfnTickHandlers)
                  200004d0    00000018     (.common:g_pvTickInstance)
                  200004e8    00000010     usb_dev_serial.obj (.bss:hgps_buff)
                  200004f8    00000004     usblib.lib : usbmode.obj (.bss)
                  200004fc    00000004     (.common:g_pcStatus)
                  20000500    00000004     (.common:g_ppsDevInfo)

.data      0    20000908    00000168     UNINITIALIZED
                  20000908    00000060     usb_serial_structs.obj (.data:g_sCDCDevice)
                  20000968    00000038     usb_serial_structs.obj (.data:g_sRxBuffer)
                  200009a0    00000038     usb_serial_structs.obj (.data:g_sTxBuffer)
                  200009d8    00000015     usb_dev_serial.obj (.data)
                  200009ed    00000012     usblib.lib : usbdcdc.obj (.data:g_pui8CDCSerDeviceDescriptor)
                  200009ff    00000001     --HOLE--
                  20000a00    00000010                : usbdcdc.obj (.data:g_psCDCCompSerSections)
                  20000a10    00000010                : usbdcdc.obj (.data:g_psCDCCompSerSectionsHS)
                  20000a20    0000000c                : usbdcdc.obj (.data:g_psCDCSerSections)
                  20000a2c    0000000c                : usbdcdc.obj (.data:g_psCDCSerSectionsHS)
                  20000a38    0000000c                : usbtick.obj (.data)
                  20000a44    00000009                : usbdcdc.obj (.data:g_pui8CDCSerDescriptor)
                  20000a4d    00000001     --HOLE--
                  20000a4e    00000002                : usbdcdc.obj (.data)
                  20000a50    00000009                : usbmode.obj (.data)
                  20000a59    00000008                : usbdcdc.obj (.data:g_pui8IADSerDescriptor)
                  20000a61    00000003     --HOLE--
                  20000a64    00000008                : usbdenum.obj (.data)
                  20000a6c    00000004     rtsv7M4_T_le_v4SPD16_eabi.lib : errno.c.obj (.data)

.stack     0    20000508    00000400     UNINITIALIZED
                  20000508    00000004     rtsv7M4_T_le_v4SPD16_eabi.lib : boot_cortex_m.c.obj (.stack)
                  2000050c    000003fc     --HOLE--

__llvm_prf_cnts 
*          0    20000000    00000000     UNINITIALIZED

MODULE SUMMARY

       Module                       code    ro data   rw data
       ------                       ----    -------   -------
    .\
       usb_dev_serial.obj           1802    1         317    
       gps.obj                      1197    0         0      
       usb_serial_structs.obj       0       214       720    
       startup_ccs.obj              12      620       0      
       gps_buff.obj                 300     0         0      
    +--+----------------------------+-------+---------+---------+
       Total:                       3311    835       1037   
                                                             
    C:/ti/TivaWare_C_Series-2.1.4.178/driverlib/ccs/Debug/driverlib.lib
       usb.obj                      1354    0         0      
       sysctl.obj                   480     108       0      
       gpio.obj                     438     144       0      
       interrupt.obj                340     112       0      
       udma.obj                     328     0         0      
       uart.obj                     174     0         0      
       cpu.obj                      24      0         0      
    +--+----------------------------+-------+---------+---------+
       Total:                       3138    364       0      
                                                             
    C:/ti/TivaWare_C_Series-2.1.4.178/usblib/ccs/Debug/usblib.lib
       usbdenum.obj                 2908    52        160    
       usbdcdc.obj                  2134    217       93     
       usbdma.obj                   2018    0         272    
       usbbuffer.obj                660     0         0      
       usbdconfig.obj               576     0         0      
       usbdcdesc.obj                360     0         0      
       usbringbuf.obj               348     0         0      
       usbtick.obj                  160     0         60     
       usbdesc.obj                  86      0         0      
       usbulpi.obj                  82      0         0      
       usbmode.obj                  36      0         13     
       usbdhandler.obj              24      0         0      
    +--+----------------------------+-------+---------+---------+
       Total:                       9392    269       598    
                                                             
    C:\ti\ccs1110\ccs\tools\compiler\ti-cgt-arm_20.2.5.LTS\lib\rtsv7M4_T_le_v4SPD16_eabi.lib
       strtof.c.obj                 968     88        0      
       fd_add_t2.asm.obj            438     0         0      
       fd_div_t2.asm.obj            310     0         0      
       ctype.c.obj                  0       257       0      
       fd_mul_t2.asm.obj            252     0         0      
       s_scalbnf.c.obj              208     0         0      
       memcpy_t2.asm.obj            156     0         0      
       memset_t2.asm.obj            122     0         0      
       copy_decompress_lzss.c.obj   104     0         0      
       fd_toi_t2.asm.obj            72      0         0      
       autoinit.c.obj               68      0         0      
       fs_tod_t2.asm.obj            56      0         0      
       boot_cortex_m.c.obj          52      0         0      
       i_tofd_t2.asm.obj            46      0         0      
       strncmp.c.obj                44      0         0      
       s_copysignf.c.obj            24      0         0      
       copy_decompress_none.c.obj   14      0         0      
       copy_zero_init.c.obj         12      0         0      
       errno.c.obj                  8       0         4      
       exit.c.obj                   4       0         0      
       pre_init.c.obj               4       0         0      
    +--+----------------------------+-------+---------+---------+
       Total:                       2962    345       4      
                                                             
       Stack:                       0       0         1024   
       Linker Generated:            0       201       0      
    +--+----------------------------+-------+---------+---------+
       Grand Total:                 18803   2014      2663   


LINKER GENERATED COPY TABLES

__TI_cinit_table @ 00005158 records: 2, size/record: 8, table size: 16
	.data: load addr=00005098, load size=000000a5 bytes, run addr=20000908, run size=00000168 bytes, compression=lzss
	.bss: load addr=00005150, load size=00000008 bytes, run addr=20000000, run size=00000504 bytes, compression=zero_init


LINKER GENERATED HANDLER TABLE

__TI_handler_table @ 00005140 records: 3, size/record: 4, table size: 12
	index: 0, handler: __TI_decompress_lzss
	index: 1, handler: __TI_decompress_none
	index: 2, handler: __TI_zero_init


GLOBAL SYMBOLS: SORTED ALPHABETICALLY BY Name 

address   name                            
-------   ----                            
00004be3  C$$EXIT                         
00004abf  CPUcpsid                        
00004acb  CPUcpsie                        
000019d1  ControlHandler                  
00004265  GPIODirModeSet                  
000013d7  GPIOPadConfigSet                
0000385d  GPIOPinConfigure                
00004951  GPIOPinTypeUART                 
00002e69  IntDisable                      
00002ed1  IntEnable                       
00002fa1  IntIsEnabled                    
000049e1  IntMasterDisable                
000049f1  IntMasterEnable                 
00003be1  InternalUSBRegisterTickHandler  
00003c19  InternalUSBStartOfFrameTick     
00004015  InternalUSBTickInit             
00002b59  ProcessDataFromHost             
00002dfd  ProcessDataToHost               
00003f81  ProcessNotificationToHost       
00004b99  ResetISR                        
00003a99  RxHandler                       
00001509  SysCtlClockGet                  
00003eb1  SysCtlPeripheralEnable          
00003cc1  SysCtlPeripheralReady           
000034c5  SysCtlPeripheralReset           
000048b1  SysCtlUSBPLLEnable              
00004a01  SysTickIntHandler               
00004bd3  TxHandler                       
00002881  UART2IntHandler                 
00004b07  UARTCharGet                     
00004a4f  UARTCharsAvail                  
00003a0d  UARTConfigSetExpClk             
000045c9  UARTDisable                     
000048c5  UARTEnable                      
00004b9f  UARTFIFOLevelSet                
00004bd7  UARTIntClear                    
00004b61  UARTIntEnable                   
00004b11  UARTIntStatus                   
000021ad  UART_Init                       
00003421  ULPIConfigSet                   
00004759  USB0DeviceIntHandler            
00004ba5  USBBufferDataAvailable          
00003005  USBBufferEventCallback          
00004bab  USBBufferFlush                  
00004771  USBBufferInit                   
00004337  USBBufferRead                   
00004bb1  USBBufferSpaceAvailable         
000040a5  USBBufferWrite                  
00004b1b  USBClockEnable                  
00004b25  USBControllerVersion            
00001aad  USBDCDCCompositeInit            
00003515  USBDCDCInit                     
0000253d  USBDCDCPacketRead               
00003195  USBDCDCPacketWrite              
000040d3  USBDCDCRxPacketAvailable        
000042b9  USBDCDCSerialStateChange        
000048d9  USBDCDCTxPacketAvailable        
00003565  USBDCDConfigDescGet             
0000418b  USBDCDConfigDescGetNum          
0000470b  USBDCDConfigDescGetSize         
00004663  USBDCDConfigGetInterface        
00003cf9  USBDCDConfigGetInterfaceEndpoint
000038a5  USBDCDDeviceInfoInit            
00004789  USBDCDFeatureGet                
00000d69  USBDCDInit                      
000048ed  USBDCDRequestDataEP0            
00004901  USBDCDSendDataEP0               
00004681  USBDCDStallEP0                  
00004b2f  USBDMAChannelAddressSet         
00004915  USBDMAChannelConfigSet          
00004b39  USBDMAChannelCountSet           
00004987  USBDMAChannelDisable            
00004999  USBDMAChannelEnable             
000049ab  USBDMAChannelIntDisable         
000049bd  USBDMAChannelIntEnable          
00004bb7  USBDMAChannelIntStatus          
00004a5d  USBDMAChannelStatus             
000041b7  USBDescGet                      
000042e3  USBDescGetNum                   
00004bdb  USBDevAddrSet                   
00004b43  USBDevConnect                   
00004b4d  USBDevDisconnect                
00002979  USBDevEndpointConfigSet         
0000430d  USBDevEndpointDataAck           
00003fb3  USBDevEndpointStall             
00003813  USBDevEndpointStallClear        
00003255  USBDevEndpointStatusClear       
00004bbd  USBDevLPMConfig                 
00004a6b  USBDevLPMDisable                
00004a79  USBDevLPMEnable                 
00004b69  USBDevMode                      
00001159  USBDeviceConfig                 
000026e9  USBDeviceConfigAlternate        
00001b89  USBDeviceEnumHandler            
000038ed  USBDeviceEnumResetHandler       
00001009  USBDeviceIntHandlerInternal     
000035b5  USBDeviceResumeTickHandler      
00004725  USBEndpointDMAChannel           
0000369d  USBEndpointDMAConfigSet         
0000446f  USBEndpointDMADisable           
00004493  USBEndpointDMAEnable            
0000469d  USBEndpointDataAvail            
00003a53  USBEndpointDataGet              
00003e11  USBEndpointDataPut              
00003ee5  USBEndpointDataSend             
00004ad7  USBEndpointPacketCountSet       
00004a11  USBEndpointStatus               
00004b71  USBFIFOAddrGet                  
00003ba7  USBFIFOConfigSet                
00004929  USBHostResume                   
00004389  USBIntEnableControl             
00004845  USBIntEnableEndpoint            
00003d31  USBIntStatusControl             
00004b57  USBIntStatusEndpoint            
00004ae3  USBLPMIntEnable                 
00004bc3  USBLPMIntStatus                 
00000c05  USBLibDMAInit                   
00004b79  USBOTGMode                      
000045e9  USBRingBufAdvanceRead           
00003d69  USBRingBufAdvanceWrite          
00004609  USBRingBufContigFree            
00004a21  USBRingBufContigUsed            
0000485b  USBRingBufFlush                 
000049cf  USBRingBufFree                  
00004aef  USBRingBufInit                  
000046b9  USBRingBufRead                  
00004871  USBRingBufReadOne               
00004887  USBRingBufUsed                  
000046d5  USBRingBufWrite                 
00004a31  USBRingBufWriteOne              
000044b9  USBStackModeSet                 
00003069  USBUARTIntHandler               
00004a87  USBULPIDisable                  
00004a95  USBULPIEnable                   
00004627  USBULPIRegRead                  
00004645  USBULPIRegWrite                 
20000908  __STACK_END                     
00000400  __STACK_SIZE                    
20000708  __STACK_TOP                     
00005158  __TI_CINIT_Base                 
00005168  __TI_CINIT_Limit                
00005140  __TI_Handler_Table_Base         
0000514c  __TI_Handler_Table_Limit        
00003b21  __TI_auto_init_nobinit_nopinit  
00002f39  __TI_decompress_lzss            
00004aa3  __TI_decompress_none            
ffffffff  __TI_pprof_out_hndl             
ffffffff  __TI_prof_data_size             
ffffffff  __TI_prof_data_start            
00000000  __TI_static_base__              
00004afb  __TI_zero_init                  
00003935  __aeabi_d2iz                    
00000a57  __aeabi_dadd                    
000012a1  __aeabi_ddiv                    
00001619  __aeabi_dmul                    
00000a4d  __aeabi_dsub                    
00004b81  __aeabi_errno_addr              
00003dd9  __aeabi_f2d                     
0000415d  __aeabi_i2d                     
000029f3  __aeabi_memclr                  
000029f3  __aeabi_memclr4                 
000029f3  __aeabi_memclr8                 
0000224d  __aeabi_memcpy                  
0000224d  __aeabi_memcpy4                 
0000224d  __aeabi_memcpy8                 
000029f5  __aeabi_memset                  
000029f5  __aeabi_memset4                 
000029f5  __aeabi_memset8                 
ffffffff  __binit__                       
ffffffff  __c_args__                      
UNDEFED   __mpu_init                      
20000508  __stack                         
20000000  __start___llvm_prf_cnts         
20000000  __stop___llvm_prf_cnts          
00003f19  _c_int00_noargs                 
00004be8  _ctypes_                        
UNDEFED   _system_post_cinit              
00004bdf  _system_pre_init                
00004be3  abort                           
ffffffff  binit                           
000043b1  buff_get_free                   
00004523  buff_get_full                   
00004401  buff_init                       
000032b3  buff_read                       
00003311  buff_write                      
000047d1  copysignf                       
20000a6c  errno                           
20000a38  g_bUSBTimerInitialized          
20000a50  g_iUSBMode                      
00005088  g_pCDCCompSerConfigDescriptors  
0000508c  g_pCDCCompSerConfigDescriptorsHS
200004fc  g_pcStatus                      
200004b8  g_pfnTickHandlers               
00000000  g_pfnVectors                    
20000110  g_pi8USBRxBuffer                
20000210  g_pi8USBTxBuffer                
00005090  g_ppCDCSerConfigDescriptors     
00005094  g_ppCDCSerConfigDescriptorsHS   
20000500  g_ppsDevInfo                    
20000a00  g_psCDCCompSerSections          
20000a10  g_psCDCCompSerSectionsHS        
20000a20  g_psCDCSerSections              
20000a2c  g_psCDCSerSectionsHS            
20000428  g_psDCDInst                     
00004f9c  g_pui8CDCSerCommInterface       
00004ffc  g_pui8CDCSerDataInterface       
00005013  g_pui8CDCSerDataInterfaceHS     
20000a44  g_pui8CDCSerDescriptor          
200009ed  g_pui8CDCSerDeviceDescriptor    
00004eb0  g_pui8ConfigString              
00004f4c  g_pui8ControlInterfaceString    
20000a59  g_pui8IADSerDescriptor          
00005084  g_pui8LangDescriptor            
00004f78  g_pui8ManufacturerString        
00004fbf  g_pui8ProdectString             
0000502a  g_pui8SerialNumberString        
00004fe4  g_pui8StringDescriptors         
200004d0  g_pvTickInstance                
0000503c  g_sCDCCompSerConfigHeader       
00005044  g_sCDCCompSerConfigHeaderHS     
20000908  g_sCDCDevice                    
00004f1c  g_sCDCHandlers                  
0000504c  g_sCDCSerCommInterfaceSection   
00005054  g_sCDCSerConfigHeader           
0000505c  g_sCDCSerConfigHeaderHS         
00005064  g_sCDCSerConfigSection          
0000506c  g_sCDCSerDataInterfaceSection   
00005074  g_sCDCSerDataInterfaceSectionHS 
0000507c  g_sIADSerConfigSection          
20000968  g_sRxBuffer                     
200009a0  g_sTxBuffer                     
20000a3c  g_ui32CurrentUSBTick            
200009e8  g_ui32Flags                     
200009e4  g_ui32SysTickCount              
200009dc  g_ui32UARTRxCount               
200009d8  g_ui32UARTTxCount               
20000a40  g_ui32USBSOFCount               
20000a54  g_ui32WaitTicks                 
00004ab1  gps_init                        
000018ed  gps_process                     
200003a0  hgps                            
00001d35  ldexpf                          
00000635  main                            
0000224d  memcpy                          
000029fb  memset                          
00001d35  scalbnf                         
000041e3  strncmp                         
0000026d  strtof                          
0000397d  uDMAChannelAttributeDisable     
000044dd  uDMAChannelControlSet           
000047e9  uDMAChannelDisable              
00004801  uDMAChannelEnable               
000043d9  uDMAChannelModeGet              
000027fd  uDMAChannelTransferSet          


GLOBAL SYMBOLS: SORTED BY Symbol Address 

address   name                            
-------   ----                            
00000000  __TI_static_base__              
00000000  g_pfnVectors                    
0000026d  strtof                          
00000400  __STACK_SIZE                    
00000635  main                            
00000a4d  __aeabi_dsub                    
00000a57  __aeabi_dadd                    
00000c05  USBLibDMAInit                   
00000d69  USBDCDInit                      
00001009  USBDeviceIntHandlerInternal     
00001159  USBDeviceConfig                 
000012a1  __aeabi_ddiv                    
000013d7  GPIOPadConfigSet                
00001509  SysCtlClockGet                  
00001619  __aeabi_dmul                    
000018ed  gps_process                     
000019d1  ControlHandler                  
00001aad  USBDCDCCompositeInit            
00001b89  USBDeviceEnumHandler            
00001d35  ldexpf                          
00001d35  scalbnf                         
000021ad  UART_Init                       
0000224d  __aeabi_memcpy                  
0000224d  __aeabi_memcpy4                 
0000224d  __aeabi_memcpy8                 
0000224d  memcpy                          
0000253d  USBDCDCPacketRead               
000026e9  USBDeviceConfigAlternate        
000027fd  uDMAChannelTransferSet          
00002881  UART2IntHandler                 
00002979  USBDevEndpointConfigSet         
000029f3  __aeabi_memclr                  
000029f3  __aeabi_memclr4                 
000029f3  __aeabi_memclr8                 
000029f5  __aeabi_memset                  
000029f5  __aeabi_memset4                 
000029f5  __aeabi_memset8                 
000029fb  memset                          
00002b59  ProcessDataFromHost             
00002dfd  ProcessDataToHost               
00002e69  IntDisable                      
00002ed1  IntEnable                       
00002f39  __TI_decompress_lzss            
00002fa1  IntIsEnabled                    
00003005  USBBufferEventCallback          
00003069  USBUARTIntHandler               
00003195  USBDCDCPacketWrite              
00003255  USBDevEndpointStatusClear       
000032b3  buff_read                       
00003311  buff_write                      
00003421  ULPIConfigSet                   
000034c5  SysCtlPeripheralReset           
00003515  USBDCDCInit                     
00003565  USBDCDConfigDescGet             
000035b5  USBDeviceResumeTickHandler      
0000369d  USBEndpointDMAConfigSet         
00003813  USBDevEndpointStallClear        
0000385d  GPIOPinConfigure                
000038a5  USBDCDDeviceInfoInit            
000038ed  USBDeviceEnumResetHandler       
00003935  __aeabi_d2iz                    
0000397d  uDMAChannelAttributeDisable     
00003a0d  UARTConfigSetExpClk             
00003a53  USBEndpointDataGet              
00003a99  RxHandler                       
00003b21  __TI_auto_init_nobinit_nopinit  
00003ba7  USBFIFOConfigSet                
00003be1  InternalUSBRegisterTickHandler  
00003c19  InternalUSBStartOfFrameTick     
00003cc1  SysCtlPeripheralReady           
00003cf9  USBDCDConfigGetInterfaceEndpoint
00003d31  USBIntStatusControl             
00003d69  USBRingBufAdvanceWrite          
00003dd9  __aeabi_f2d                     
00003e11  USBEndpointDataPut              
00003eb1  SysCtlPeripheralEnable          
00003ee5  USBEndpointDataSend             
00003f19  _c_int00_noargs                 
00003f81  ProcessNotificationToHost       
00003fb3  USBDevEndpointStall             
00004015  InternalUSBTickInit             
000040a5  USBBufferWrite                  
000040d3  USBDCDCRxPacketAvailable        
0000415d  __aeabi_i2d                     
0000418b  USBDCDConfigDescGetNum          
000041b7  USBDescGet                      
000041e3  strncmp                         
00004265  GPIODirModeSet                  
000042b9  USBDCDCSerialStateChange        
000042e3  USBDescGetNum                   
0000430d  USBDevEndpointDataAck           
00004337  USBBufferRead                   
00004389  USBIntEnableControl             
000043b1  buff_get_free                   
000043d9  uDMAChannelModeGet              
00004401  buff_init                       
0000446f  USBEndpointDMADisable           
00004493  USBEndpointDMAEnable            
000044b9  USBStackModeSet                 
000044dd  uDMAChannelControlSet           
00004523  buff_get_full                   
000045c9  UARTDisable                     
000045e9  USBRingBufAdvanceRead           
00004609  USBRingBufContigFree            
00004627  USBULPIRegRead                  
00004645  USBULPIRegWrite                 
00004663  USBDCDConfigGetInterface        
00004681  USBDCDStallEP0                  
0000469d  USBEndpointDataAvail            
000046b9  USBRingBufRead                  
000046d5  USBRingBufWrite                 
0000470b  USBDCDConfigDescGetSize         
00004725  USBEndpointDMAChannel           
00004759  USB0DeviceIntHandler            
00004771  USBBufferInit                   
00004789  USBDCDFeatureGet                
000047d1  copysignf                       
000047e9  uDMAChannelDisable              
00004801  uDMAChannelEnable               
00004845  USBIntEnableEndpoint            
0000485b  USBRingBufFlush                 
00004871  USBRingBufReadOne               
00004887  USBRingBufUsed                  
000048b1  SysCtlUSBPLLEnable              
000048c5  UARTEnable                      
000048d9  USBDCDCTxPacketAvailable        
000048ed  USBDCDRequestDataEP0            
00004901  USBDCDSendDataEP0               
00004915  USBDMAChannelConfigSet          
00004929  USBHostResume                   
00004951  GPIOPinTypeUART                 
00004987  USBDMAChannelDisable            
00004999  USBDMAChannelEnable             
000049ab  USBDMAChannelIntDisable         
000049bd  USBDMAChannelIntEnable          
000049cf  USBRingBufFree                  
000049e1  IntMasterDisable                
000049f1  IntMasterEnable                 
00004a01  SysTickIntHandler               
00004a11  USBEndpointStatus               
00004a21  USBRingBufContigUsed            
00004a31  USBRingBufWriteOne              
00004a4f  UARTCharsAvail                  
00004a5d  USBDMAChannelStatus             
00004a6b  USBDevLPMDisable                
00004a79  USBDevLPMEnable                 
00004a87  USBULPIDisable                  
00004a95  USBULPIEnable                   
00004aa3  __TI_decompress_none            
00004ab1  gps_init                        
00004abf  CPUcpsid                        
00004acb  CPUcpsie                        
00004ad7  USBEndpointPacketCountSet       
00004ae3  USBLPMIntEnable                 
00004aef  USBRingBufInit                  
00004afb  __TI_zero_init                  
00004b07  UARTCharGet                     
00004b11  UARTIntStatus                   
00004b1b  USBClockEnable                  
00004b25  USBControllerVersion            
00004b2f  USBDMAChannelAddressSet         
00004b39  USBDMAChannelCountSet           
00004b43  USBDevConnect                   
00004b4d  USBDevDisconnect                
00004b57  USBIntStatusEndpoint            
00004b61  UARTIntEnable                   
00004b69  USBDevMode                      
00004b71  USBFIFOAddrGet                  
00004b79  USBOTGMode                      
00004b81  __aeabi_errno_addr              
00004b99  ResetISR                        
00004b9f  UARTFIFOLevelSet                
00004ba5  USBBufferDataAvailable          
00004bab  USBBufferFlush                  
00004bb1  USBBufferSpaceAvailable         
00004bb7  USBDMAChannelIntStatus          
00004bbd  USBDevLPMConfig                 
00004bc3  USBLPMIntStatus                 
00004bd3  TxHandler                       
00004bd7  UARTIntClear                    
00004bdb  USBDevAddrSet                   
00004bdf  _system_pre_init                
00004be3  C$$EXIT                         
00004be3  abort                           
00004be8  _ctypes_                        
00004eb0  g_pui8ConfigString              
00004f1c  g_sCDCHandlers                  
00004f4c  g_pui8ControlInterfaceString    
00004f78  g_pui8ManufacturerString        
00004f9c  g_pui8CDCSerCommInterface       
00004fbf  g_pui8ProdectString             
00004fe4  g_pui8StringDescriptors         
00004ffc  g_pui8CDCSerDataInterface       
00005013  g_pui8CDCSerDataInterfaceHS     
0000502a  g_pui8SerialNumberString        
0000503c  g_sCDCCompSerConfigHeader       
00005044  g_sCDCCompSerConfigHeaderHS     
0000504c  g_sCDCSerCommInterfaceSection   
00005054  g_sCDCSerConfigHeader           
0000505c  g_sCDCSerConfigHeaderHS         
00005064  g_sCDCSerConfigSection          
0000506c  g_sCDCSerDataInterfaceSection   
00005074  g_sCDCSerDataInterfaceSectionHS 
0000507c  g_sIADSerConfigSection          
00005084  g_pui8LangDescriptor            
00005088  g_pCDCCompSerConfigDescriptors  
0000508c  g_pCDCCompSerConfigDescriptorsHS
00005090  g_ppCDCSerConfigDescriptors     
00005094  g_ppCDCSerConfigDescriptorsHS   
00005140  __TI_Handler_Table_Base         
0000514c  __TI_Handler_Table_Limit        
00005158  __TI_CINIT_Base                 
00005168  __TI_CINIT_Limit                
20000000  __start___llvm_prf_cnts         
20000000  __stop___llvm_prf_cnts          
20000110  g_pi8USBRxBuffer                
20000210  g_pi8USBTxBuffer                
200003a0  hgps                            
20000428  g_psDCDInst                     
200004b8  g_pfnTickHandlers               
200004d0  g_pvTickInstance                
200004fc  g_pcStatus                      
20000500  g_ppsDevInfo                    
20000508  __stack                         
20000708  __STACK_TOP                     
20000908  __STACK_END                     
20000908  g_sCDCDevice                    
20000968  g_sRxBuffer                     
200009a0  g_sTxBuffer                     
200009d8  g_ui32UARTTxCount               
200009dc  g_ui32UARTRxCount               
200009e4  g_ui32SysTickCount              
200009e8  g_ui32Flags                     
200009ed  g_pui8CDCSerDeviceDescriptor    
20000a00  g_psCDCCompSerSections          
20000a10  g_psCDCCompSerSectionsHS        
20000a20  g_psCDCSerSections              
20000a2c  g_psCDCSerSectionsHS            
20000a38  g_bUSBTimerInitialized          
20000a3c  g_ui32CurrentUSBTick            
20000a40  g_ui32USBSOFCount               
20000a44  g_pui8CDCSerDescriptor          
20000a50  g_iUSBMode                      
20000a54  g_ui32WaitTicks                 
20000a59  g_pui8IADSerDescriptor          
20000a6c  errno                           
ffffffff  __TI_pprof_out_hndl             
ffffffff  __TI_prof_data_size             
ffffffff  __TI_prof_data_start            
ffffffff  __binit__                       
ffffffff  __c_args__                      
ffffffff  binit                           
UNDEFED   __mpu_init                      
UNDEFED   _system_post_cinit              

[254 symbols]
