<?xml version="1.0" encoding="ISO-8859-1" ?>
<link_info>
   <banner>TI ARM Linker PC v20.2.5.LTS</banner>
   <copyright>Copyright (c) 1996-2018 Texas Instruments Incorporated</copyright>
   <link_time>0x62744ba9</link_time>
   <link_errors>0x0</link_errors>
   <output_file>usb_dev_serial.out</output_file>
   <entry_point>
      <name>_c_int00_noargs</name>
      <address>0x28ad</address>
   </entry_point>
   <input_file_list>
      <input_file id="fl-2">
         <path>.\</path>
         <kind>object</kind>
         <file>startup_ccs.obj</file>
         <name>startup_ccs.obj</name>
      </input_file>
      <input_file id="fl-3">
         <path>.\</path>
         <kind>object</kind>
         <file>usb_dev_serial.obj</file>
         <name>usb_dev_serial.obj</name>
      </input_file>
      <input_file id="fl-4">
         <path>.\</path>
         <kind>object</kind>
         <file>usb_serial_structs.obj</file>
         <name>usb_serial_structs.obj</name>
      </input_file>
      <input_file id="fl-5">
         <path>.\utils\</path>
         <kind>object</kind>
         <file>uartstdio.obj</file>
         <name>uartstdio.obj</name>
      </input_file>
      <input_file id="fl-6">
         <path>.\utils\</path>
         <kind>object</kind>
         <file>ustdlib.obj</file>
         <name>ustdlib.obj</name>
      </input_file>
      <input_file id="fl-e">
         <kind>object</kind>
         <file>&lt;internal&gt;</file>
         <name>&lt;internal&gt;</name>
      </input_file>
      <input_file id="fl-c4">
         <path>C:\ti\ccs1110\ccs\tools\compiler\ti-cgt-arm_20.2.5.LTS\lib\</path>
         <kind>archive</kind>
         <file>rtsv7M4_T_le_v4SPD16_eabi.lib</file>
         <name>u_divt2.asm.obj</name>
      </input_file>
      <input_file id="fl-c5">
         <path>C:\ti\ccs1110\ccs\tools\compiler\ti-cgt-arm_20.2.5.LTS\lib\</path>
         <kind>archive</kind>
         <file>rtsv7M4_T_le_v4SPD16_eabi.lib</file>
         <name>copy_zero_init.c.obj</name>
      </input_file>
      <input_file id="fl-c6">
         <path>C:\ti\ccs1110\ccs\tools\compiler\ti-cgt-arm_20.2.5.LTS\lib\</path>
         <kind>archive</kind>
         <file>rtsv7M4_T_le_v4SPD16_eabi.lib</file>
         <name>copy_decompress_none.c.obj</name>
      </input_file>
      <input_file id="fl-c7">
         <path>C:\ti\ccs1110\ccs\tools\compiler\ti-cgt-arm_20.2.5.LTS\lib\</path>
         <kind>archive</kind>
         <file>rtsv7M4_T_le_v4SPD16_eabi.lib</file>
         <name>copy_decompress_lzss.c.obj</name>
      </input_file>
      <input_file id="fl-c8">
         <path>C:\ti\ccs1110\ccs\tools\compiler\ti-cgt-arm_20.2.5.LTS\lib\</path>
         <kind>archive</kind>
         <file>rtsv7M4_T_le_v4SPD16_eabi.lib</file>
         <name>boot_cortex_m.c.obj</name>
      </input_file>
      <input_file id="fl-c9">
         <path>C:\ti\ccs1110\ccs\tools\compiler\ti-cgt-arm_20.2.5.LTS\lib\</path>
         <kind>archive</kind>
         <file>rtsv7M4_T_le_v4SPD16_eabi.lib</file>
         <name>div0.asm.obj</name>
      </input_file>
      <input_file id="fl-ca">
         <path>C:\ti\ccs1110\ccs\tools\compiler\ti-cgt-arm_20.2.5.LTS\lib\</path>
         <kind>archive</kind>
         <file>rtsv7M4_T_le_v4SPD16_eabi.lib</file>
         <name>memcpy_t2.asm.obj</name>
      </input_file>
      <input_file id="fl-cb">
         <path>C:\ti\ccs1110\ccs\tools\compiler\ti-cgt-arm_20.2.5.LTS\lib\</path>
         <kind>archive</kind>
         <file>rtsv7M4_T_le_v4SPD16_eabi.lib</file>
         <name>memset_t2.asm.obj</name>
      </input_file>
      <input_file id="fl-cc">
         <path>C:\ti\ccs1110\ccs\tools\compiler\ti-cgt-arm_20.2.5.LTS\lib\</path>
         <kind>archive</kind>
         <file>rtsv7M4_T_le_v4SPD16_eabi.lib</file>
         <name>autoinit.c.obj</name>
      </input_file>
      <input_file id="fl-cd">
         <path>C:\ti\ccs1110\ccs\tools\compiler\ti-cgt-arm_20.2.5.LTS\lib\</path>
         <kind>archive</kind>
         <file>rtsv7M4_T_le_v4SPD16_eabi.lib</file>
         <name>pre_init.c.obj</name>
      </input_file>
      <input_file id="fl-ce">
         <path>C:\ti\ccs1110\ccs\tools\compiler\ti-cgt-arm_20.2.5.LTS\lib\</path>
         <kind>archive</kind>
         <file>rtsv7M4_T_le_v4SPD16_eabi.lib</file>
         <name>cpy_tbl.c.obj</name>
      </input_file>
      <input_file id="fl-cf">
         <path>C:\ti\ccs1110\ccs\tools\compiler\ti-cgt-arm_20.2.5.LTS\lib\</path>
         <kind>archive</kind>
         <file>rtsv7M4_T_le_v4SPD16_eabi.lib</file>
         <name>exit.c.obj</name>
      </input_file>
      <input_file id="fl-d0">
         <path>C:\ti\ccs1110\ccs\tools\compiler\ti-cgt-arm_20.2.5.LTS\lib\</path>
         <kind>archive</kind>
         <file>rtsv7M4_T_le_v4SPD16_eabi.lib</file>
         <name>_lock.c.obj</name>
      </input_file>
      <input_file id="fl-d1">
         <path>C:\ti\ccs1110\ccs\tools\compiler\ti-cgt-arm_20.2.5.LTS\lib\</path>
         <kind>archive</kind>
         <file>rtsv7M4_T_le_v4SPD16_eabi.lib</file>
         <name>args_main.c.obj</name>
      </input_file>
      <input_file id="fl-d2">
         <path>C:\ti\TivaWare_C_Series-2.1.4.178\driverlib\gcc\</path>
         <kind>archive</kind>
         <file>libdriver.a</file>
         <name>gpio.o</name>
      </input_file>
      <input_file id="fl-d3">
         <path>C:\ti\TivaWare_C_Series-2.1.4.178\driverlib\gcc\</path>
         <kind>archive</kind>
         <file>libdriver.a</file>
         <name>interrupt.o</name>
      </input_file>
      <input_file id="fl-d4">
         <path>C:\ti\TivaWare_C_Series-2.1.4.178\driverlib\gcc\</path>
         <kind>archive</kind>
         <file>libdriver.a</file>
         <name>sysctl.o</name>
      </input_file>
      <input_file id="fl-d5">
         <path>C:\ti\TivaWare_C_Series-2.1.4.178\driverlib\gcc\</path>
         <kind>archive</kind>
         <file>libdriver.a</file>
         <name>timer.o</name>
      </input_file>
      <input_file id="fl-d6">
         <path>C:\ti\TivaWare_C_Series-2.1.4.178\driverlib\gcc\</path>
         <kind>archive</kind>
         <file>libdriver.a</file>
         <name>cpu.o</name>
      </input_file>
      <input_file id="fl-d7">
         <path>C:\ti\TivaWare_C_Series-2.1.4.178\usblib\ccs\Debug\</path>
         <kind>archive</kind>
         <file>usblib.lib</file>
         <name>usbbuffer.obj</name>
      </input_file>
      <input_file id="fl-d8">
         <path>C:\ti\TivaWare_C_Series-2.1.4.178\usblib\ccs\Debug\</path>
         <kind>archive</kind>
         <file>usblib.lib</file>
         <name>usbmode.obj</name>
      </input_file>
      <input_file id="fl-d9">
         <path>C:\ti\TivaWare_C_Series-2.1.4.178\usblib\ccs\Debug\</path>
         <kind>archive</kind>
         <file>usblib.lib</file>
         <name>usbringbuf.obj</name>
      </input_file>
      <input_file id="fl-da">
         <path>C:\ti\TivaWare_C_Series-2.1.4.178\usblib\ccs\Debug\</path>
         <kind>archive</kind>
         <file>usblib.lib</file>
         <name>usbtick.obj</name>
      </input_file>
      <input_file id="fl-db">
         <path>C:\ti\TivaWare_C_Series-2.1.4.178\usblib\ccs\Debug\</path>
         <kind>archive</kind>
         <file>usblib.lib</file>
         <name>usbdcdc.obj</name>
      </input_file>
      <input_file id="fl-dc">
         <path>C:\ti\TivaWare_C_Series-2.1.4.178\usblib\ccs\Debug\</path>
         <kind>archive</kind>
         <file>usblib.lib</file>
         <name>usbdenum.obj</name>
      </input_file>
      <input_file id="fl-dd">
         <path>C:\ti\TivaWare_C_Series-2.1.4.178\usblib\ccs\Debug\</path>
         <kind>archive</kind>
         <file>usblib.lib</file>
         <name>usbdhandler.obj</name>
      </input_file>
      <input_file id="fl-de">
         <path>C:\ti\TivaWare_C_Series-2.1.4.178\usblib\ccs\Debug\</path>
         <kind>archive</kind>
         <file>usblib.lib</file>
         <name>usbhostenum.obj</name>
      </input_file>
      <input_file id="fl-df">
         <path>C:\ti\TivaWare_C_Series-2.1.4.178\usblib\ccs\Debug\</path>
         <kind>archive</kind>
         <file>usblib.lib</file>
         <name>usbdesc.obj</name>
      </input_file>
      <input_file id="fl-e0">
         <path>C:\ti\TivaWare_C_Series-2.1.4.178\usblib\ccs\Debug\</path>
         <kind>archive</kind>
         <file>usblib.lib</file>
         <name>usbdma.obj</name>
      </input_file>
      <input_file id="fl-e1">
         <path>C:\ti\TivaWare_C_Series-2.1.4.178\usblib\ccs\Debug\</path>
         <kind>archive</kind>
         <file>usblib.lib</file>
         <name>usbulpi.obj</name>
      </input_file>
      <input_file id="fl-e2">
         <path>C:\ti\TivaWare_C_Series-2.1.4.178\usblib\ccs\Debug\</path>
         <kind>archive</kind>
         <file>usblib.lib</file>
         <name>usbdcdesc.obj</name>
      </input_file>
      <input_file id="fl-e3">
         <path>C:\ti\TivaWare_C_Series-2.1.4.178\usblib\ccs\Debug\</path>
         <kind>archive</kind>
         <file>usblib.lib</file>
         <name>usbdconfig.obj</name>
      </input_file>
      <input_file id="fl-e4">
         <path>C:\ti\TivaWare_C_Series-2.1.4.178\usblib\ccs\Debug\</path>
         <kind>archive</kind>
         <file>usblib.lib</file>
         <name>usbhhub.obj</name>
      </input_file>
      <input_file id="fl-e5">
         <path>C:\ti\TivaWare_C_Series-2.1.4.178\driverlib\gcc\</path>
         <kind>archive</kind>
         <file>libdriver.a</file>
         <name>udma.o</name>
      </input_file>
      <input_file id="fl-e6">
         <path>C:\ti\TivaWare_C_Series-2.1.4.178\driverlib\gcc\</path>
         <kind>archive</kind>
         <file>libdriver.a</file>
         <name>usb.o</name>
      </input_file>
   </input_file_list>
   <object_component_list>
      <object_component id="oc-12">
         <name>.intvecs</name>
         <load_address>0x0</load_address>
         <run_address>0x0</run_address>
         <size>0x26c</size>
         <input_file_ref idref="fl-2"/>
      </object_component>
      <object_component id="oc-ff">
         <name>.text:main</name>
         <load_address>0x26c</load_address>
         <run_address>0x26c</run_address>
         <size>0x2c8</size>
         <input_file_ref idref="fl-3"/>
      </object_component>
      <object_component id="oc-3fe">
         <name>.text:USBLibDMAInit</name>
         <load_address>0x534</load_address>
         <run_address>0x534</run_address>
         <size>0x164</size>
         <input_file_ref idref="fl-e0"/>
      </object_component>
      <object_component id="oc-306">
         <name>.text:USBDCDInit</name>
         <load_address>0x698</load_address>
         <run_address>0x698</run_address>
         <size>0x150</size>
         <input_file_ref idref="fl-dc"/>
      </object_component>
      <object_component id="oc-2d6">
         <name>.text:USBDEP0StateTxConfig</name>
         <load_address>0x7e8</load_address>
         <run_address>0x7e8</run_address>
         <size>0x150</size>
         <input_file_ref idref="fl-dc"/>
      </object_component>
      <object_component id="oc-d0">
         <name>.text:USBDeviceIntHandlerInternal</name>
         <load_address>0x938</load_address>
         <run_address>0x938</run_address>
         <size>0x150</size>
         <input_file_ref idref="fl-dc"/>
      </object_component>
      <object_component id="oc-5be">
         <name>.text:USBDeviceConfig</name>
         <load_address>0xa88</load_address>
         <run_address>0xa88</run_address>
         <size>0x148</size>
         <input_file_ref idref="fl-e3"/>
      </object_component>
      <object_component id="oc-576">
         <name>.text:iDMAUSBTransfer</name>
         <load_address>0xbd0</load_address>
         <run_address>0xbd0</run_address>
         <size>0xf4</size>
         <input_file_ref idref="fl-e0"/>
      </object_component>
      <object_component id="oc-465">
         <name>.text:USBDGetDescriptor</name>
         <load_address>0xcc4</load_address>
         <run_address>0xcc4</run_address>
         <size>0xe4</size>
         <input_file_ref idref="fl-dc"/>
      </object_component>
      <object_component id="oc-15a">
         <name>.text:ControlHandler</name>
         <load_address>0xda8</load_address>
         <run_address>0xda8</run_address>
         <size>0xdc</size>
         <input_file_ref idref="fl-3"/>
      </object_component>
      <object_component id="oc-300">
         <name>.text:USBDCDCCompositeInit</name>
         <load_address>0xe84</load_address>
         <run_address>0xe84</run_address>
         <size>0xdc</size>
         <input_file_ref idref="fl-db"/>
      </object_component>
      <object_component id="oc-1a1">
         <name>.text:USBDeviceEnumHandler</name>
         <load_address>0xf60</load_address>
         <run_address>0xf60</run_address>
         <size>0xd8</size>
         <input_file_ref idref="fl-dc"/>
      </object_component>
      <object_component id="oc-49c">
         <name>.text:HandleRequests</name>
         <load_address>0x1038</load_address>
         <run_address>0x1038</run_address>
         <size>0xd4</size>
         <input_file_ref idref="fl-db"/>
      </object_component>
      <object_component id="oc-504">
         <name>.text:uDMAUSBChannelAllocate</name>
         <load_address>0x110c</load_address>
         <run_address>0x110c</run_address>
         <size>0xd0</size>
         <input_file_ref idref="fl-e0"/>
      </object_component>
      <object_component id="oc-2a7">
         <name>.text:HandleRxAvailable</name>
         <load_address>0x11dc</load_address>
         <run_address>0x11dc</run_address>
         <size>0xc0</size>
         <input_file_ref idref="fl-d7"/>
      </object_component>
      <object_component id="oc-546">
         <name>.text:uDMAUSBTransfer</name>
         <load_address>0x129c</load_address>
         <run_address>0x129c</run_address>
         <size>0xbc</size>
         <input_file_ref idref="fl-e0"/>
      </object_component>
      <object_component id="oc-4c6">
         <name>.text:HandleDevice</name>
         <load_address>0x1358</load_address>
         <run_address>0x1358</run_address>
         <size>0xb4</size>
         <input_file_ref idref="fl-db"/>
      </object_component>
      <object_component id="oc-65">
         <name>.text</name>
         <load_address>0x140c</load_address>
         <run_address>0x140c</run_address>
         <size>0x9c</size>
         <input_file_ref idref="fl-ca"/>
      </object_component>
      <object_component id="oc-483">
         <name>.text:USBDSetInterface</name>
         <load_address>0x14a8</load_address>
         <run_address>0x14a8</run_address>
         <size>0x98</size>
         <input_file_ref idref="fl-dc"/>
      </object_component>
      <object_component id="oc-3e7">
         <name>.text:CDCTickHandler</name>
         <load_address>0x1540</load_address>
         <run_address>0x1540</run_address>
         <size>0x96</size>
         <input_file_ref idref="fl-db"/>
      </object_component>
      <object_component id="oc-263">
         <name>.text:SendSerialState</name>
         <load_address>0x15d6</load_address>
         <run_address>0x15d6</run_address>
         <size>0x94</size>
         <input_file_ref idref="fl-db"/>
      </object_component>
      <object_component id="oc-241">
         <name>.text:ScheduleNextTransmission</name>
         <load_address>0x166a</load_address>
         <run_address>0x166a</run_address>
         <size>0x92</size>
         <input_file_ref idref="fl-d7"/>
      </object_component>
      <object_component id="oc-144">
         <name>.text:USBDCDCPacketRead</name>
         <load_address>0x16fc</load_address>
         <run_address>0x16fc</run_address>
         <size>0x90</size>
         <input_file_ref idref="fl-db"/>
      </object_component>
      <object_component id="oc-477">
         <name>.text:USBDSetConfiguration</name>
         <load_address>0x178c</load_address>
         <run_address>0x178c</run_address>
         <size>0x90</size>
         <input_file_ref idref="fl-dc"/>
      </object_component>
      <object_component id="oc-281">
         <name>.text:GetLineCoding</name>
         <load_address>0x181c</load_address>
         <run_address>0x181c</run_address>
         <size>0x8c</size>
         <input_file_ref idref="fl-3"/>
      </object_component>
      <object_component id="oc-5d2">
         <name>.text:USBDeviceConfigAlternate</name>
         <load_address>0x18a8</load_address>
         <run_address>0x18a8</run_address>
         <size>0x8c</size>
         <input_file_ref idref="fl-e3"/>
      </object_component>
      <object_component id="oc-558">
         <name>.text:iDMAUSBChannelAllocate</name>
         <load_address>0x1934</load_address>
         <run_address>0x1934</run_address>
         <size>0x88</size>
         <input_file_ref idref="fl-e0"/>
      </object_component>
      <object_component id="oc-453">
         <name>.text:USBDClearFeature</name>
         <load_address>0x19bc</load_address>
         <run_address>0x19bc</run_address>
         <size>0x7c</size>
         <input_file_ref idref="fl-dc"/>
      </object_component>
      <object_component id="oc-44d">
         <name>.text:USBDGetStatus</name>
         <load_address>0x1a38</load_address>
         <run_address>0x1a38</run_address>
         <size>0x78</size>
         <input_file_ref idref="fl-dc"/>
      </object_component>
      <object_component id="oc-287">
         <name>.text:SetLineCoding</name>
         <load_address>0x1ab0</load_address>
         <run_address>0x1ab0</run_address>
         <size>0x74</size>
         <input_file_ref idref="fl-3"/>
      </object_component>
      <object_component id="oc-606">
         <name>.text:ProcessDataFromHost</name>
         <load_address>0x1b24</load_address>
         <run_address>0x1b24</run_address>
         <size>0x72</size>
         <input_file_ref idref="fl-db"/>
      </object_component>
      <object_component id="oc-54c">
         <name>.text:uDMAUSBUnitSizeSet</name>
         <load_address>0x1b96</load_address>
         <run_address>0x1b96</run_address>
         <size>0x72</size>
         <input_file_ref idref="fl-e0"/>
      </object_component>
      <object_component id="oc-ab">
         <name>.text:ReadUARTData</name>
         <load_address>0x1c08</load_address>
         <run_address>0x1c08</run_address>
         <size>0x70</size>
         <input_file_ref idref="fl-3"/>
      </object_component>
      <object_component id="oc-2dc">
         <name>.text:USBDEP0StateTx</name>
         <load_address>0x1c78</load_address>
         <run_address>0x1c78</run_address>
         <size>0x70</size>
         <input_file_ref idref="fl-dc"/>
      </object_component>
      <object_component id="oc-459">
         <name>.text:USBDSetFeature</name>
         <load_address>0x1ce8</load_address>
         <run_address>0x1ce8</run_address>
         <size>0x70</size>
         <input_file_ref idref="fl-dc"/>
      </object_component>
      <object_component id="oc-4fe">
         <name>.text:uDMAUSBArbSizeSet</name>
         <load_address>0x1d58</load_address>
         <run_address>0x1d58</run_address>
         <size>0x70</size>
         <input_file_ref idref="fl-e0"/>
      </object_component>
      <object_component id="oc-60c">
         <name>.text:ProcessDataToHost</name>
         <load_address>0x1dc8</load_address>
         <run_address>0x1dc8</run_address>
         <size>0x6c</size>
         <input_file_ref idref="fl-db"/>
      </object_component>
      <object_component id="oc-15">
         <name>.text:decompress:lzss:__TI_decompress_lzss</name>
         <load_address>0x1e34</load_address>
         <run_address>0x1e34</run_address>
         <size>0x68</size>
         <input_file_ref idref="fl-c7"/>
      </object_component>
      <object_component id="oc-160">
         <name>.text:USBBufferEventCallback</name>
         <load_address>0x1e9c</load_address>
         <run_address>0x1e9c</run_address>
         <size>0x64</size>
         <input_file_ref idref="fl-d7"/>
      </object_component>
      <object_component id="oc-45">
         <name>.text:USBUARTIntHandler</name>
         <load_address>0x1f00</load_address>
         <run_address>0x1f00</run_address>
         <size>0x64</size>
         <input_file_ref idref="fl-3"/>
      </object_component>
      <object_component id="oc-510">
         <name>.text:uDMAUSBChannelEnable</name>
         <load_address>0x1f64</load_address>
         <run_address>0x1f64</run_address>
         <size>0x64</size>
         <input_file_ref idref="fl-e0"/>
      </object_component>
      <object_component id="oc-24e">
         <name>.text:USBDCDCPacketWrite</name>
         <load_address>0x1fc8</load_address>
         <run_address>0x1fc8</run_address>
         <size>0x60</size>
         <input_file_ref idref="fl-db"/>
      </object_component>
      <object_component id="oc-2d0">
         <name>.text:USBDReadAndDispatchRequest</name>
         <load_address>0x2028</load_address>
         <run_address>0x2028</run_address>
         <size>0x60</size>
         <input_file_ref idref="fl-dc"/>
      </object_component>
      <object_component id="oc-9f">
         <name>.text:USBUARTPrimeTransmit</name>
         <load_address>0x2088</load_address>
         <run_address>0x2088</run_address>
         <size>0x54</size>
         <input_file_ref idref="fl-3"/>
      </object_component>
      <object_component id="oc-3f2">
         <name>.text:ULPIConfigSet</name>
         <load_address>0x20dc</load_address>
         <run_address>0x20dc</run_address>
         <size>0x52</size>
         <input_file_ref idref="fl-e1"/>
      </object_component>
      <object_component id="oc-522">
         <name>.text:uDMAUSBChannelRelease</name>
         <load_address>0x212e</load_address>
         <run_address>0x212e</run_address>
         <size>0x52</size>
         <input_file_ref idref="fl-e0"/>
      </object_component>
      <object_component id="oc-1d3">
         <name>.text:USBDCDCInit</name>
         <load_address>0x2180</load_address>
         <run_address>0x2180</run_address>
         <size>0x50</size>
         <input_file_ref idref="fl-db"/>
      </object_component>
      <object_component id="oc-669">
         <name>.text:USBDCDConfigDescGet</name>
         <load_address>0x21d0</load_address>
         <run_address>0x21d0</run_address>
         <size>0x50</size>
         <input_file_ref idref="fl-e2"/>
      </object_component>
      <object_component id="oc-192">
         <name>.text:USBDeviceResumeTickHandler</name>
         <load_address>0x2220</load_address>
         <run_address>0x2220</run_address>
         <size>0x50</size>
         <input_file_ref idref="fl-dc"/>
      </object_component>
      <object_component id="oc-675">
         <name>.text:GetEPDescriptorType</name>
         <load_address>0x2270</load_address>
         <run_address>0x2270</run_address>
         <size>0x4c</size>
         <input_file_ref idref="fl-e3"/>
      </object_component>
      <object_component id="oc-5b5">
         <name>.text:USBDStringIndexFromRequest</name>
         <load_address>0x22bc</load_address>
         <run_address>0x22bc</run_address>
         <size>0x4c</size>
         <input_file_ref idref="fl-dc"/>
      </object_component>
      <object_component id="oc-582">
         <name>.text:iDMAUSBChannelEnable</name>
         <load_address>0x2308</load_address>
         <run_address>0x2308</run_address>
         <size>0x4c</size>
         <input_file_ref idref="fl-e0"/>
      </object_component>
      <object_component id="oc-68c">
         <name>.text:ConfigAlternateInterfaceGet</name>
         <load_address>0x2354</load_address>
         <run_address>0x2354</run_address>
         <size>0x4a</size>
         <input_file_ref idref="fl-e2"/>
      </object_component>
      <object_component id="oc-4a8">
         <name>.text:HandleEP0Data</name>
         <load_address>0x239e</load_address>
         <run_address>0x239e</run_address>
         <size>0x4a</size>
         <input_file_ref idref="fl-db"/>
      </object_component>
      <object_component id="oc-4c0">
         <name>.text:HandleEndpoints</name>
         <load_address>0x23e8</load_address>
         <run_address>0x23e8</run_address>
         <size>0x4a</size>
         <input_file_ref idref="fl-db"/>
      </object_component>
      <object_component id="oc-33">
         <name>.text:FaultISR</name>
         <load_address>0x2432</load_address>
         <run_address>0x2432</run_address>
         <size>0x2</size>
         <input_file_ref idref="fl-2"/>
      </object_component>
      <object_component id="oc-13e">
         <name>.text:RxHandler</name>
         <load_address>0x2434</load_address>
         <run_address>0x2434</run_address>
         <size>0x48</size>
         <input_file_ref idref="fl-3"/>
      </object_component>
      <object_component id="oc-3c9">
         <name>.text:USBDCDDeviceInfoInit</name>
         <load_address>0x247c</load_address>
         <run_address>0x247c</run_address>
         <size>0x48</size>
         <input_file_ref idref="fl-dc"/>
      </object_component>
      <object_component id="oc-18c">
         <name>.text:USBDeviceEnumResetHandler</name>
         <load_address>0x24c4</load_address>
         <run_address>0x24c4</run_address>
         <size>0x48</size>
         <input_file_ref idref="fl-dc"/>
      </object_component>
      <object_component id="oc-50a">
         <name>.text:uDMAUSBChannelDisable</name>
         <load_address>0x250c</load_address>
         <run_address>0x250c</run_address>
         <size>0x48</size>
         <input_file_ref idref="fl-e0"/>
      </object_component>
      <object_component id="oc-47d">
         <name>.text:USBDGetInterface</name>
         <load_address>0x2554</load_address>
         <run_address>0x2554</run_address>
         <size>0x44</size>
         <input_file_ref idref="fl-dc"/>
      </object_component>
      <object_component id="oc-1f2">
         <name>.text:__TI_auto_init_nobinit_nopinit:__TI_auto_init_nobinit_nopinit</name>
         <load_address>0x2598</load_address>
         <run_address>0x2598</run_address>
         <size>0x44</size>
         <input_file_ref idref="fl-cc"/>
      </object_component>
      <object_component id="oc-3d5">
         <name>.text:InternalUSBRegisterTickHandler</name>
         <load_address>0x25dc</load_address>
         <run_address>0x25dc</run_address>
         <size>0x38</size>
         <input_file_ref idref="fl-da"/>
      </object_component>
      <object_component id="oc-198">
         <name>.text:InternalUSBStartOfFrameTick</name>
         <load_address>0x2614</load_address>
         <run_address>0x2614</run_address>
         <size>0x38</size>
         <input_file_ref idref="fl-da"/>
      </object_component>
      <object_component id="oc-28d">
         <name>.text:SendBreak</name>
         <load_address>0x264c</load_address>
         <run_address>0x264c</run_address>
         <size>0x38</size>
         <input_file_ref idref="fl-3"/>
      </object_component>
      <object_component id="oc-4dd">
         <name>.text:SendBreak</name>
         <load_address>0x2684</load_address>
         <run_address>0x2684</run_address>
         <size>0x38</size>
         <input_file_ref idref="fl-db"/>
      </object_component>
      <object_component id="oc-66f">
         <name>.text:USBDCDConfigGetInterfaceEndpoint</name>
         <load_address>0x26bc</load_address>
         <run_address>0x26bc</run_address>
         <size>0x38</size>
         <input_file_ref idref="fl-e2"/>
      </object_component>
      <object_component id="oc-388">
         <name>.text:USBRingBufAdvanceWrite</name>
         <load_address>0x26f4</load_address>
         <run_address>0x26f4</run_address>
         <size>0x38</size>
         <input_file_ref idref="fl-d9"/>
      </object_component>
      <object_component id="oc-26b">
         <name>.text:USBTxFnThing</name>
         <load_address>0x272c</load_address>
         <run_address>0x272c</run_address>
         <size>0x38</size>
         <input_file_ref idref="fl-3"/>
      </object_component>
      <object_component id="oc-317">
         <name>.text:brake</name>
         <load_address>0x2764</load_address>
         <run_address>0x2764</run_address>
         <size>0x38</size>
         <input_file_ref idref="fl-3"/>
      </object_component>
      <object_component id="oc-57c">
         <name>.text:iDMAUSBChannelRelease</name>
         <load_address>0x279c</load_address>
         <run_address>0x279c</run_address>
         <size>0x38</size>
         <input_file_ref idref="fl-e0"/>
      </object_component>
      <object_component id="oc-c5">
         <name>.text:neutral</name>
         <load_address>0x27d4</load_address>
         <run_address>0x27d4</run_address>
         <size>0x38</size>
         <input_file_ref idref="fl-3"/>
      </object_component>
      <object_component id="oc-31e">
         <name>.text:release</name>
         <load_address>0x280c</load_address>
         <run_address>0x280c</run_address>
         <size>0x38</size>
         <input_file_ref idref="fl-3"/>
      </object_component>
      <object_component id="oc-4a2">
         <name>.text:HandleConfigChange</name>
         <load_address>0x2844</load_address>
         <run_address>0x2844</run_address>
         <size>0x34</size>
         <input_file_ref idref="fl-db"/>
      </object_component>
      <object_component id="oc-6bc">
         <name>.text:NextConfigDescGet</name>
         <load_address>0x2878</load_address>
         <run_address>0x2878</run_address>
         <size>0x34</size>
         <input_file_ref idref="fl-e2"/>
      </object_component>
      <object_component id="oc-83">
         <name>.text:_c_int00_noargs:_c_int00_noargs</name>
         <load_address>0x28ac</load_address>
         <run_address>0x28ac</run_address>
         <size>0x34</size>
         <input_file_ref idref="fl-c8"/>
      </object_component>
      <object_component id="oc-55e">
         <name>.text:iDMAUSBChannelStatus</name>
         <load_address>0x28e0</load_address>
         <run_address>0x28e0</run_address>
         <size>0x34</size>
         <input_file_ref idref="fl-e0"/>
      </object_component>
      <object_component id="oc-600">
         <name>.text:ProcessNotificationToHost</name>
         <load_address>0x2914</load_address>
         <run_address>0x2914</run_address>
         <size>0x32</size>
         <input_file_ref idref="fl-db"/>
      </object_component>
      <object_component id="oc-52e">
         <name>.text:DMAUSBIntHandler</name>
         <load_address>0x2946</load_address>
         <run_address>0x2946</run_address>
         <size>0x30</size>
         <input_file_ref idref="fl-e0"/>
      </object_component>
      <object_component id="oc-39">
         <name>.text:IntDefaultHandler</name>
         <load_address>0x2976</load_address>
         <run_address>0x2976</run_address>
         <size>0x2</size>
         <input_file_ref idref="fl-2"/>
      </object_component>
      <object_component id="oc-3cf">
         <name>.text:InternalUSBTickInit</name>
         <load_address>0x2978</load_address>
         <run_address>0x2978</run_address>
         <size>0x30</size>
         <input_file_ref idref="fl-da"/>
      </object_component>
      <object_component id="oc-471">
         <name>.text:USBDGetConfiguration</name>
         <load_address>0x29a8</load_address>
         <run_address>0x29a8</run_address>
         <size>0x30</size>
         <input_file_ref idref="fl-dc"/>
      </object_component>
      <object_component id="oc-588">
         <name>.text:iDMAUSBChannelDisable</name>
         <load_address>0x29d8</load_address>
         <run_address>0x29d8</run_address>
         <size>0x30</size>
         <input_file_ref idref="fl-e0"/>
      </object_component>
      <object_component id="oc-12d">
         <name>.text:USBBufferWrite</name>
         <load_address>0x2a08</load_address>
         <run_address>0x2a08</run_address>
         <size>0x2e</size>
         <input_file_ref idref="fl-d7"/>
      </object_component>
      <object_component id="oc-14a">
         <name>.text:USBDCDCRxPacketAvailable</name>
         <load_address>0x2a36</load_address>
         <run_address>0x2a36</run_address>
         <size>0x2e</size>
         <input_file_ref idref="fl-db"/>
      </object_component>
      <object_component id="oc-438">
         <name>.text:UpdateIndexAtomic</name>
         <load_address>0x2a64</load_address>
         <run_address>0x2a64</run_address>
         <size>0x2e</size>
         <input_file_ref idref="fl-d9"/>
      </object_component>
      <object_component id="oc-5c6">
         <name>.text:USBDCDConfigDescGetNum</name>
         <load_address>0x2a92</load_address>
         <run_address>0x2a92</run_address>
         <size>0x2c</size>
         <input_file_ref idref="fl-e2"/>
      </object_component>
      <object_component id="oc-6b5">
         <name>.text:USBDescGet</name>
         <load_address>0x2abe</load_address>
         <run_address>0x2abe</run_address>
         <size>0x2c</size>
         <input_file_ref idref="fl-df"/>
      </object_component>
      <object_component id="oc-534">
         <name>.text:uDMAUSBIntStatus</name>
         <load_address>0x2aea</load_address>
         <run_address>0x2aea</run_address>
         <size>0x2c</size>
         <input_file_ref idref="fl-e0"/>
      </object_component>
      <object_component id="oc-b1">
         <name>.text:CheckForSerialStateChange</name>
         <load_address>0x2b16</load_address>
         <run_address>0x2b16</run_address>
         <size>0x2a</size>
         <input_file_ref idref="fl-3"/>
      </object_component>
      <object_component id="oc-2a1">
         <name>.text:HandleRequestBuffer</name>
         <load_address>0x2b40</load_address>
         <run_address>0x2b40</run_address>
         <size>0x2a</size>
         <input_file_ref idref="fl-d7"/>
      </object_component>
      <object_component id="oc-137">
         <name>.text:USBDCDCSerialStateChange</name>
         <load_address>0x2b6a</load_address>
         <run_address>0x2b6a</run_address>
         <size>0x2a</size>
         <input_file_ref idref="fl-db"/>
      </object_component>
      <object_component id="oc-685">
         <name>.text:USBDescGetNum</name>
         <load_address>0x2b94</load_address>
         <run_address>0x2b94</run_address>
         <size>0x2a</size>
         <input_file_ref idref="fl-df"/>
      </object_component>
      <object_component id="oc-2d">
         <name>.text:NmiSR</name>
         <load_address>0x2bbe</load_address>
         <run_address>0x2bbe</run_address>
         <size>0x2</size>
         <input_file_ref idref="fl-2"/>
      </object_component>
      <object_component id="oc-4b">
         <name>.text:Timer0IntHandler</name>
         <load_address>0x2bc0</load_address>
         <run_address>0x2bc0</run_address>
         <size>0x28</size>
         <input_file_ref idref="fl-3"/>
      </object_component>
      <object_component id="oc-118">
         <name>.text:USBBufferRead</name>
         <load_address>0x2be8</load_address>
         <run_address>0x2be8</run_address>
         <size>0x28</size>
         <input_file_ref idref="fl-d7"/>
      </object_component>
      <object_component id="oc-45f">
         <name>.text:USBDSetAddress</name>
         <load_address>0x2c10</load_address>
         <run_address>0x2c10</run_address>
         <size>0x28</size>
         <input_file_ref idref="fl-dc"/>
      </object_component>
      <object_component id="oc-4ba">
         <name>.text:HandleDisconnect</name>
         <load_address>0x2c38</load_address>
         <run_address>0x2c38</run_address>
         <size>0x24</size>
         <input_file_ref idref="fl-db"/>
      </object_component>
      <object_component id="oc-4e9">
         <name>.text:SendLineStateChange</name>
         <load_address>0x2c5c</load_address>
         <run_address>0x2c5c</run_address>
         <size>0x24</size>
         <input_file_ref idref="fl-db"/>
      </object_component>
      <object_component id="oc-1cd">
         <name>.text:USBStackModeSet</name>
         <load_address>0x2c80</load_address>
         <run_address>0x2c80</run_address>
         <size>0x24</size>
         <input_file_ref idref="fl-d8"/>
      </object_component>
      <object_component id="oc-4ef">
         <name>.text:SendLineCodingChange</name>
         <load_address>0x2ca4</load_address>
         <run_address>0x2ca4</run_address>
         <size>0x22</size>
         <input_file_ref idref="fl-db"/>
      </object_component>
      <object_component id="oc-528">
         <name>.text:uDMAUSBChannelStatus</name>
         <load_address>0x2cc6</load_address>
         <run_address>0x2cc6</run_address>
         <size>0x22</size>
         <input_file_ref idref="fl-e0"/>
      </object_component>
      <object_component id="oc-5dc">
         <name>.text:CheckAndSendBreak</name>
         <load_address>0x2ce8</load_address>
         <run_address>0x2ce8</run_address>
         <size>0x20</size>
         <input_file_ref idref="fl-db"/>
      </object_component>
      <object_component id="oc-67c">
         <name>.text:GetEndpointFIFOSize</name>
         <load_address>0x2d08</load_address>
         <run_address>0x2d08</run_address>
         <size>0x20</size>
         <input_file_ref idref="fl-e3"/>
      </object_component>
      <object_component id="oc-295">
         <name>.text:HandleDataRemaining</name>
         <load_address>0x2d28</load_address>
         <run_address>0x2d28</run_address>
         <size>0x20</size>
         <input_file_ref idref="fl-d7"/>
      </object_component>
      <object_component id="oc-37a">
         <name>.text:USBRingBufAdvanceRead</name>
         <load_address>0x2d48</load_address>
         <run_address>0x2d48</run_address>
         <size>0x20</size>
         <input_file_ref idref="fl-d9"/>
      </object_component>
      <object_component id="oc-1d9">
         <name>.text:triggerBrake</name>
         <load_address>0x2d68</load_address>
         <run_address>0x2d68</run_address>
         <size>0x20</size>
         <input_file_ref idref="fl-3"/>
      </object_component>
      <object_component id="oc-1df">
         <name>.text:triggerRelease</name>
         <load_address>0x2d88</load_address>
         <run_address>0x2d88</run_address>
         <size>0x20</size>
         <input_file_ref idref="fl-3"/>
      </object_component>
      <object_component id="oc-381">
         <name>.text:USBRingBufContigFree</name>
         <load_address>0x2da8</load_address>
         <run_address>0x2da8</run_address>
         <size>0x1e</size>
         <input_file_ref idref="fl-d9"/>
      </object_component>
      <object_component id="oc-5cc">
         <name>.text:USBDCDConfigGetInterface</name>
         <load_address>0x2dc6</load_address>
         <run_address>0x2dc6</run_address>
         <size>0x1c</size>
         <input_file_ref idref="fl-e2"/>
      </object_component>
      <object_component id="oc-552">
         <name>.text:iDMAUSBArbSizeSet</name>
         <load_address>0x2de2</load_address>
         <run_address>0x2de2</run_address>
         <size>0x2</size>
         <input_file_ref idref="fl-e0"/>
      </object_component>
      <object_component id="oc-39d">
         <name>.text:USBDCDStallEP0</name>
         <load_address>0x2de4</load_address>
         <run_address>0x2de4</run_address>
         <size>0x1c</size>
         <input_file_ref idref="fl-dc"/>
      </object_component>
      <object_component id="oc-224">
         <name>.text:USBRingBufRead</name>
         <load_address>0x2e00</load_address>
         <run_address>0x2e00</run_address>
         <size>0x1c</size>
         <input_file_ref idref="fl-d9"/>
      </object_component>
      <object_component id="oc-23b">
         <name>.text:USBRingBufWrite</name>
         <load_address>0x2e1c</load_address>
         <run_address>0x2e1c</run_address>
         <size>0x1c</size>
         <input_file_ref idref="fl-d9"/>
      </object_component>
      <object_component id="oc-71">
         <name>.text:decompress:ZI:__TI_zero_init_nomemset:__TI_zero_init_nomemset</name>
         <load_address>0x2e38</load_address>
         <run_address>0x2e38</run_address>
         <size>0x1c</size>
         <input_file_ref idref="fl-c5"/>
      </object_component>
      <object_component id="oc-4e3">
         <name>.text:DeviceConsumedAllData</name>
         <load_address>0x2e54</load_address>
         <run_address>0x2e54</run_address>
         <size>0x1a</size>
         <input_file_ref idref="fl-db"/>
      </object_component>
      <object_component id="oc-3aa">
         <name>.text:USBDCDConfigDescGetSize</name>
         <load_address>0x2e6e</load_address>
         <run_address>0x2e6e</run_address>
         <size>0x1a</size>
         <input_file_ref idref="fl-e2"/>
      </object_component>
      <object_component id="oc-25d">
         <name>.text:SetDeferredOpFlag</name>
         <load_address>0x2e88</load_address>
         <run_address>0x2e88</run_address>
         <size>0x18</size>
         <input_file_ref idref="fl-db"/>
      </object_component>
      <object_component id="oc-51">
         <name>.text:USB0DeviceIntHandler</name>
         <load_address>0x2ea0</load_address>
         <run_address>0x2ea0</run_address>
         <size>0x18</size>
         <input_file_ref idref="fl-dd"/>
      </object_component>
      <object_component id="oc-1c7">
         <name>.text:USBBufferInit</name>
         <load_address>0x2eb8</load_address>
         <run_address>0x2eb8</run_address>
         <size>0x18</size>
         <input_file_ref idref="fl-d7"/>
      </object_component>
      <object_component id="oc-3c3">
         <name>.text:USBDCDFeatureGet</name>
         <load_address>0x2ed0</load_address>
         <run_address>0x2ed0</run_address>
         <size>0x18</size>
         <input_file_ref idref="fl-dc"/>
      </object_component>
      <object_component id="oc-46b">
         <name>.text:USBDSetDescriptor</name>
         <load_address>0x2ee8</load_address>
         <run_address>0x2ee8</run_address>
         <size>0x18</size>
         <input_file_ref idref="fl-dc"/>
      </object_component>
      <object_component id="oc-489">
         <name>.text:USBDSyncFrame</name>
         <load_address>0x2f00</load_address>
         <run_address>0x2f00</run_address>
         <size>0x18</size>
         <input_file_ref idref="fl-dc"/>
      </object_component>
      <object_component id="oc-5f6">
         <name>.text:CheckAndSendLineCodingChange</name>
         <load_address>0x2f18</load_address>
         <run_address>0x2f18</run_address>
         <size>0x16</size>
         <input_file_ref idref="fl-db"/>
      </object_component>
      <object_component id="oc-5e2">
         <name>.text:CheckAndSendLineStateChange</name>
         <load_address>0x2f2e</load_address>
         <run_address>0x2f2e</run_address>
         <size>0x16</size>
         <input_file_ref idref="fl-db"/>
      </object_component>
      <object_component id="oc-36f">
         <name>.text:USBRingBufFlush</name>
         <load_address>0x2f44</load_address>
         <run_address>0x2f44</run_address>
         <size>0x16</size>
         <input_file_ref idref="fl-d9"/>
      </object_component>
      <object_component id="oc-345">
         <name>.text:USBRingBufReadOne</name>
         <load_address>0x2f5a</load_address>
         <run_address>0x2f5a</run_address>
         <size>0x16</size>
         <input_file_ref idref="fl-d9"/>
      </object_component>
      <object_component id="oc-11f">
         <name>.text:USBRingBufUsed</name>
         <load_address>0x2f70</load_address>
         <run_address>0x2f70</run_address>
         <size>0x16</size>
         <input_file_ref idref="fl-d9"/>
      </object_component>
      <object_component id="oc-29b">
         <name>.text:HandleTxComplete</name>
         <load_address>0x2f86</load_address>
         <run_address>0x2f86</run_address>
         <size>0x14</size>
         <input_file_ref idref="fl-d7"/>
      </object_component>
      <object_component id="oc-58e">
         <name>.text:iDMAUSBUnitSizeSet</name>
         <load_address>0x2f9a</load_address>
         <run_address>0x2f9a</run_address>
         <size>0x2</size>
         <input_file_ref idref="fl-e0"/>
      </object_component>
      <object_component id="oc-254">
         <name>.text:USBDCDCTxPacketAvailable</name>
         <load_address>0x2f9c</load_address>
         <run_address>0x2f9c</run_address>
         <size>0x14</size>
         <input_file_ref idref="fl-db"/>
      </object_component>
      <object_component id="oc-5ee">
         <name>.text:USBDCDRequestDataEP0</name>
         <load_address>0x2fb0</load_address>
         <run_address>0x2fb0</run_address>
         <size>0x14</size>
         <input_file_ref idref="fl-dc"/>
      </object_component>
      <object_component id="oc-5e8">
         <name>.text:USBDCDSendDataEP0</name>
         <load_address>0x2fc4</load_address>
         <run_address>0x2fc4</run_address>
         <size>0x14</size>
         <input_file_ref idref="fl-dc"/>
      </object_component>
      <object_component id="oc-4b4">
         <name>.text:HandleResume</name>
         <load_address>0x2fd8</load_address>
         <run_address>0x2fd8</run_address>
         <size>0x12</size>
         <input_file_ref idref="fl-db"/>
      </object_component>
      <object_component id="oc-4ae">
         <name>.text:HandleSuspend</name>
         <load_address>0x2fea</load_address>
         <run_address>0x2fea</run_address>
         <size>0x12</size>
         <input_file_ref idref="fl-db"/>
      </object_component>
      <object_component id="oc-234">
         <name>.text:USBRingBufFree</name>
         <load_address>0x2ffc</load_address>
         <run_address>0x2ffc</run_address>
         <size>0x12</size>
         <input_file_ref idref="fl-d9"/>
      </object_component>
      <object_component id="oc-51c">
         <name>.text:uDMAUSBChannelIntDisable</name>
         <load_address>0x300e</load_address>
         <run_address>0x300e</run_address>
         <size>0x2</size>
         <input_file_ref idref="fl-e0"/>
      </object_component>
      <object_component id="oc-3f">
         <name>.text:SysTickIntHandler</name>
         <load_address>0x3010</load_address>
         <run_address>0x3010</run_address>
         <size>0x10</size>
         <input_file_ref idref="fl-3"/>
      </object_component>
      <object_component id="oc-35b">
         <name>.text:USBRingBufContigUsed</name>
         <load_address>0x3020</load_address>
         <run_address>0x3020</run_address>
         <size>0x10</size>
         <input_file_ref idref="fl-d9"/>
      </object_component>
      <object_component id="oc-354">
         <name>.text:USBRingBufWriteOne</name>
         <load_address>0x3030</load_address>
         <run_address>0x3030</run_address>
         <size>0x10</size>
         <input_file_ref idref="fl-d9"/>
      </object_component>
      <object_component id="oc-53a">
         <name>.text:DMAUSBIntStatusClear</name>
         <load_address>0x3040</load_address>
         <run_address>0x3040</run_address>
         <size>0xe</size>
         <input_file_ref idref="fl-e0"/>
      </object_component>
      <object_component id="oc-1b">
         <name>.text:decompress:none:__TI_decompress_none</name>
         <load_address>0x304e</load_address>
         <run_address>0x304e</run_address>
         <size>0xe</size>
         <input_file_ref idref="fl-c6"/>
      </object_component>
      <object_component id="oc-2f0">
         <name>.text:USBRingBufInit</name>
         <load_address>0x305c</load_address>
         <run_address>0x305c</run_address>
         <size>0xc</size>
         <input_file_ref idref="fl-d9"/>
      </object_component>
      <object_component id="oc-570">
         <name>.text:iDMAUSBChannelIntDisable</name>
         <load_address>0x3068</load_address>
         <run_address>0x3068</run_address>
         <size>0x8</size>
         <input_file_ref idref="fl-e0"/>
      </object_component>
      <object_component id="oc-56a">
         <name>.text:iDMAUSBChannelIntEnable</name>
         <load_address>0x3070</load_address>
         <run_address>0x3070</run_address>
         <size>0x8</size>
         <input_file_ref idref="fl-e0"/>
      </object_component>
      <object_component id="oc-27">
         <name>.text:ResetISR</name>
         <load_address>0x3078</load_address>
         <run_address>0x3078</run_address>
         <size>0x6</size>
         <input_file_ref idref="fl-2"/>
      </object_component>
      <object_component id="oc-a5">
         <name>.text:USBBufferDataAvailable</name>
         <load_address>0x307e</load_address>
         <run_address>0x307e</run_address>
         <size>0x6</size>
         <input_file_ref idref="fl-d7"/>
      </object_component>
      <object_component id="oc-27b">
         <name>.text:USBBufferFlush</name>
         <load_address>0x3084</load_address>
         <run_address>0x3084</run_address>
         <size>0x6</size>
         <input_file_ref idref="fl-d7"/>
      </object_component>
      <object_component id="oc-127">
         <name>.text:USBBufferSpaceAvailable</name>
         <load_address>0x308a</load_address>
         <run_address>0x308a</run_address>
         <size>0x6</size>
         <input_file_ref idref="fl-d7"/>
      </object_component>
      <object_component id="oc-564">
         <name>.text:iDMAUSBIntStatus</name>
         <load_address>0x3090</load_address>
         <run_address>0x3090</run_address>
         <size>0x6</size>
         <input_file_ref idref="fl-e0"/>
      </object_component>
      <object_component id="oc-540">
         <name>.text:DMAUSBStatus</name>
         <load_address>0x3096</load_address>
         <run_address>0x3096</run_address>
         <size>0x4</size>
         <input_file_ref idref="fl-e0"/>
      </object_component>
      <object_component id="oc-248">
         <name>.text:TxHandler</name>
         <load_address>0x309a</load_address>
         <run_address>0x309a</run_address>
         <size>0x4</size>
         <input_file_ref idref="fl-3"/>
      </object_component>
      <object_component id="oc-f9">
         <name>.text:_system_pre_init</name>
         <load_address>0x309e</load_address>
         <run_address>0x309e</run_address>
         <size>0x4</size>
         <input_file_ref idref="fl-cd"/>
      </object_component>
      <object_component id="oc-1e6">
         <name>.text:abort:abort</name>
         <load_address>0x30a2</load_address>
         <run_address>0x30a2</run_address>
         <size>0x4</size>
         <input_file_ref idref="fl-cf"/>
      </object_component>
      <object_component id="oc-516">
         <name>.text:uDMAUSBChannelIntEnable</name>
         <load_address>0x30a6</load_address>
         <run_address>0x30a6</run_address>
         <size>0x2</size>
         <input_file_ref idref="fl-e0"/>
      </object_component>
      <object_component id="oc-7e8">
         <name>.tramp.USBDMAChannelIntStatus.1</name>
         <load_address>0x30a8</load_address>
         <run_address>0x30a8</run_address>
         <size>0x8</size>
         <input_file_ref idref="fl-e6"/>
      </object_component>
      <object_component id="oc-7e7">
         <name>.tramp.USBDevEndpointStall.1</name>
         <load_address>0x30b0</load_address>
         <run_address>0x30b0</run_address>
         <size>0x8</size>
         <input_file_ref idref="fl-e6"/>
      </object_component>
      <object_component id="oc-7e6">
         <name>.tramp.TimerEnable.1</name>
         <load_address>0x30b8</load_address>
         <run_address>0x30b8</run_address>
         <size>0x8</size>
         <input_file_ref idref="fl-d5"/>
      </object_component>
      <object_component id="oc-7e5">
         <name>.tramp.TimerDisable.1</name>
         <load_address>0x30c0</load_address>
         <run_address>0x30c0</run_address>
         <size>0x8</size>
         <input_file_ref idref="fl-d5"/>
      </object_component>
      <object_component id="oc-7e4">
         <name>.tramp.TimerIntClear.1</name>
         <load_address>0x30c8</load_address>
         <run_address>0x30c8</run_address>
         <size>0x8</size>
         <input_file_ref idref="fl-d5"/>
      </object_component>
      <object_component id="oc-7e3">
         <name>.tramp.uDMAChannelModeGet.1</name>
         <load_address>0x30d0</load_address>
         <run_address>0x30d0</run_address>
         <size>0x8</size>
         <input_file_ref idref="fl-e5"/>
      </object_component>
      <object_component id="oc-7e2">
         <name>.tramp.IntMasterEnable.1</name>
         <load_address>0x30d8</load_address>
         <run_address>0x30d8</run_address>
         <size>0x8</size>
         <input_file_ref idref="fl-d3"/>
      </object_component>
      <object_component id="oc-7e1">
         <name>.tramp.IntMasterDisable.1</name>
         <load_address>0x30e0</load_address>
         <run_address>0x30e0</run_address>
         <size>0x8</size>
         <input_file_ref idref="fl-d3"/>
      </object_component>
      <object_component id="oc-7e0">
         <name>.tramp.USBDMAChannelIntDisable.1</name>
         <load_address>0x30e8</load_address>
         <run_address>0x30e8</run_address>
         <size>0x8</size>
         <input_file_ref idref="fl-e6"/>
      </object_component>
      <object_component id="oc-7df">
         <name>.tramp.USBDMAChannelStatus.1</name>
         <load_address>0x30f0</load_address>
         <run_address>0x30f0</run_address>
         <size>0x8</size>
         <input_file_ref idref="fl-e6"/>
      </object_component>
      <object_component id="oc-7de">
         <name>.tramp.uDMAChannelDisable.1</name>
         <load_address>0x30f8</load_address>
         <run_address>0x30f8</run_address>
         <size>0x8</size>
         <input_file_ref idref="fl-e5"/>
      </object_component>
      <object_component id="oc-7dd">
         <name>.tramp.USBDMAChannelIntEnable.1</name>
         <load_address>0x3100</load_address>
         <run_address>0x3100</run_address>
         <size>0x8</size>
         <input_file_ref idref="fl-e6"/>
      </object_component>
      <object_component id="oc-7dc">
         <name>.tramp.USBHostResume.1</name>
         <load_address>0x3108</load_address>
         <run_address>0x3108</run_address>
         <size>0x8</size>
         <input_file_ref idref="fl-e6"/>
      </object_component>
      <object_component id="oc-7db">
         <name>.tramp.USBULPIRegWrite.1</name>
         <load_address>0x3110</load_address>
         <run_address>0x3110</run_address>
         <size>0x8</size>
         <input_file_ref idref="fl-e6"/>
      </object_component>
      <object_component id="oc-7da">
         <name>.tramp.USBULPIRegRead.1</name>
         <load_address>0x3118</load_address>
         <run_address>0x3118</run_address>
         <size>0x8</size>
         <input_file_ref idref="fl-e6"/>
      </object_component>
      <object_component id="oc-7d9">
         <name>.tramp.uDMAChannelEnable.1</name>
         <load_address>0x3120</load_address>
         <run_address>0x3120</run_address>
         <size>0x8</size>
         <input_file_ref idref="fl-e5"/>
      </object_component>
      <object_component id="oc-7d8">
         <name>.tramp.IntDisable.1</name>
         <load_address>0x3128</load_address>
         <run_address>0x3128</run_address>
         <size>0x8</size>
         <input_file_ref idref="fl-d3"/>
      </object_component>
      <object_component id="oc-7d7">
         <name>.tramp.IntIsEnabled.1</name>
         <load_address>0x3130</load_address>
         <run_address>0x3130</run_address>
         <size>0x8</size>
         <input_file_ref idref="fl-d3"/>
      </object_component>
      <object_component id="oc-7d6">
         <name>.tramp.USBDevEndpointStallClear.1</name>
         <load_address>0x3138</load_address>
         <run_address>0x3138</run_address>
         <size>0x8</size>
         <input_file_ref idref="fl-e6"/>
      </object_component>
      <object_component id="oc-7d5">
         <name>.tramp.USBDMAChannelDisable.1</name>
         <load_address>0x3140</load_address>
         <run_address>0x3140</run_address>
         <size>0x8</size>
         <input_file_ref idref="fl-e6"/>
      </object_component>
      <object_component id="oc-7d4">
         <name>.tramp.USBEndpointDataAvail.1</name>
         <load_address>0x3148</load_address>
         <run_address>0x3148</run_address>
         <size>0x8</size>
         <input_file_ref idref="fl-e6"/>
      </object_component>
      <object_component id="oc-7d3">
         <name>.tramp.uDMAChannelTransferSet.1</name>
         <load_address>0x3150</load_address>
         <run_address>0x3150</run_address>
         <size>0x8</size>
         <input_file_ref idref="fl-e5"/>
      </object_component>
      <object_component id="oc-7d2">
         <name>.tramp.USBFIFOAddrGet.1</name>
         <load_address>0x3158</load_address>
         <run_address>0x3158</run_address>
         <size>0x8</size>
         <input_file_ref idref="fl-e6"/>
      </object_component>
      <object_component id="oc-7d1">
         <name>.tramp.uDMAChannelControlSet.1</name>
         <load_address>0x3160</load_address>
         <run_address>0x3160</run_address>
         <size>0x8</size>
         <input_file_ref idref="fl-e5"/>
      </object_component>
      <object_component id="oc-7d0">
         <name>.tramp.uDMAChannelAttributeDisable.1</name>
         <load_address>0x3168</load_address>
         <run_address>0x3168</run_address>
         <size>0x8</size>
         <input_file_ref idref="fl-e5"/>
      </object_component>
      <object_component id="oc-7cf">
         <name>.tramp.USBEndpointDMAChannel.1</name>
         <load_address>0x3170</load_address>
         <run_address>0x3170</run_address>
         <size>0x8</size>
         <input_file_ref idref="fl-e6"/>
      </object_component>
      <object_component id="oc-7ce">
         <name>.tramp.USBEndpointDataGet.1</name>
         <load_address>0x3178</load_address>
         <run_address>0x3178</run_address>
         <size>0x8</size>
         <input_file_ref idref="fl-e6"/>
      </object_component>
      <object_component id="oc-7cd">
         <name>.tramp.USBDevAddrSet.1</name>
         <load_address>0x3180</load_address>
         <run_address>0x3180</run_address>
         <size>0x8</size>
         <input_file_ref idref="fl-e6"/>
      </object_component>
      <object_component id="oc-7cc">
         <name>.tramp.USBDevEndpointStatusClear.1</name>
         <load_address>0x3188</load_address>
         <run_address>0x3188</run_address>
         <size>0x8</size>
         <input_file_ref idref="fl-e6"/>
      </object_component>
      <object_component id="oc-7cb">
         <name>.tramp.USBEndpointStatus.1</name>
         <load_address>0x3190</load_address>
         <run_address>0x3190</run_address>
         <size>0x8</size>
         <input_file_ref idref="fl-e6"/>
      </object_component>
      <object_component id="oc-7ca">
         <name>.tramp.USBDevEndpointDataAck.1</name>
         <load_address>0x3198</load_address>
         <run_address>0x3198</run_address>
         <size>0x8</size>
         <input_file_ref idref="fl-e6"/>
      </object_component>
      <object_component id="oc-7c9">
         <name>.tramp.USBDMAChannelEnable.1</name>
         <load_address>0x31a0</load_address>
         <run_address>0x31a0</run_address>
         <size>0x8</size>
         <input_file_ref idref="fl-e6"/>
      </object_component>
      <object_component id="oc-7c8">
         <name>.tramp.USBEndpointDMAEnable.1</name>
         <load_address>0x31a8</load_address>
         <run_address>0x31a8</run_address>
         <size>0x8</size>
         <input_file_ref idref="fl-e6"/>
      </object_component>
      <object_component id="oc-7c7">
         <name>.tramp.USBEndpointPacketCountSet.1</name>
         <load_address>0x31b0</load_address>
         <run_address>0x31b0</run_address>
         <size>0x8</size>
         <input_file_ref idref="fl-e6"/>
      </object_component>
      <object_component id="oc-7c6">
         <name>.tramp.USBEndpointDMADisable.1</name>
         <load_address>0x31b8</load_address>
         <run_address>0x31b8</run_address>
         <size>0x8</size>
         <input_file_ref idref="fl-e6"/>
      </object_component>
      <object_component id="oc-7c5">
         <name>.tramp.USBDMAChannelConfigSet.1</name>
         <load_address>0x31c0</load_address>
         <run_address>0x31c0</run_address>
         <size>0x8</size>
         <input_file_ref idref="fl-e6"/>
      </object_component>
      <object_component id="oc-7c4">
         <name>.tramp.USBEndpointDMAConfigSet.1</name>
         <load_address>0x31c8</load_address>
         <run_address>0x31c8</run_address>
         <size>0x8</size>
         <input_file_ref idref="fl-e6"/>
      </object_component>
      <object_component id="oc-7c3">
         <name>.tramp.USBDMAChannelCountSet.1</name>
         <load_address>0x31d0</load_address>
         <run_address>0x31d0</run_address>
         <size>0x8</size>
         <input_file_ref idref="fl-e6"/>
      </object_component>
      <object_component id="oc-7c2">
         <name>.tramp.USBDMAChannelAddressSet.1</name>
         <load_address>0x31d8</load_address>
         <run_address>0x31d8</run_address>
         <size>0x8</size>
         <input_file_ref idref="fl-e6"/>
      </object_component>
      <object_component id="oc-7c1">
         <name>.tramp.USBFIFOConfigSet.1</name>
         <load_address>0x31e0</load_address>
         <run_address>0x31e0</run_address>
         <size>0x8</size>
         <input_file_ref idref="fl-e6"/>
      </object_component>
      <object_component id="oc-7c0">
         <name>.tramp.USBDevEndpointConfigSet.1</name>
         <load_address>0x31e8</load_address>
         <run_address>0x31e8</run_address>
         <size>0x8</size>
         <input_file_ref idref="fl-e6"/>
      </object_component>
      <object_component id="oc-7bf">
         <name>.tramp.USBDevDisconnect.1</name>
         <load_address>0x31f0</load_address>
         <run_address>0x31f0</run_address>
         <size>0x8</size>
         <input_file_ref idref="fl-e6"/>
      </object_component>
      <object_component id="oc-7be">
         <name>.tramp.USBLPMIntStatus.1</name>
         <load_address>0x31f8</load_address>
         <run_address>0x31f8</run_address>
         <size>0x8</size>
         <input_file_ref idref="fl-e6"/>
      </object_component>
      <object_component id="oc-7bd">
         <name>.tramp.USBEndpointDataSend.1</name>
         <load_address>0x3200</load_address>
         <run_address>0x3200</run_address>
         <size>0x8</size>
         <input_file_ref idref="fl-e6"/>
      </object_component>
      <object_component id="oc-7bc">
         <name>.tramp.USBEndpointDataPut.1</name>
         <load_address>0x3208</load_address>
         <run_address>0x3208</run_address>
         <size>0x8</size>
         <input_file_ref idref="fl-e6"/>
      </object_component>
      <object_component id="oc-7bb">
         <name>.tramp.IntEnable.1</name>
         <load_address>0x3210</load_address>
         <run_address>0x3210</run_address>
         <size>0x8</size>
         <input_file_ref idref="fl-d3"/>
      </object_component>
      <object_component id="oc-7ba">
         <name>.tramp.USBDevConnect.1</name>
         <load_address>0x3218</load_address>
         <run_address>0x3218</run_address>
         <size>0x8</size>
         <input_file_ref idref="fl-e6"/>
      </object_component>
      <object_component id="oc-7b9">
         <name>.tramp.USBIntEnableEndpoint.1</name>
         <load_address>0x3220</load_address>
         <run_address>0x3220</run_address>
         <size>0x8</size>
         <input_file_ref idref="fl-e6"/>
      </object_component>
      <object_component id="oc-7b8">
         <name>.tramp.USBIntEnableControl.1</name>
         <load_address>0x3228</load_address>
         <run_address>0x3228</run_address>
         <size>0x8</size>
         <input_file_ref idref="fl-e6"/>
      </object_component>
      <object_component id="oc-7b7">
         <name>.tramp.USBIntStatusEndpoint.1</name>
         <load_address>0x3230</load_address>
         <run_address>0x3230</run_address>
         <size>0x8</size>
         <input_file_ref idref="fl-e6"/>
      </object_component>
      <object_component id="oc-7b6">
         <name>.tramp.USBIntStatusControl.1</name>
         <load_address>0x3238</load_address>
         <run_address>0x3238</run_address>
         <size>0x8</size>
         <input_file_ref idref="fl-e6"/>
      </object_component>
      <object_component id="oc-7b5">
         <name>.tramp.USBDevLPMEnable.1</name>
         <load_address>0x3240</load_address>
         <run_address>0x3240</run_address>
         <size>0x8</size>
         <input_file_ref idref="fl-e6"/>
      </object_component>
      <object_component id="oc-7b4">
         <name>.tramp.USBLPMIntEnable.1</name>
         <load_address>0x3248</load_address>
         <run_address>0x3248</run_address>
         <size>0x8</size>
         <input_file_ref idref="fl-e6"/>
      </object_component>
      <object_component id="oc-7b3">
         <name>.tramp.USBDevLPMConfig.1</name>
         <load_address>0x3250</load_address>
         <run_address>0x3250</run_address>
         <size>0x8</size>
         <input_file_ref idref="fl-e6"/>
      </object_component>
      <object_component id="oc-7b2">
         <name>.tramp.USBDevLPMDisable.1</name>
         <load_address>0x3258</load_address>
         <run_address>0x3258</run_address>
         <size>0x8</size>
         <input_file_ref idref="fl-e6"/>
      </object_component>
      <object_component id="oc-7b1">
         <name>.tramp.USBDevMode.1</name>
         <load_address>0x3260</load_address>
         <run_address>0x3260</run_address>
         <size>0x8</size>
         <input_file_ref idref="fl-e6"/>
      </object_component>
      <object_component id="oc-7b0">
         <name>.tramp.USBOTGMode.1</name>
         <load_address>0x3268</load_address>
         <run_address>0x3268</run_address>
         <size>0x8</size>
         <input_file_ref idref="fl-e6"/>
      </object_component>
      <object_component id="oc-7af">
         <name>.tramp.USBULPIDisable.1</name>
         <load_address>0x3270</load_address>
         <run_address>0x3270</run_address>
         <size>0x8</size>
         <input_file_ref idref="fl-e6"/>
      </object_component>
      <object_component id="oc-7ae">
         <name>.tramp.USBULPIEnable.1</name>
         <load_address>0x3278</load_address>
         <run_address>0x3278</run_address>
         <size>0x8</size>
         <input_file_ref idref="fl-e6"/>
      </object_component>
      <object_component id="oc-7ad">
         <name>.tramp.USBClockEnable.1</name>
         <load_address>0x3280</load_address>
         <run_address>0x3280</run_address>
         <size>0x8</size>
         <input_file_ref idref="fl-e6"/>
      </object_component>
      <object_component id="oc-7ac">
         <name>.tramp.SysCtlUSBPLLEnable.1</name>
         <load_address>0x3288</load_address>
         <run_address>0x3288</run_address>
         <size>0x8</size>
         <input_file_ref idref="fl-d4"/>
      </object_component>
      <object_component id="oc-7ab">
         <name>.tramp.SysCtlPeripheralReset.1</name>
         <load_address>0x3290</load_address>
         <run_address>0x3290</run_address>
         <size>0x8</size>
         <input_file_ref idref="fl-d4"/>
      </object_component>
      <object_component id="oc-7aa">
         <name>.tramp.USBControllerVersion.1</name>
         <load_address>0x3298</load_address>
         <run_address>0x3298</run_address>
         <size>0x8</size>
         <input_file_ref idref="fl-e6"/>
      </object_component>
      <object_component id="oc-7a9">
         <name>.tramp.TimerConfigure.1</name>
         <load_address>0x32a0</load_address>
         <run_address>0x32a0</run_address>
         <size>0x8</size>
         <input_file_ref idref="fl-d5"/>
      </object_component>
      <object_component id="oc-7a8">
         <name>.tramp.GPIOPinTypeGPIOOutput.1</name>
         <load_address>0x32a8</load_address>
         <run_address>0x32a8</run_address>
         <size>0x8</size>
         <input_file_ref idref="fl-d2"/>
      </object_component>
      <object_component id="oc-7a7">
         <name>.tramp.SysCtlPeripheralReady.1</name>
         <load_address>0x32b0</load_address>
         <run_address>0x32b0</run_address>
         <size>0x8</size>
         <input_file_ref idref="fl-d4"/>
      </object_component>
      <object_component id="oc-7a6">
         <name>.tramp.SysCtlPeripheralEnable.1</name>
         <load_address>0x32b8</load_address>
         <run_address>0x32b8</run_address>
         <size>0x8</size>
         <input_file_ref idref="fl-d4"/>
      </object_component>
      <object_component id="oc-2bd">
         <name>.const:.string:g_pui8ConfigString</name>
         <load_address>0x32c0</load_address>
         <run_address>0x32c0</run_address>
         <size>0x36</size>
         <input_file_ref idref="fl-4"/>
      </object_component>
      <object_component id="oc-3a6">
         <name>.const:g_psUSBDStdRequests</name>
         <load_address>0x32f8</load_address>
         <run_address>0x32f8</run_address>
         <size>0x34</size>
         <input_file_ref idref="fl-dc"/>
      </object_component>
      <object_component id="oc-3db">
         <name>.const:g_sCDCHandlers</name>
         <load_address>0x332c</load_address>
         <run_address>0x332c</run_address>
         <size>0x30</size>
         <input_file_ref idref="fl-db"/>
      </object_component>
      <object_component id="oc-2ba">
         <name>.const:.string:g_pui8ControlInterfaceString</name>
         <load_address>0x335c</load_address>
         <run_address>0x335c</run_address>
         <size>0x2c</size>
         <input_file_ref idref="fl-4"/>
      </object_component>
      <object_component id="oc-2b1">
         <name>.const:.string:g_pui8ManufacturerString</name>
         <load_address>0x3388</load_address>
         <run_address>0x3388</run_address>
         <size>0x24</size>
         <input_file_ref idref="fl-4"/>
      </object_component>
      <object_component id="oc-6ab">
         <name>.const:.string:g_pui8CDCSerCommInterface</name>
         <load_address>0x33ac</load_address>
         <run_address>0x33ac</run_address>
         <size>0x23</size>
         <input_file_ref idref="fl-db"/>
      </object_component>
      <object_component id="oc-2b4">
         <name>.const:.string:g_pui8ProdectString</name>
         <load_address>0x33cf</load_address>
         <run_address>0x33cf</run_address>
         <size>0x22</size>
         <input_file_ref idref="fl-4"/>
      </object_component>
      <object_component id="oc-166">
         <name>.const:g_pui8StringDescriptors</name>
         <load_address>0x33f4</load_address>
         <run_address>0x33f4</run_address>
         <size>0x18</size>
         <input_file_ref idref="fl-4"/>
      </object_component>
      <object_component id="oc-6b0">
         <name>.const:.string:g_pui8CDCSerDataInterface</name>
         <load_address>0x340c</load_address>
         <run_address>0x340c</run_address>
         <size>0x17</size>
         <input_file_ref idref="fl-db"/>
      </object_component>
      <object_component id="oc-6cf">
         <name>.const:.string:g_pui8CDCSerDataInterfaceHS</name>
         <load_address>0x3423</load_address>
         <run_address>0x3423</run_address>
         <size>0x17</size>
         <input_file_ref idref="fl-db"/>
      </object_component>
      <object_component id="oc-2b7">
         <name>.const:.string:g_pui8SerialNumberString</name>
         <load_address>0x343a</load_address>
         <run_address>0x343a</run_address>
         <size>0x12</size>
         <input_file_ref idref="fl-4"/>
      </object_component>
      <object_component id="oc-4d3">
         <name>.const:g_sCDCCompSerConfigHeader</name>
         <load_address>0x344c</load_address>
         <run_address>0x344c</run_address>
         <size>0x8</size>
         <input_file_ref idref="fl-db"/>
      </object_component>
      <object_component id="oc-4d8">
         <name>.const:g_sCDCCompSerConfigHeaderHS</name>
         <load_address>0x3454</load_address>
         <run_address>0x3454</run_address>
         <size>0x8</size>
         <input_file_ref idref="fl-db"/>
      </object_component>
      <object_component id="oc-660">
         <name>.const:g_sCDCSerCommInterfaceSection</name>
         <load_address>0x345c</load_address>
         <run_address>0x345c</run_address>
         <size>0x8</size>
         <input_file_ref idref="fl-db"/>
      </object_component>
      <object_component id="oc-40e">
         <name>.const:g_sCDCSerConfigHeader</name>
         <load_address>0x3464</load_address>
         <run_address>0x3464</run_address>
         <size>0x8</size>
         <input_file_ref idref="fl-db"/>
      </object_component>
      <object_component id="oc-4ce">
         <name>.const:g_sCDCSerConfigHeaderHS</name>
         <load_address>0x346c</load_address>
         <run_address>0x346c</run_address>
         <size>0x8</size>
         <input_file_ref idref="fl-db"/>
      </object_component>
      <object_component id="oc-65d">
         <name>.const:g_sCDCSerConfigSection</name>
         <load_address>0x3474</load_address>
         <run_address>0x3474</run_address>
         <size>0x8</size>
         <input_file_ref idref="fl-db"/>
      </object_component>
      <object_component id="oc-663">
         <name>.const:g_sCDCSerDataInterfaceSection</name>
         <load_address>0x347c</load_address>
         <run_address>0x347c</run_address>
         <size>0x8</size>
         <input_file_ref idref="fl-db"/>
      </object_component>
      <object_component id="oc-69c">
         <name>.const:g_sCDCSerDataInterfaceSectionHS</name>
         <load_address>0x3484</load_address>
         <run_address>0x3484</run_address>
         <size>0x8</size>
         <input_file_ref idref="fl-db"/>
      </object_component>
      <object_component id="oc-6a1">
         <name>.const:g_sIADSerConfigSection</name>
         <load_address>0x348c</load_address>
         <run_address>0x348c</run_address>
         <size>0x8</size>
         <input_file_ref idref="fl-db"/>
      </object_component>
      <object_component id="oc-2ae">
         <name>.const:.string:g_pui8LangDescriptor</name>
         <load_address>0x3494</load_address>
         <run_address>0x3494</run_address>
         <size>0x4</size>
         <input_file_ref idref="fl-4"/>
      </object_component>
      <object_component id="oc-3e1">
         <name>.const:g_pCDCCompSerConfigDescriptors</name>
         <load_address>0x3498</load_address>
         <run_address>0x3498</run_address>
         <size>0x4</size>
         <input_file_ref idref="fl-db"/>
      </object_component>
      <object_component id="oc-3e4">
         <name>.const:g_pCDCCompSerConfigDescriptorsHS</name>
         <load_address>0x349c</load_address>
         <run_address>0x349c</run_address>
         <size>0x4</size>
         <input_file_ref idref="fl-db"/>
      </object_component>
      <object_component id="oc-30f">
         <name>.const:g_ppCDCSerConfigDescriptors</name>
         <load_address>0x34a0</load_address>
         <run_address>0x34a0</run_address>
         <size>0x4</size>
         <input_file_ref idref="fl-db"/>
      </object_component>
      <object_component id="oc-3de">
         <name>.const:g_ppCDCSerConfigDescriptorsHS</name>
         <load_address>0x34a4</load_address>
         <run_address>0x34a4</run_address>
         <size>0x4</size>
         <input_file_ref idref="fl-db"/>
      </object_component>
      <object_component id="oc-7a2">
         <name>.cinit..data.load</name>
         <load_address>0x3f48</load_address>
         <run_address>0x3f48</run_address>
         <size>0xa6</size>
      </object_component>
      <object_component id="oc-7a0">
         <name>__TI_handler_table</name>
         <load_address>0x3ff0</load_address>
         <run_address>0x3ff0</run_address>
         <size>0xc</size>
      </object_component>
      <object_component id="oc-7a3">
         <name>.cinit..bss.load</name>
         <load_address>0x4000</load_address>
         <run_address>0x4000</run_address>
         <size>0x8</size>
      </object_component>
      <object_component id="oc-7a1">
         <name>__TI_cinit_table</name>
         <load_address>0x4008</load_address>
         <run_address>0x4008</run_address>
         <size>0x10</size>
      </object_component>
      <object_component id="oc-9b">
         <name>.data</name>
         <load_address>0x200008b4</load_address>
         <run_address>0x200008b4</run_address>
         <size>0x19</size>
         <input_file_ref idref="fl-3"/>
      </object_component>
      <object_component id="oc-ba">
         <name>.data:g_sCDCDevice</name>
         <load_address>0x200007e4</load_address>
         <run_address>0x200007e4</run_address>
         <size>0x60</size>
         <input_file_ref idref="fl-4"/>
      </object_component>
      <object_component id="oc-b7">
         <name>.data:g_sRxBuffer</name>
         <load_address>0x20000844</load_address>
         <run_address>0x20000844</run_address>
         <size>0x38</size>
         <input_file_ref idref="fl-4"/>
      </object_component>
      <object_component id="oc-133">
         <name>.data:g_sTxBuffer</name>
         <load_address>0x2000087c</load_address>
         <run_address>0x2000087c</run_address>
         <size>0x38</size>
         <input_file_ref idref="fl-4"/>
      </object_component>
      <object_component id="oc-2f7">
         <name>.data</name>
         <load_address>0x20000930</load_address>
         <run_address>0x20000930</run_address>
         <size>0x9</size>
         <input_file_ref idref="fl-d8"/>
      </object_component>
      <object_component id="oc-1ac">
         <name>.data</name>
         <load_address>0x20000918</load_address>
         <run_address>0x20000918</run_address>
         <size>0xc</size>
         <input_file_ref idref="fl-da"/>
      </object_component>
      <object_component id="oc-312">
         <name>.data:g_pui8CDCSerDeviceDescriptor</name>
         <load_address>0x200008cd</load_address>
         <run_address>0x200008cd</run_address>
         <size>0x12</size>
         <input_file_ref idref="fl-db"/>
      </object_component>
      <object_component id="oc-30c">
         <name>.data:g_pui8CDCSerDescriptor</name>
         <load_address>0x20000924</load_address>
         <run_address>0x20000924</run_address>
         <size>0x9</size>
         <input_file_ref idref="fl-db"/>
      </object_component>
      <object_component id="oc-6d4">
         <name>.data:g_pui8IADSerDescriptor</name>
         <load_address>0x20000939</load_address>
         <run_address>0x20000939</run_address>
         <size>0x8</size>
         <input_file_ref idref="fl-db"/>
      </object_component>
      <object_component id="oc-599">
         <name>.data:g_psCDCSerSections</name>
         <load_address>0x20000900</load_address>
         <run_address>0x20000900</run_address>
         <size>0xc</size>
         <input_file_ref idref="fl-db"/>
      </object_component>
      <object_component id="oc-614">
         <name>.data:g_psCDCSerSectionsHS</name>
         <load_address>0x2000090c</load_address>
         <run_address>0x2000090c</run_address>
         <size>0xc</size>
         <input_file_ref idref="fl-db"/>
      </object_component>
      <object_component id="oc-619">
         <name>.data:g_psCDCCompSerSections</name>
         <load_address>0x200008e0</load_address>
         <run_address>0x200008e0</run_address>
         <size>0x10</size>
         <input_file_ref idref="fl-db"/>
      </object_component>
      <object_component id="oc-61e">
         <name>.data:g_psCDCCompSerSectionsHS</name>
         <load_address>0x200008f0</load_address>
         <run_address>0x200008f0</run_address>
[...]
         <value>0x2da9</value>
         <object_component_ref idref="oc-381"/>
      </symbol>
      <symbol id="sm-538">
         <name>g_pfnTickHandlers</name>
         <value>0x200007a0</value>
      </symbol>
      <symbol id="sm-539">
         <name>g_pvTickInstance</name>
         <value>0x200007b8</value>
      </symbol>
      <symbol id="sm-53a">
         <name>g_ui32USBSOFCount</name>
         <value>0x20000920</value>
         <object_component_ref idref="oc-1ac"/>
      </symbol>
      <symbol id="sm-53b">
         <name>g_bUSBTimerInitialized</name>
         <value>0x20000918</value>
         <object_component_ref idref="oc-1ac"/>
      </symbol>
      <symbol id="sm-53c">
         <name>g_ui32CurrentUSBTick</name>
         <value>0x2000091c</value>
         <object_component_ref idref="oc-1ac"/>
      </symbol>
      <symbol id="sm-53d">
         <name>InternalUSBStartOfFrameTick</name>
         <value>0x2615</value>
         <object_component_ref idref="oc-198"/>
      </symbol>
      <symbol id="sm-53e">
         <name>InternalUSBRegisterTickHandler</name>
         <value>0x25dd</value>
         <object_component_ref idref="oc-3d5"/>
      </symbol>
      <symbol id="sm-53f">
         <name>InternalUSBTickInit</name>
         <value>0x2979</value>
         <object_component_ref idref="oc-3cf"/>
      </symbol>
      <symbol id="sm-71b">
         <name>g_psCDCCompSerSections</name>
         <value>0x200008e0</value>
         <object_component_ref idref="oc-619"/>
      </symbol>
      <symbol id="sm-71c">
         <name>g_pui8CDCSerDataInterfaceHS</name>
         <value>0x3423</value>
         <object_component_ref idref="oc-6cf"/>
      </symbol>
      <symbol id="sm-71d">
         <name>g_sCDCCompSerConfigHeader</name>
         <value>0x344c</value>
         <object_component_ref idref="oc-4d3"/>
      </symbol>
      <symbol id="sm-71e">
         <name>g_sCDCSerCommInterfaceSection</name>
         <value>0x345c</value>
         <object_component_ref idref="oc-660"/>
      </symbol>
      <symbol id="sm-71f">
         <name>g_pCDCCompSerConfigDescriptorsHS</name>
         <value>0x349c</value>
         <object_component_ref idref="oc-3e4"/>
      </symbol>
      <symbol id="sm-720">
         <name>USBDCDCSerialStateChange</name>
         <value>0x2b6b</value>
         <object_component_ref idref="oc-137"/>
      </symbol>
      <symbol id="sm-721">
         <name>g_sIADSerConfigSection</name>
         <value>0x348c</value>
         <object_component_ref idref="oc-6a1"/>
      </symbol>
      <symbol id="sm-722">
         <name>g_ppCDCSerConfigDescriptors</name>
         <value>0x34a0</value>
         <object_component_ref idref="oc-30f"/>
      </symbol>
      <symbol id="sm-723">
         <name>g_pCDCCompSerConfigDescriptors</name>
         <value>0x3498</value>
         <object_component_ref idref="oc-3e1"/>
      </symbol>
      <symbol id="sm-724">
         <name>g_sCDCSerDataInterfaceSectionHS</name>
         <value>0x3484</value>
         <object_component_ref idref="oc-69c"/>
      </symbol>
      <symbol id="sm-725">
         <name>USBDCDCCompositeInit</name>
         <value>0xe85</value>
         <object_component_ref idref="oc-300"/>
      </symbol>
      <symbol id="sm-726">
         <name>USBDCDCTxPacketAvailable</name>
         <value>0x2f9d</value>
         <object_component_ref idref="oc-254"/>
      </symbol>
      <symbol id="sm-727">
         <name>g_pui8CDCSerDataInterface</name>
         <value>0x340c</value>
         <object_component_ref idref="oc-6b0"/>
      </symbol>
      <symbol id="sm-728">
         <name>g_pui8IADSerDescriptor</name>
         <value>0x20000939</value>
         <object_component_ref idref="oc-6d4"/>
      </symbol>
      <symbol id="sm-729">
         <name>g_sCDCSerDataInterfaceSection</name>
         <value>0x347c</value>
         <object_component_ref idref="oc-663"/>
      </symbol>
      <symbol id="sm-72a">
         <name>USBDCDCInit</name>
         <value>0x2181</value>
         <object_component_ref idref="oc-1d3"/>
      </symbol>
      <symbol id="sm-72b">
         <name>ProcessNotificationToHost</name>
         <value>0x2915</value>
         <object_component_ref idref="oc-600"/>
      </symbol>
      <symbol id="sm-72c">
         <name>g_sCDCSerConfigSection</name>
         <value>0x3474</value>
         <object_component_ref idref="oc-65d"/>
      </symbol>
      <symbol id="sm-72d">
         <name>g_sCDCCompSerConfigHeaderHS</name>
         <value>0x3454</value>
         <object_component_ref idref="oc-4d8"/>
      </symbol>
      <symbol id="sm-72e">
         <name>g_sCDCHandlers</name>
         <value>0x332c</value>
         <object_component_ref idref="oc-3db"/>
      </symbol>
      <symbol id="sm-72f">
         <name>g_psCDCSerSections</name>
         <value>0x20000900</value>
         <object_component_ref idref="oc-599"/>
      </symbol>
      <symbol id="sm-730">
         <name>ProcessDataFromHost</name>
         <value>0x1b25</value>
         <object_component_ref idref="oc-606"/>
      </symbol>
      <symbol id="sm-731">
         <name>USBDCDCRxPacketAvailable</name>
         <value>0x2a37</value>
         <object_component_ref idref="oc-14a"/>
      </symbol>
      <symbol id="sm-732">
         <name>g_sCDCSerConfigHeaderHS</name>
         <value>0x346c</value>
         <object_component_ref idref="oc-4ce"/>
      </symbol>
      <symbol id="sm-733">
         <name>g_pui8CDCSerDescriptor</name>
         <value>0x20000924</value>
         <object_component_ref idref="oc-30c"/>
      </symbol>
      <symbol id="sm-734">
         <name>g_ppCDCSerConfigDescriptorsHS</name>
         <value>0x34a4</value>
         <object_component_ref idref="oc-3de"/>
      </symbol>
      <symbol id="sm-735">
         <name>ProcessDataToHost</name>
         <value>0x1dc9</value>
         <object_component_ref idref="oc-60c"/>
      </symbol>
      <symbol id="sm-736">
         <name>USBDCDCPacketRead</name>
         <value>0x16fd</value>
         <object_component_ref idref="oc-144"/>
      </symbol>
      <symbol id="sm-737">
         <name>g_psCDCCompSerSectionsHS</name>
         <value>0x200008f0</value>
         <object_component_ref idref="oc-61e"/>
      </symbol>
      <symbol id="sm-738">
         <name>g_sCDCSerConfigHeader</name>
         <value>0x3464</value>
         <object_component_ref idref="oc-40e"/>
      </symbol>
      <symbol id="sm-739">
         <name>g_psCDCSerSectionsHS</name>
         <value>0x2000090c</value>
         <object_component_ref idref="oc-614"/>
      </symbol>
      <symbol id="sm-73a">
         <name>g_pui8CDCSerDeviceDescriptor</name>
         <value>0x200008cd</value>
         <object_component_ref idref="oc-312"/>
      </symbol>
      <symbol id="sm-73b">
         <name>g_pui8CDCSerCommInterface</name>
         <value>0x33ac</value>
         <object_component_ref idref="oc-6ab"/>
      </symbol>
      <symbol id="sm-73c">
         <name>USBDCDCPacketWrite</name>
         <value>0x1fc9</value>
         <object_component_ref idref="oc-24e"/>
      </symbol>
      <symbol id="sm-8e2">
         <name>g_psDCDInst</name>
         <value>0x20000710</value>
      </symbol>
      <symbol id="sm-8e3">
         <name>g_ppsDevInfo</name>
         <value>0x200007dc</value>
      </symbol>
      <symbol id="sm-8e4">
         <name>USBDCDSendDataEP0</name>
         <value>0x2fc5</value>
         <object_component_ref idref="oc-5e8"/>
      </symbol>
      <symbol id="sm-8e5">
         <name>USBDCDStallEP0</name>
         <value>0x2de5</value>
         <object_component_ref idref="oc-39d"/>
      </symbol>
      <symbol id="sm-8e6">
         <name>USBDCDRequestDataEP0</name>
         <value>0x2fb1</value>
         <object_component_ref idref="oc-5ee"/>
      </symbol>
      <symbol id="sm-8e7">
         <name>USBDeviceEnumHandler</name>
         <value>0xf61</value>
         <object_component_ref idref="oc-1a1"/>
      </symbol>
      <symbol id="sm-8e8">
         <name>USBDCDInit</name>
         <value>0x699</value>
         <object_component_ref idref="oc-306"/>
      </symbol>
      <symbol id="sm-8e9">
         <name>USBDeviceEnumResetHandler</name>
         <value>0x24c5</value>
         <object_component_ref idref="oc-18c"/>
      </symbol>
      <symbol id="sm-8ea">
         <name>USBDCDFeatureGet</name>
         <value>0x2ed1</value>
         <object_component_ref idref="oc-3c3"/>
      </symbol>
      <symbol id="sm-8eb">
         <name>USBDCDDeviceInfoInit</name>
         <value>0x247d</value>
         <object_component_ref idref="oc-3c9"/>
      </symbol>
      <symbol id="sm-8ec">
         <name>USBDeviceIntHandlerInternal</name>
         <value>0x939</value>
         <object_component_ref idref="oc-d0"/>
      </symbol>
      <symbol id="sm-8ed">
         <name>USBDeviceResumeTickHandler</name>
         <value>0x2221</value>
         <object_component_ref idref="oc-192"/>
      </symbol>
      <symbol id="sm-8f9">
         <name>USB0DeviceIntHandler</name>
         <value>0x2ea1</value>
         <object_component_ref idref="oc-51"/>
      </symbol>
      <symbol id="sm-918">
         <name>USBDescGet</name>
         <value>0x2abf</value>
         <object_component_ref idref="oc-6b5"/>
      </symbol>
      <symbol id="sm-919">
         <name>USBDescGetNum</name>
         <value>0x2b95</value>
         <object_component_ref idref="oc-685"/>
      </symbol>
      <symbol id="sm-a59">
         <name>USBLibDMAInit</name>
         <value>0x535</value>
         <object_component_ref idref="oc-3fe"/>
      </symbol>
      <symbol id="sm-a66">
         <name>ULPIConfigSet</name>
         <value>0x20dd</value>
         <object_component_ref idref="oc-3f2"/>
      </symbol>
      <symbol id="sm-ab6">
         <name>USBDCDConfigDescGet</name>
         <value>0x21d1</value>
         <object_component_ref idref="oc-669"/>
      </symbol>
      <symbol id="sm-ab7">
         <name>USBDCDConfigGetInterface</name>
         <value>0x2dc7</value>
         <object_component_ref idref="oc-5cc"/>
      </symbol>
      <symbol id="sm-ab8">
         <name>USBDCDConfigDescGetSize</name>
         <value>0x2e6f</value>
         <object_component_ref idref="oc-3aa"/>
      </symbol>
      <symbol id="sm-ab9">
         <name>USBDCDConfigGetInterfaceEndpoint</name>
         <value>0x26bd</value>
         <object_component_ref idref="oc-66f"/>
      </symbol>
      <symbol id="sm-aba">
         <name>USBDCDConfigDescGetNum</name>
         <value>0x2a93</value>
         <object_component_ref idref="oc-5c6"/>
      </symbol>
      <symbol id="sm-b07">
         <name>USBDeviceConfigAlternate</name>
         <value>0x18a9</value>
         <object_component_ref idref="oc-5d2"/>
      </symbol>
      <symbol id="sm-b08">
         <name>USBDeviceConfig</name>
         <value>0xa89</value>
         <object_component_ref idref="oc-5be"/>
      </symbol>
      <symbol id="sm-b1d">
         <name>uDMAChannelEnable</name>
         <value>0x3d65</value>
         <object_component_ref idref="oc-636"/>
      </symbol>
      <symbol id="sm-b1e">
         <name>uDMAChannelDisable</name>
         <value>0x3d51</value>
         <object_component_ref idref="oc-631"/>
      </symbol>
      <symbol id="sm-b1f">
         <name>uDMAChannelAttributeDisable</name>
         <value>0x38b9</value>
         <object_component_ref idref="oc-62e"/>
      </symbol>
      <symbol id="sm-b20">
         <name>uDMAChannelControlSet</name>
         <value>0x3c79</value>
         <object_component_ref idref="oc-62b"/>
      </symbol>
      <symbol id="sm-b21">
         <name>uDMAChannelTransferSet</name>
         <value>0x35d9</value>
         <object_component_ref idref="oc-642"/>
      </symbol>
      <symbol id="sm-b22">
         <name>uDMAChannelModeGet</name>
         <value>0x3bf1</value>
         <object_component_ref idref="oc-63d"/>
      </symbol>
      <symbol id="sm-b90">
         <name>USBHostResume</name>
         <value>0x3daf</value>
         <object_component_ref idref="oc-2c8"/>
      </symbol>
      <symbol id="sm-b91">
         <name>USBIntEnableControl</name>
         <value>0x3b55</value>
         <object_component_ref idref="oc-404"/>
      </symbol>
      <symbol id="sm-b92">
         <name>USBIntStatusControl</name>
         <value>0x3a59</value>
         <object_component_ref idref="oc-cf"/>
      </symbol>
      <symbol id="sm-b93">
         <name>USBIntEnableEndpoint</name>
         <value>0x3d0f</value>
         <object_component_ref idref="oc-405"/>
      </symbol>
      <symbol id="sm-b94">
         <name>USBIntStatusEndpoint</name>
         <value>0x3eb5</value>
         <object_component_ref idref="oc-1a0"/>
      </symbol>
      <symbol id="sm-b95">
         <name>USBEndpointStatus</name>
         <value>0x3d9d</value>
         <object_component_ref idref="oc-272"/>
      </symbol>
      <symbol id="sm-b96">
         <name>USBDevEndpointStatusClear</name>
         <value>0x3861</value>
         <object_component_ref idref="oc-275"/>
      </symbol>
      <symbol id="sm-b97">
         <name>USBDevEndpointStall</name>
         <value>0x3af5</value>
         <object_component_ref idref="oc-449"/>
      </symbol>
      <symbol id="sm-b98">
         <name>USBDevEndpointStallClear</name>
         <value>0x399f</value>
         <object_component_ref idref="oc-5b1"/>
      </symbol>
      <symbol id="sm-b99">
         <name>USBDevConnect</name>
         <value>0x3ee9</value>
         <object_component_ref idref="oc-406"/>
      </symbol>
      <symbol id="sm-b9a">
         <name>USBDevDisconnect</name>
         <value>0x3ef3</value>
         <object_component_ref idref="oc-1a7"/>
      </symbol>
      <symbol id="sm-b9b">
         <name>USBDevAddrSet</name>
         <value>0x3f33</value>
         <object_component_ref idref="oc-2cf"/>
      </symbol>
      <symbol id="sm-b9c">
         <name>USBDevEndpointConfigSet</name>
         <value>0x3661</value>
         <object_component_ref idref="oc-67b"/>
      </symbol>
      <symbol id="sm-b9d">
         <name>USBFIFOConfigSet</name>
         <value>0x39df</value>
         <object_component_ref idref="oc-682"/>
      </symbol>
      <symbol id="sm-b9e">
         <name>USBEndpointDMAConfigSet</name>
         <value>0x3909</value>
         <object_component_ref idref="oc-644"/>
      </symbol>
      <symbol id="sm-b9f">
         <name>USBEndpointDMAEnable</name>
         <value>0x3cd5</value>
         <object_component_ref idref="oc-635"/>
      </symbol>
      <symbol id="sm-ba0">
         <name>USBEndpointDMADisable</name>
         <value>0x3cb7</value>
         <object_component_ref idref="oc-62f"/>
      </symbol>
      <symbol id="sm-ba1">
         <name>USBEndpointDataAvail</name>
         <value>0x3c37</value>
         <object_component_ref idref="oc-273"/>
      </symbol>
      <symbol id="sm-ba2">
         <name>USBEndpointDataGet</name>
         <value>0x3957</value>
         <object_component_ref idref="oc-274"/>
      </symbol>
      <symbol id="sm-ba3">
         <name>USBDevEndpointDataAck</name>
         <value>0x3c99</value>
         <object_component_ref idref="oc-276"/>
      </symbol>
      <symbol id="sm-ba4">
         <name>USBEndpointDataPut</name>
         <value>0x3a91</value>
         <object_component_ref idref="oc-363"/>
      </symbol>
      <symbol id="sm-ba5">
         <name>USBEndpointDataSend</name>
         <value>0x3ac3</value>
         <object_component_ref idref="oc-364"/>
      </symbol>
      <symbol id="sm-ba6">
         <name>USBFIFOAddrGet</name>
         <value>0x3f1d</value>
         <object_component_ref idref="oc-641"/>
      </symbol>
      <symbol id="sm-ba7">
         <name>USBEndpointDMAChannel</name>
         <value>0x3c59</value>
         <object_component_ref idref="oc-62d"/>
      </symbol>
      <symbol id="sm-ba8">
         <name>USBDevMode</name>
         <value>0x3f15</value>
         <object_component_ref idref="oc-3fa"/>
      </symbol>
      <symbol id="sm-ba9">
         <name>USBOTGMode</name>
         <value>0x3f25</value>
         <object_component_ref idref="oc-3f9"/>
      </symbol>
      <symbol id="sm-baa">
         <name>USBEndpointPacketCountSet</name>
         <value>0x3d8b</value>
         <object_component_ref idref="oc-643"/>
      </symbol>
      <symbol id="sm-bab">
         <name>USBControllerVersion</name>
         <value>0x3ecb</value>
         <object_component_ref idref="oc-4fa"/>
      </symbol>
      <symbol id="sm-bac">
         <name>USBClockEnable</name>
         <value>0x3ec1</value>
         <object_component_ref idref="oc-3f0"/>
      </symbol>
      <symbol id="sm-bad">
         <name>USBDMAChannelIntEnable</name>
         <value>0x3e21</value>
         <object_component_ref idref="oc-64e"/>
      </symbol>
      <symbol id="sm-bae">
         <name>USBDMAChannelIntDisable</name>
         <value>0x3e11</value>
         <object_component_ref idref="oc-650"/>
      </symbol>
      <symbol id="sm-baf">
         <name>USBDMAChannelIntStatus</name>
         <value>0x3f2d</value>
         <object_component_ref idref="oc-64c"/>
      </symbol>
      <symbol id="sm-bb0">
         <name>USBDMAChannelEnable</name>
         <value>0x3e01</value>
         <object_component_ref idref="oc-655"/>
      </symbol>
      <symbol id="sm-bb1">
         <name>USBDMAChannelDisable</name>
         <value>0x3df1</value>
         <object_component_ref idref="oc-648"/>
      </symbol>
      <symbol id="sm-bb2">
         <name>USBDMAChannelConfigSet</name>
         <value>0x3d79</value>
         <object_component_ref idref="oc-654"/>
      </symbol>
      <symbol id="sm-bb3">
         <name>USBDMAChannelStatus</name>
         <value>0x3e61</value>
         <object_component_ref idref="oc-64a"/>
      </symbol>
      <symbol id="sm-bb4">
         <name>USBDMAChannelAddressSet</name>
         <value>0x3ed5</value>
         <object_component_ref idref="oc-652"/>
      </symbol>
      <symbol id="sm-bb5">
         <name>USBDMAChannelCountSet</name>
         <value>0x3edf</value>
         <object_component_ref idref="oc-653"/>
      </symbol>
      <symbol id="sm-bb6">
         <name>USBULPIEnable</name>
         <value>0x3ea7</value>
         <object_component_ref idref="oc-3f1"/>
      </symbol>
      <symbol id="sm-bb7">
         <name>USBULPIDisable</name>
         <value>0x3e99</value>
         <object_component_ref idref="oc-3f8"/>
      </symbol>
      <symbol id="sm-bb8">
         <name>USBULPIRegRead</name>
         <value>0x3ba3</value>
         <object_component_ref idref="oc-4f6"/>
      </symbol>
      <symbol id="sm-bb9">
         <name>USBULPIRegWrite</name>
         <value>0x3bc9</value>
         <object_component_ref idref="oc-4f7"/>
      </symbol>
      <symbol id="sm-bba">
         <name>USBDevLPMConfig</name>
         <value>0x3f0d</value>
         <object_component_ref idref="oc-3fc"/>
      </symbol>
      <symbol id="sm-bbb">
         <name>USBDevLPMEnable</name>
         <value>0x3e7d</value>
         <object_component_ref idref="oc-19f"/>
      </symbol>
      <symbol id="sm-bbc">
         <name>USBDevLPMDisable</name>
         <value>0x3e6f</value>
         <object_component_ref idref="oc-3fb"/>
      </symbol>
      <symbol id="sm-bbd">
         <name>USBLPMIntStatus</name>
         <value>0x3f39</value>
         <object_component_ref idref="oc-19e"/>
      </symbol>
      <symbol id="sm-bbe">
         <name>USBLPMIntEnable</name>
         <value>0x3e8b</value>
         <object_component_ref idref="oc-3fd"/>
      </symbol>
      <symbol id="sm-c1d">
         <name>__TI_static_base__</name>
         <value>0x0</value>
      </symbol>
      <symbol id="sm-c22">
         <name>__mpu_init</name>
         <value>0x0</value>
      </symbol>
      <symbol id="sm-c23">
         <name>_system_post_cinit</name>
         <value>0x0</value>
      </symbol>
   </symbol_table>
   <title>Link successful</title>
</link_info>
